commit 7aa1227 | 8T_standard | pool 481 | rounds 14
    B0 seat  1 r01 mixed RB  Jahmyr Gibbs            342.8 fs=156.18 wc=237.89  (0.6s)
    B0 seat  1 r02 mixed WR  Ja'Marr Chase           254.6 fs=85.01 wc=103.91  (0.6s)
    B0 seat  1 r03 mixed TE  Brock Bowers            195.8 fs=80.5 wc=96.81  (0.6s)
    B0 seat  1 r04 mixed TE  Trey McBride            185.4 fs=66.53 wc=86.35  (0.6s)
    B0 seat  1 r05 mixed TE  Colston Loveland        178.9 fs=61.53 wc=91.17  (0.6s)
    B0 seat  1 r06 mixed WR  DeVonta Smith           190.7 fs=19.15 wc=39.95  (0.6s)
    B0 seat  1 r07 mixed WR  Jameson Williams        189.5 fs=9.46 wc=38.74  (0.6s)
    B0 seat  1 r08 mixed RB  TreVeyon Henderson      178.5 fs=20.26 wc=89.67  (0.5s)
    B0 seat  1 r09 mixed QB  Jayden Daniels          338.2 fs=4.0 wc=3.68  (0.6s)
    B0 seat  1 r10 BENCH RB  Rhamondre Stevenson     171.8 fs=-3.27 wc=39.12  (0.7s)
    B0 seat  1 r11 BENCH WR  Luther Burden           173.6 fs=-7.09 wc=19.09  (0.7s)
    B0 seat  1 r12 BENCH WR  Ladd McConkey           166.5 fs=-12.91 wc=11.97  (0.6s)
    B0 seat  1 r13 BENCH WR  Davante Adams           164.5 fs=-16.35 wc=10.69  (0.7s)
    B0 seat  1 r14 BENCH WR  Michael Wilson          146.3 fs=-34.42 wc=-0.24  (0.6s)
  == SELF   seat  1: {'RB': 3, 'WR': 7, 'TE': 3, 'QB': 1} bench {'QB': 1, 'RB': 1, 'WR': 4} order False/None lineup 1875.48 vs ctrl 1835.68 forced 0 unfillable [] cdme 327.59 vs 56.03 start 418.23 (8.7s)
    B0 seat  1 r01 mixed RB  Jahmyr Gibbs            342.8 fs=156.18 wc=237.89  (0.7s)
    B0 seat  1 r02 mixed WR  Ja'Marr Chase           254.6 fs=85.01 wc=103.91  (0.6s)
    B0 seat  1 r03 mixed TE  Brock Bowers            195.8 fs=80.5 wc=96.81  (0.7s)
    B0 seat  1 r04 mixed WR  Drake London            216.8 fs=42.59 wc=66.04  (0.6s)
    B0 seat  1 r05 mixed WR  Justin Jefferson        216.0 fs=22.77 wc=62.25  (0.6s)
    B0 seat  1 r06 mixed WR  Jameson Williams        189.5 fs=9.04 wc=38.75  (0.6s)
    B0 seat  1 r07 mixed RB  Bucky Irving            183.3 fs=6.71 wc=107.21  (0.6s)
    B0 seat  1 r08 mixed QB  Jayden Daniels          338.2 fs=4.0 wc=3.68  (0.6s)
    B0 seat  1 r09 BENCH QB  Drake Maye              335.5 fs=-2.68 wc=1.0  (0.7s)
    B0 seat  1 r10 BENCH RB  Rhamondre Stevenson     171.8 fs=-8.04 wc=39.12  (0.7s)
    B0 seat  1 r11 BENCH WR  Jayden Reed             172.5 fs=-16.64 wc=18.74  (0.6s)
    B0 seat  1 r12 BENCH WR  Malik Nabers            162.3 fs=-22.51 wc=11.54  (0.7s)
    B0 seat  1 r13 BENCH RB  Jadarian Price          153.0 fs=-32.17 wc=5.03  (0.6s)
    B0 seat  1 r14 BENCH WR  Carnell Tate            143.2 fs=-45.41 wc=0.0  (0.7s)
  == SHARED seat  1: {'RB': 4, 'WR': 7, 'TE': 1, 'QB': 2} bench {'QB': 1, 'RB': 2, 'WR': 3} order True/None lineup 1937.03 vs ctrl 1842.87 forced 0 unfillable [] cdme 237.13 vs 36.49 start 372.93 (9.0s)
-> evidence/roster_shape/shared_slot/wave2_new/8T_standard.json
commit 7aa1227 | 8T_ppr_SF | pool 481 | rounds 15
    B0 seat  1 r01 mixed RB  Jahmyr Gibbs            411.9 fs=186.79 wc=270.39  (0.6s)
    B0 seat  1 r02 mixed QB  Jayden Daniels          338.2 fs=135.51 wc=282.16  (0.6s)
    B0 seat  1 r03 mixed TE  Brock Bowers            310.2 fs=129.82 wc=147.53  (0.6s)
    B0 seat  1 r04 mixed QB  Bo Nix                  316.0 fs=109.15 wc=50.96  (0.7s)
    B0 seat  1 r05 mixed TE  Colston Loveland        265.2 fs=80.7 wc=123.93  (0.6s)
    B0 seat  1 r06 mixed TE  Tyler Warren            245.1 fs=58.94 wc=96.63  (0.6s)
    B0 seat  1 r07 mixed RB  Derrick Henry           274.1 fs=37.35 wc=126.33  (0.6s)
    B0 seat  1 r08 mixed WR  Garrett Wilson          244.7 fs=9.59 wc=31.09  (0.7s)
    B0 seat  1 r09 mixed WR  Ladd McConkey           244.3 fs=5.21 wc=30.62  (0.6s)
    B0 seat  1 r10 BENCH RB  Quinshon Judkins        233.2 fs=-14.46 wc=69.37  (0.8s)
    B0 seat  1 r11 BENCH RB  Travis Etienne          231.9 fs=-12.73 wc=68.09  (0.7s)
    B0 seat  1 r12 BENCH RB  TreVeyon Henderson      214.6 fs=-24.46 wc=43.56  (0.7s)
    B0 seat  1 r13 BENCH WR  DK Metcalf              217.1 fs=-28.08 wc=3.4  (0.6s)
    B0 seat  1 r14 BENCH WR  Brian Thomas            201.6 fs=-45.75 wc=1.0  (0.7s)
    B0 seat  1 r15 BENCH WR  Michael Pittman         200.6 fs=-46.94 wc=0.0  (0.7s)
  == SELF   seat  1: {'RB': 5, 'QB': 2, 'TE': 3, 'WR': 5} bench {'RB': 3, 'WR': 3} order True/None lineup 2649.6 vs ctrl 2716.6 forced 0 unfillable [] cdme 541.49 vs 683.61 start 703.49 (9.8s)
    B0 seat  1 r01 mixed RB  Jahmyr Gibbs            411.9 fs=186.79 wc=270.39  (0.7s)
    B0 seat  1 r02 mixed QB  Jayden Daniels          338.2 fs=135.51 wc=282.16  (0.6s)
    B0 seat  1 r03 mixed TE  Brock Bowers            310.2 fs=129.82 wc=147.53  (0.6s)
    B0 seat  1 r04 mixed QB  Bo Nix                  316.0 fs=68.42 wc=50.96  (0.6s)
    B0 seat  1 r05 mixed RB  Jeremiyah Love          288.5 fs=60.4 wc=146.97  (0.7s)
    B0 seat  1 r06 mixed WR  Tetairoa McMillan       264.3 fs=27.5 wc=49.28  (0.6s)
    B0 seat  1 r07 mixed TE  Colston Loveland        265.2 fs=20.3 wc=113.79  (0.7s)
    B0 seat  1 r08 mixed WR  Garrett Wilson          244.7 fs=5.59 wc=31.09  (0.6s)
    B0 seat  1 r09 mixed WR  Ladd McConkey           244.3 fs=1.21 wc=30.62  (0.6s)
    B0 seat  1 r10 BENCH RB  Quinshon Judkins        233.2 fs=-17.62 wc=69.37  (0.8s)
    B0 seat  1 r11 BENCH WR  Davante Adams           230.5 fs=-17.39 wc=16.44  (0.7s)
    B0 seat  1 r12 BENCH RB  TreVeyon Henderson      214.6 fs=-29.3 wc=43.56  (0.7s)
    B0 seat  1 r13 BENCH WR  DK Metcalf              217.1 fs=-31.44 wc=3.4  (0.7s)
    B0 seat  1 r14 BENCH WR  Brian Thomas            201.6 fs=-46.23 wc=1.0  (0.8s)
    B0 seat  1 r15 BENCH WR  Michael Pittman         200.6 fs=-47.18 wc=0.99  (0.7s)
  == SHARED seat  1: {'RB': 4, 'QB': 2, 'TE': 2, 'WR': 7} bench {'RB': 2, 'WR': 4} order True/None lineup 2683.25 vs ctrl 2714.77 forced 0 unfillable [] cdme 508.57 vs 735.77 start 685.06 (10.1s)
-> evidence/roster_shape/shared_slot/wave2_new/8T_ppr_SF.json
commit 7aa1227 | 10T_half_ppr | pool 481 | rounds 14
    B0 seat  1 r01 mixed RB  Jahmyr Gibbs            377.4 fs=196.92 wc=317.81  (0.7s)
    B0 seat  1 r02 mixed TE  Brock Bowers            253.0 fs=110.97 wc=177.14  (0.6s)
    B0 seat  1 r03 mixed TE  Trey McBride            243.1 fs=97.51 wc=167.25  (0.6s)
    B0 seat  1 r04 mixed TE  Colston Loveland        222.1 fs=74.16 wc=144.83  (0.6s)
    B0 seat  1 r05 mixed RB  Javonte Williams        239.4 fs=56.97 wc=173.31  (0.7s)
    B0 seat  1 r06 mixed WR  Ladd McConkey           205.4 fs=28.38 wc=39.54  (0.6s)
    B0 seat  1 r07 mixed WR  Malik Nabers            202.5 fs=23.38 wc=35.42  (0.7s)
    B0 seat  1 r08 mixed QB  Jared Goff              334.5 fs=3.56 wc=17.12  (0.6s)
    B0 seat  1 r09 BENCH QB  Patrick Mahomes         328.6 fs=-5.83 wc=12.62  (0.8s)
    B0 seat  1 r10 BENCH WR  Emeka Egbuka            184.6 fs=-7.7 wc=11.66  (0.7s)
    B0 seat  1 r11 BENCH WR  DJ Moore                182.8 fs=-16.04 wc=9.85  (0.7s)
    B0 seat  1 r12 BENCH WR  Courtland Sutton        169.2 fs=-29.49 wc=3.34  (0.6s)
    B0 seat  1 r13 BENCH WR  Xavier Worthy           167.1 fs=-32.21 wc=4.89  (0.7s)
    B0 seat  1 r14 BENCH WR  Rashid Shaheed          145.8 fs=-54.06 wc=0.0  (0.6s)
  == SELF   seat  1: {'RB': 2, 'TE': 3, 'WR': 7, 'QB': 2} bench {'QB': 1, 'WR': 5} order False/None lineup 2077.34 vs ctrl 2023.11 forced 0 unfillable [] cdme 377.2 vs 70.09 start 530.5 (9.2s)
    B0 seat  1 r01 mixed RB  Jahmyr Gibbs            377.4 fs=196.92 wc=317.81  (0.7s)
    B0 seat  1 r02 mixed TE  Brock Bowers            253.0 fs=110.97 wc=177.14  (0.6s)
    B0 seat  1 r03 mixed RB  Chase Brown             280.4 fs=91.46 wc=216.41  (0.7s)
    B0 seat  1 r04 mixed WR  Zay Flowers             241.3 fs=51.44 wc=70.05  (0.6s)
    B0 seat  1 r05 mixed RB  Javonte Williams        239.4 fs=42.57 wc=175.17  (0.6s)
    B0 seat  1 r06 mixed WR  Garrett Wilson          205.8 fs=22.3 wc=38.71  (0.6s)
    B0 seat  1 r07 mixed WR  Ladd McConkey           205.4 fs=17.94 wc=38.26  (0.6s)
    B0 seat  1 r08 mixed QB  Jared Goff              334.5 fs=3.56 wc=17.12  (0.6s)
    B0 seat  1 r09 BENCH QB  Patrick Mahomes         328.6 fs=-5.83 wc=12.62  (0.7s)
    B0 seat  1 r10 BENCH WR  Emeka Egbuka            184.6 fs=-15.1 wc=12.78  (0.6s)
    B0 seat  1 r11 BENCH WR  DJ Moore                182.8 fs=-17.62 wc=11.52  (0.7s)
    B0 seat  1 r12 BENCH WR  Courtland Sutton        169.2 fs=-33.71 wc=6.95  (0.6s)
    B0 seat  1 r13 BENCH RB  Jadarian Price          162.0 fs=-35.02 wc=17.25  (0.7s)
    B0 seat  1 r14 BENCH TE  Dalton Kincaid          143.9 fs=-56.88 wc=0.71  (0.6s)
  == SHARED seat  1: {'RB': 4, 'TE': 2, 'WR': 6, 'QB': 2} bench {'QB': 1, 'WR': 3, 'RB': 1, 'TE': 1} order True/None lineup 2137.16 vs ctrl 2020.45 forced 0 unfillable [] cdme 387.13 vs 54.47 start 489.52 (8.9s)
-> evidence/roster_shape/shared_slot/wave2_new/10T_half_ppr.json
commit 7aa1227 | 10T_ppr_SF | pool 481 | rounds 15
    B0 seat  1 r01 mixed RB  Jahmyr Gibbs            411.9 fs=216.34 wc=315.24  (0.7s)
    B0 seat  1 r02 mixed TE  Brock Bowers            310.2 fs=135.12 wc=215.73  (0.7s)
    B0 seat  1 r03 mixed QB  Patrick Mahomes         328.6 fs=125.95 wc=121.1  (0.6s)
    B0 seat  1 r04 mixed QB  Tua Tagovailoa          304.6 fs=96.28 wc=175.57  (0.6s)
    B0 seat  1 r05 mixed RB  Jeremiyah Love          288.5 fs=90.01 wc=199.06  (0.6s)
    B0 seat  1 r06 mixed TE  Tyler Warren            245.1 fs=64.85 wc=140.89  (0.7s)
    B0 seat  1 r07 mixed TE  Tucker Kraft            231.2 fs=50.3 wc=126.99  (0.6s)
    B0 seat  1 r08 mixed WR  Alec Pierce             225.5 fs=15.75 wc=26.03  (0.6s)
    B0 seat  1 r09 mixed WR  Jalen Coker             222.9 fs=4.82 wc=23.4  (0.6s)
    B0 seat  1 r10 BENCH WR  Emeka Egbuka            214.7 fs=-7.64 wc=15.06  (0.6s)
    B0 seat  1 r11 BENCH WR  Parker Washington       215.1 fs=-6.23 wc=15.59  (0.6s)
    B0 seat  1 r12 BENCH WR  Jakobi Meyers           194.5 fs=-35.11 wc=21.53  (0.7s)
    B0 seat  1 r13 BENCH WR  Xavier Worthy           195.0 fs=-35.11 wc=24.78  (0.7s)
    B0 seat  1 r14 BENCH RB  Jadarian Price          171.0 fs=-52.6 wc=16.32  (0.7s)
    B0 seat  1 r15 BENCH WR  Rashid Shaheed          170.2 fs=-60.68 wc=5.17  (0.6s)
  == SELF   seat  1: {'RB': 3, 'TE': 3, 'QB': 2, 'WR': 7} bench {'WR': 5, 'RB': 1} order False/None lineup 2568.3 vs ctrl 2627.46 forced 0 unfillable [] cdme 511.99 vs 577.06 start 726.83 (9.6s)
    B0 seat  1 r01 mixed RB  Jahmyr Gibbs            411.9 fs=216.34 wc=315.24  (0.7s)
    B0 seat  1 r02 mixed TE  Brock Bowers            310.2 fs=135.12 wc=215.73  (0.6s)
    B0 seat  1 r03 mixed QB  Patrick Mahomes         328.6 fs=125.95 wc=121.1  (0.7s)
    B0 seat  1 r04 mixed RB  Jeremiyah Love          288.5 fs=90.06 wc=199.06  (0.6s)
    B0 seat  1 r05 mixed QB  Tua Tagovailoa          304.6 fs=72.18 wc=175.57  (0.6s)
    B0 seat  1 r06 mixed WR  Christian Watson        254.3 fs=30.66 wc=49.93  (0.6s)
    B0 seat  1 r07 mixed WR  Luther Burden           253.0 fs=25.72 wc=48.65  (0.6s)
    B0 seat  1 r08 mixed WR  Alec Pierce             225.5 fs=6.95 wc=25.84  (0.6s)
    B0 seat  1 r09 mixed RB  Bucky Irving            223.6 fs=3.05 wc=126.9  (0.6s)
    B0 seat  1 r10 BENCH WR  Emeka Egbuka            214.7 fs=-17.25 wc=15.06  (0.7s)
    B0 seat  1 r11 BENCH WR  Michael Wilson          213.7 fs=-16.0 wc=14.19  (0.6s)
    B0 seat  1 r12 BENCH WR  Jakobi Meyers           194.5 fs=-35.29 wc=24.29  (0.7s)
    B0 seat  1 r13 BENCH TE  Jake Ferguson           190.3 fs=-37.81 wc=32.49  (0.6s)
    B0 seat  1 r14 BENCH RB  Jadarian Price          171.0 fs=-56.0 wc=16.32  (0.7s)
    B0 seat  1 r15 BENCH WR  Rashid Shaheed          170.2 fs=-60.8 wc=5.17  (0.6s)
  == SHARED seat  1: {'RB': 4, 'TE': 2, 'QB': 2, 'WR': 7} bench {'WR': 4, 'TE': 1, 'RB': 1} order True/None lineup 2600.07 vs ctrl 2624.05 forced 0 unfillable [] cdme 515.85 vs 618.34 start 700.43 (9.6s)
-> evidence/roster_shape/shared_slot/wave2_new/10T_ppr_SF.json
commit 7aa1227 | 12T_standard | pool 481 | rounds 14
    B0 seat  1 r01 mixed RB  Jahmyr Gibbs            342.8 fs=200.8 wc=302.58  (0.7s)
    B0 seat  1 r02 mixed TE  Brock Bowers            195.8 fs=90.43 wc=140.08  (0.6s)
    B0 seat  1 r03 mixed RB  Saquon Barkley          232.3 fs=86.02 wc=185.15  (0.6s)
    B0 seat  1 r04 mixed TE  Trey McBride            185.4 fs=76.11 wc=129.17  (0.6s)
    B0 seat  1 r05 mixed TE  Colston Loveland        178.9 fs=68.87 wc=122.75  (0.6s)
    B0 seat  1 r06 mixed WR  DK Metcalf              156.9 fs=13.44 wc=35.51  (0.6s)
    B0 seat  1 r07 mixed WR  Emeka Egbuka            154.5 fs=7.9 wc=33.09  (0.6s)
    B0 seat  1 r08 mixed QB  Patrick Mahomes         328.6 fs=4.0 wc=28.93  (0.6s)
    B0 seat  1 r09 BENCH WR  Michael Wilson          146.3 fs=-10.76 wc=31.95  (0.8s)
    B0 seat  1 r10 BENCH WR  Brian Thomas            142.0 fs=-11.94 wc=15.12  (0.6s)
    B0 seat  1 r11 BENCH WR  Courtland Sutton        138.7 fs=-15.56 wc=16.6  (0.7s)
    B0 seat  1 r12 BENCH WR  Kayshon Boutte          114.4 fs=-38.32 wc=5.32  (0.6s)
    B0 seat  1 r13 BENCH WR  KC Concepcion           116.4 fs=-38.33 wc=10.14  (0.7s)
    B0 seat  1 r14 BENCH WR  De'Zhaun Stribling       94.0 fs=-61.5 wc=-1.17  (0.6s)
  == SELF   seat  1: {'RB': 2, 'TE': 3, 'WR': 8, 'QB': 1} bench {'WR': 6} order False/None lineup 1775.28 vs ctrl 1701.93 forced 0 unfillable [] cdme 342.59 vs 39.6 start 507.74 (8.8s)
    B0 seat  1 r01 mixed RB  Jahmyr Gibbs            342.8 fs=200.8 wc=302.58  (0.7s)
    B0 seat  1 r02 mixed TE  Brock Bowers            195.8 fs=90.43 wc=140.08  (0.6s)
    B0 seat  1 r03 mixed RB  Saquon Barkley          232.3 fs=86.02 wc=185.15  (0.6s)
    B0 seat  1 r04 mixed WR  Jaylen Waddle           191.1 fs=47.02 wc=64.22  (0.6s)
    B0 seat  1 r05 mixed WR  DeVonta Smith           190.7 fs=42.02 wc=68.58  (0.6s)
    B0 seat  1 r06 mixed TE  Tucker Kraft            160.0 fs=8.12 wc=99.26  (0.6s)
    B0 seat  1 r07 mixed WR  DK Metcalf              156.9 fs=4.93 wc=35.51  (0.6s)
    B0 seat  1 r08 mixed QB  Patrick Mahomes         328.6 fs=4.0 wc=34.14  (0.6s)
    B0 seat  1 r09 BENCH QB  Jordan Love             317.4 fs=-11.24 wc=27.72  (0.7s)
    B0 seat  1 r10 BENCH WR  Marvin Harrison         143.1 fs=-16.09 wc=16.19  (0.7s)
    B0 seat  1 r11 BENCH RB  Jacory Croskey-Merritt  141.6 fs=-10.41 wc=77.64  (0.6s)
    B0 seat  1 r12 BENCH WR  Kayshon Boutte          114.4 fs=-41.1 wc=5.32  (0.7s)
    B0 seat  1 r13 BENCH WR  KC Concepcion           116.4 fs=-41.11 wc=10.14  (0.6s)
    B0 seat  1 r14 BENCH WR  De'Zhaun Stribling       94.0 fs=-64.4 wc=-1.17  (0.7s)
  == SHARED seat  1: {'RB': 3, 'TE': 2, 'WR': 7, 'QB': 2} bench {'QB': 1, 'WR': 4, 'RB': 1} order True/None lineup 1798.28 vs ctrl 1666.44 forced 0 unfillable [] cdme 316.13 vs 2.04 start 483.81 (8.9s)
-> evidence/roster_shape/shared_slot/wave2_new/12T_standard.json
commit 7aa1227 | 12T_half_ppr_SF | pool 481 | rounds 15
    B0 seat  1 r01 mixed RB  Jahmyr Gibbs            377.4 fs=222.13 wc=319.95  (0.6s)
    B0 seat  1 r02 mixed WR  Ja'Marr Chase           310.5 fs=136.34 wc=144.69  (0.6s)
    B0 seat  1 r03 mixed RB  James Cook              296.4 fs=135.93 wc=238.95  (0.6s)
    B0 seat  1 r04 mixed TE  Trey McBride            243.1 fs=117.28 wc=170.44  (0.6s)
    B0 seat  1 r05 mixed TE  Colston Loveland        222.1 fs=91.91 wc=149.42  (0.6s)
    B0 seat  1 r06 mixed QB  C.J. Stroud             294.5 fs=91.39 wc=264.46  (0.6s)
    B0 seat  1 r07 mixed QB  Malik Willis            289.6 fs=82.78 wc=259.64  (0.6s)
    B0 seat  1 r08 mixed TE  Harold Fannin           166.3 fs=35.09 wc=89.03  (0.6s)
    B0 seat  1 r09 mixed WR  Rome Odunze             181.5 fs=9.84 wc=27.97  (0.6s)
    B0 seat  1 r10 mixed WR  Marvin Harrison         171.3 fs=-1.11 wc=32.65  (0.5s)
    B0 seat  1 r11 BENCH RB  RJ Harvey               170.3 fs=0.05 wc=104.23  (0.7s)
    B0 seat  1 r12 BENCH RB  Aaron Jones             141.1 fs=-32.15 wc=63.59  (0.6s)
    B0 seat  1 r13 BENCH RB  J.K. Dobbins            140.6 fs=-32.6 wc=63.14  (0.6s)
    B0 seat  1 r14 BENCH WR  De'Zhaun Stribling      114.3 fs=-62.37 wc=7.39  (0.6s)
    B0 seat  1 r15 BENCH TE  Cade Otton              114.5 fs=-62.89 wc=15.58  (0.7s)
  == SELF   seat  1: {'RB': 5, 'WR': 4, 'TE': 4, 'QB': 2} bench {'WR': 2, 'RB': 3, 'TE': 1} order False/None lineup 2386.42 vs ctrl 2228.29 forced 0 unfillable [] cdme 703.68 vs 529.78 start 875.07 (9.2s)
    B0 seat  1 r01 mixed RB  Jahmyr Gibbs            377.4 fs=222.13 wc=319.95  (0.6s)
    B0 seat  1 r02 mixed WR  Ja'Marr Chase           310.5 fs=136.34 wc=144.69  (0.6s)
    B0 seat  1 r03 mixed RB  James Cook              296.4 fs=135.93 wc=238.95  (0.6s)
    B0 seat  1 r04 mixed TE  Trey McBride            243.1 fs=117.28 wc=170.44  (0.6s)
    B0 seat  1 r05 mixed QB  C.J. Stroud             294.5 fs=91.43 wc=266.46  (0.6s)
    B0 seat  1 r06 mixed QB  Malik Willis            289.6 fs=82.78 wc=261.64  (0.6s)
    B0 seat  1 r07 mixed WR  Garrett Wilson          205.8 fs=27.17 wc=46.12  (0.6s)
    B0 seat  1 r08 mixed WR  Michael Wilson          180.0 fs=3.01 wc=34.17  (0.6s)
    B0 seat  1 r09 mixed WR  Jordan Addison          179.9 fs=2.07 wc=34.08  (0.6s)
    B0 seat  1 r10 BENCH WR  Chris Godwin            170.7 fs=-14.41 wc=32.12  (0.7s)
    B0 seat  1 r11 BENCH WR  Courtland Sutton        169.2 fs=-6.15 wc=31.57  (0.6s)
    B0 seat  1 r12 BENCH WR  KC Concepcion           140.7 fs=-35.14 wc=25.11  (0.6s)
    B0 seat  1 r13 BENCH WR  Keenan Allen            138.6 fs=-36.36 wc=23.01  (0.6s)
    B0 seat  1 r14 BENCH WR  De'Zhaun Stribling      114.3 fs=-62.25 wc=7.39  (0.6s)
    B0 seat  1 r15 BENCH WR  Makai Lemon             108.6 fs=-67.03 wc=1.7  (0.6s)
  == SHARED seat  1: {'RB': 2, 'WR': 10, 'TE': 1, 'QB': 2} bench {'WR': 6} order True/None lineup 2377.26 vs ctrl 2245.53 forced 0 unfillable [] cdme 504.78 vs 566.07 start 764.38 (9.2s)
-> evidence/roster_shape/shared_slot/wave2_new/12T_half_ppr_SF.json
commit 7aa1227 | 14T_ppr | pool 481 | rounds 14
    B0 seat  1 r01 mixed RB  Jahmyr Gibbs            411.9 fs=256.45 wc=372.8  (0.6s)
    B0 seat  1 r02 mixed TE  Brock Bowers            310.2 fs=163.24 wc=233.48  (0.6s)
    B0 seat  1 r03 mixed TE  Trey McBride            300.9 fs=150.26 wc=224.68  (0.6s)
    B0 seat  1 r04 mixed TE  Tyler Warren            245.1 fs=94.84 wc=168.37  (0.6s)
    B0 seat  1 r05 mixed RB  Josh Jacobs             245.7 fs=92.42 wc=198.26  (0.6s)
    B0 seat  1 r06 mixed WR  Michael Wilson          213.7 fs=18.65 wc=74.68  (0.6s)
    B0 seat  1 r07 mixed WR  Rome Odunze             212.4 fs=13.82 wc=76.89  (0.6s)
    B0 seat  1 r08 mixed QB  Bo Nix                  316.0 fs=3.73 wc=53.49  (0.6s)
    B0 seat  1 r09 BENCH QB  Justin Herbert          315.1 fs=-0.83 wc=52.66  (0.7s)
    B0 seat  1 r10 BENCH WR  Rashid Shaheed          170.2 fs=-39.78 wc=40.75  (0.7s)
    B0 seat  1 r11 BENCH WR  Keenan Allen            167.2 fs=-42.95 wc=37.66  (0.6s)
    B0 seat  1 r12 BENCH WR  De'Zhaun Stribling      134.6 fs=-77.31 wc=15.9  (0.7s)
    B0 seat  1 r13 BENCH WR  Makai Lemon             129.7 fs=-82.08 wc=11.05  (0.6s)
    B0 seat  1 r14 BENCH WR  Jahan Dotson             95.0 fs=-115.85 wc=0.0  (0.6s)
  == SELF   seat  1: {'RB': 2, 'TE': 3, 'WR': 7, 'QB': 2} bench {'QB': 1, 'WR': 5} order False/None lineup 2255.69 vs ctrl 2142.09 forced 0 unfillable [] cdme 357.28 vs 184.1 start 724.88 (8.7s)
    B0 seat  1 r01 mixed RB  Jahmyr Gibbs            411.9 fs=256.45 wc=372.8  (0.6s)
    B0 seat  1 r02 mixed TE  Brock Bowers            310.2 fs=163.24 wc=233.48  (0.7s)
    B0 seat  1 r03 mixed RB  Jeremiyah Love          288.5 fs=130.08 wc=241.18  (0.6s)
    B0 seat  1 r04 mixed WR  Mike Evans              246.7 fs=42.4 wc=95.74  (0.6s)
    B0 seat  1 r05 mixed WR  Garrett Wilson          244.7 fs=37.67 wc=93.75  (0.6s)
    B0 seat  1 r06 mixed WR  Michael Wilson          213.7 fs=7.92 wc=74.68  (0.6s)
    B0 seat  1 r07 mixed WR  Rome Odunze             212.4 fs=6.42 wc=73.41  (0.6s)
    B0 seat  1 r08 mixed QB  Bo Nix                  316.0 fs=3.73 wc=53.49  (0.6s)
    B0 seat  1 r09 BENCH QB  Justin Herbert          315.1 fs=-0.83 wc=52.66  (0.8s)
    B0 seat  1 r10 BENCH RB  Jadarian Price          171.0 fs=-32.14 wc=107.04  (0.6s)
    B0 seat  1 r11 BENCH WR  Rashid Shaheed          170.2 fs=-41.85 wc=40.59  (0.6s)
    B0 seat  1 r12 BENCH WR  De'Zhaun Stribling      134.6 fs=-77.07 wc=15.9  (0.6s)
    B0 seat  1 r13 BENCH WR  Makai Lemon             129.7 fs=-81.24 wc=11.05  (0.6s)
    B0 seat  1 r14 BENCH RB  Isaiah Davis             96.1 fs=-107.54 wc=6.67  (0.6s)
  == SHARED seat  1: {'RB': 4, 'TE': 1, 'WR': 7, 'QB': 2} bench {'QB': 1, 'RB': 2, 'WR': 3} order True/None lineup 2244.02 vs ctrl 2147.6 forced 0 unfillable [] cdme 326.56 vs 139.91 start 598.48 (8.8s)
-> evidence/roster_shape/shared_slot/wave2_new/14T_ppr.json
commit 7aa1227 | 14T_standard_SF | pool 481 | rounds 15
    B0 seat  1 r01 mixed RB  Jahmyr Gibbs            342.8 fs=218.29 wc=308.56  (0.7s)
    B0 seat  1 r02 mixed RB  James Cook              275.0 fs=146.51 wc=240.74  (0.6s)
    B0 seat  1 r03 mixed WR  Jaxon Smith-Njigba      271.8 fs=133.09 wc=162.18  (0.7s)
    B0 seat  1 r04 mixed TE  Brock Bowers            195.8 fs=104.17 wc=147.97  (0.6s)
    B0 seat  1 r05 mixed TE  Trey McBride            185.4 fs=90.37 wc=137.42  (0.7s)
    B0 seat  1 r06 mixed TE  Tyler Warren            163.0 fs=64.94 wc=115.02  (0.6s)
    B0 seat  1 r07 mixed TE  Tucker Kraft            160.0 fs=70.15 wc=112.08  (0.7s)
    B0 seat  1 r08 mixed QB  Aaron Rodgers           262.5 fs=59.84 wc=None  (0.6s)
    B0 seat  1 r09 mixed QB  Cam Ward                256.5 fs=49.69 wc=None  (0.6s)
    B0 seat  1 r10 mixed WR  Tre Tucker              126.9 fs=2.79 wc=39.37  (0.6s)
    B0 seat  1 r11 BENCH WR  Rashid Shaheed          121.4 fs=-7.61 wc=33.89  (0.6s)
    B0 seat  1 r12 BENCH WR  De'Zhaun Stribling       94.0 fs=-49.37 wc=16.4  (0.7s)
    B0 seat  1 r13 BENCH WR  Ryan Flournoy            95.2 fs=-50.53 wc=22.44  (0.6s)
    B0 seat  1 r14 BENCH WR  Jahan Dotson             66.5 fs=-74.49 wc=4.22  (0.7s)
    B0 seat  1 r15 BENCH WR  Pat Bryant               65.4 fs=-77.78 wc=3.08  (0.6s)
  == SELF   seat  1: {'RB': 2, 'WR': 7, 'TE': 4, 'QB': 2} bench {'WR': 6} order False/None lineup 2079.68 vs ctrl 1950.08 forced 0 unfillable [] cdme 564.24 vs 256.61 start 815.72 (9.7s)
    B0 seat  1 r01 mixed RB  Jahmyr Gibbs            342.8 fs=218.29 wc=308.56  (0.7s)
    B0 seat  1 r02 mixed RB  James Cook              275.0 fs=146.51 wc=240.74  (0.6s)
    B0 seat  1 r03 mixed WR  Jaxon Smith-Njigba      271.8 fs=133.09 wc=162.18  (0.7s)
    B0 seat  1 r04 mixed TE  Brock Bowers            195.8 fs=104.17 wc=147.97  (0.6s)
    B0 seat  1 r05 mixed QB  Aaron Rodgers           262.5 fs=59.84 wc=None  (0.6s)
    B0 seat  1 r06 mixed QB  Cam Ward                256.5 fs=49.71 wc=None  (0.6s)
    B0 seat  1 r07 mixed WR  Ladd McConkey           166.5 fs=26.84 wc=60.21  (0.5s)
    B0 seat  1 r08 mixed WR  Brian Thomas            142.0 fs=1.82 wc=40.66  (0.6s)
    B0 seat  1 r09 mixed TE  Kyle Pitts              141.6 fs=0.07 wc=87.69  (0.6s)
    B0 seat  1 r10 BENCH RB  Kyle Monangai           126.7 fs=-19.92 wc=88.87  (0.6s)
    B0 seat  1 r11 BENCH WR  Tre Tucker              126.9 fs=-21.43 wc=37.28  (0.5s)
    B0 seat  1 r12 BENCH WR  De'Zhaun Stribling       94.0 fs=-49.37 wc=16.4  (0.7s)
    B0 seat  1 r13 BENCH WR  Ryan Flournoy            95.2 fs=-50.53 wc=22.44  (0.6s)
    B0 seat  1 r14 BENCH RB  Justice Hill             65.7 fs=-74.19 wc=8.36  (0.6s)
    B0 seat  1 r15 BENCH WR  Jahan Dotson             66.5 fs=-74.49 wc=1.14  (0.6s)
  == SHARED seat  1: {'RB': 4, 'WR': 7, 'TE': 2, 'QB': 2} bench {'RB': 2, 'WR': 4} order True/None lineup 2054.51 vs ctrl 1944.16 forced 0 unfillable [] cdme 437.86 vs 188.13 start 729.87 (9.2s)
-> evidence/roster_shape/shared_slot/wave2_new/14T_standard_SF.json
commit 7aa1227 | LIGHT_IDP | pool 780 | rounds 14
    B0 seat  1 r01 mixed RB  Jahmyr Gibbs            411.9 fs=216.8 wc=360.83  (1.0s)
    B0 seat  1 r02 mixed TE  Brock Bowers            310.2 fs=131.12 wc=206.05  (1.0s)
    B0 seat  1 r03 mixed TE  Trey McBride            300.9 fs=118.03 wc=196.72  (1.0s)
    B0 seat  1 r04 mixed RB  Javonte Williams        260.0 fs=71.64 wc=192.43  (1.0s)
    B0 seat  1 r05 mixed WR  Jameson Williams        259.2 fs=40.35 wc=61.38  (1.0s)
    B0 seat  1 r06 mixed DB  Kyle Hamilton           139.2 fs=13.14 wc=12.94  (1.0s)
    B0 seat  1 r07 mixed LB  Jack Campbell           171.9 fs=13.06 wc=18.58  (0.9s)
    B0 seat  1 r08 mixed WR  DJ Moore                216.2 fs=7.24 wc=23.52  (1.2s)
    B0 seat  1 r09 mixed QB  Patrick Mahomes         328.6 fs=4.0 wc=46.71  (1.0s)
    B0 seat  1 r10 BENCH WR  Michael Wilson          213.7 fs=-13.49 wc=18.63  (1.0s)
    B0 seat  1 r11 BENCH WR  Rome Odunze             212.4 fs=-17.48 wc=17.36  (1.1s)
    B0 seat  1 r12 BENCH LB  Jamien Sherwood         139.2 fs=-30.16 wc=0.0  (1.1s)
    B0 seat  1 r13 BENCH LB  Quay Walker             138.6 fs=-32.19 wc=0.0  (1.1s)
    B0 seat  1 r14 BENCH LB  Ventrell Miller         138.1 fs=-32.7 wc=0.0  (1.0s)
  == SELF   seat  1: {'RB': 2, 'TE': 2, 'WR': 4, 'DB': 1, 'LB': 4, 'QB': 1} bench {'QB': 1, 'WR': 2, 'LB': 3} order False/None lineup 2258.82 vs ctrl 2168.89 forced 0 unfillable [] cdme 440.83 vs 260.48 start 530.85 (14.4s)
    B0 seat  1 r01 mixed RB  Jahmyr Gibbs            411.9 fs=216.8 wc=360.83  (0.9s)
    B0 seat  1 r02 mixed TE  Brock Bowers            310.2 fs=131.12 wc=206.05  (0.9s)
    B0 seat  1 r03 mixed RB  Chase Brown             316.0 fs=111.96 wc=249.92  (1.0s)
    B0 seat  1 r04 mixed WR  Jameson Williams        259.2 fs=40.38 wc=61.38  (1.0s)
    B0 seat  1 r05 mixed RB  Javonte Williams        260.0 fs=34.83 wc=193.93  (1.0s)
    B0 seat  1 r06 mixed LB  Jack Campbell           171.9 fs=13.06 wc=18.58  (0.9s)
    B0 seat  1 r07 mixed WR  Jalen Coker             222.9 fs=5.07 wc=30.13  (0.9s)
    B0 seat  1 r08 mixed QB  Patrick Mahomes         328.6 fs=4.0 wc=46.71  (1.2s)
    B0 seat  1 r09 BENCH WR  Emeka Egbuka            214.7 fs=-9.18 wc=21.98  (1.0s)
    B0 seat  1 r10 BENCH WR  Rome Odunze             212.4 fs=-19.16 wc=17.36  (1.0s)
    B0 seat  1 r11 BENCH WR  Khalil Shakir           210.7 fs=-17.32 wc=16.19  (1.0s)
    B0 seat  1 r12 BENCH LB  Jamien Sherwood         139.2 fs=-28.72 wc=0.0  (1.0s)
    B0 seat  1 r13 BENCH LB  Quay Walker             138.6 fs=-32.19 wc=0.0  (1.1s)
    B0 seat  1 r14 BENCH DB  Kyle Hamilton           139.2 fs=-32.4 wc=12.94  (1.1s)
  == SHARED seat  1: {'RB': 3, 'TE': 1, 'WR': 5, 'LB': 3, 'QB': 1, 'DB': 1} bench {'WR': 3, 'LB': 2, 'DB': 1} order True/None lineup 2280.56 vs ctrl 2168.6 forced 0 unfillable [] cdme 433.13 vs 238.24 start 523.33 (14.1s)
-> evidence/roster_shape/shared_slot/wave2_new/LIGHT_IDP.json
commit 7aa1227 | 12T_ppr_SHORT_DRAFT | pool 481 | rounds 14
    B0 seat  1 r01 mixed RB  Jahmyr Gibbs            411.9 fs=232.93 wc=361.17  (0.7s)
    B0 seat  1 r02 mixed TE  Brock Bowers            310.2 fs=142.0 wc=222.63  (0.6s)
    B0 seat  1 r03 mixed TE  Trey McBride            300.9 fs=129.02 wc=213.3  (0.6s)
    B0 seat  1 r04 mixed RB  Javonte Williams        260.0 fs=79.02 wc=195.51  (0.6s)
    B0 seat  1 r05 mixed TE  Tyler Warren            245.1 fs=70.64 wc=155.92  (0.6s)
    B0 seat  1 r06 mixed WR  Jalen Coker             222.9 fs=11.24 wc=52.62  (0.6s)
    B0 seat  1 r07 mixed WR  DK Metcalf              217.1 fs=5.46 wc=46.81  (0.6s)
    B0 seat  1 r08 mixed QB  Patrick Mahomes         328.6 fs=4.0 wc=34.14  (0.7s)
    B0 seat  1 r09 BENCH QB  Jordan Love             317.4 fs=-11.24 wc=22.9  (0.7s)
    B0 seat  1 r10 BENCH WR  Marvin Harrison         199.5 fs=-18.54 wc=32.31  (0.7s)
    B0 seat  1 r11 BENCH WR  Jakobi Meyers           194.5 fs=-22.34 wc=27.38  (0.6s)
    B0 seat  1 r12 BENCH WR  Devaughn Vele           165.0 fs=-51.32 wc=15.91  (0.6s)
    B0 seat  1 r13 BENCH WR  KC Concepcion           165.1 fs=-52.44 wc=26.1  (0.6s)
    B0 seat  1 r14 BENCH WR  De'Zhaun Stribling      134.6 fs=-83.9 wc=0.0  (0.6s)
  == SELF   seat  1: {'RB': 2, 'TE': 3, 'WR': 7, 'QB': 2} bench {'QB': 1, 'WR': 5} order False/None lineup 2296.49 vs ctrl 2233.59 forced 3 unfillable [] cdme 392.05 vs 276.71 start 632.4 (8.8s)
    B0 seat  1 r01 mixed RB  Jahmyr Gibbs            411.9 fs=232.93 wc=361.17  (0.6s)
    B0 seat  1 r02 mixed TE  Brock Bowers            310.2 fs=142.0 wc=222.63  (0.6s)
    B0 seat  1 r03 mixed RB  Chase Brown             316.0 fs=128.11 wc=252.11  (0.6s)
    B0 seat  1 r04 mixed WR  Jameson Williams        259.2 fs=50.3 wc=78.99  (0.6s)
    B0 seat  1 r05 mixed RB  Javonte Williams        260.0 fs=44.41 wc=195.51  (0.6s)
    B0 seat  1 r06 mixed WR  Jalen Coker             222.9 fs=7.24 wc=52.62  (0.6s)
    B0 seat  1 r07 mixed RB  Bucky Irving            223.6 fs=5.42 wc=159.55  (0.7s)
    B0 seat  1 r08 mixed QB  Patrick Mahomes         328.6 fs=4.0 wc=28.93  (0.6s)
    B0 seat  1 r09 BENCH QB  Jordan Love             317.4 fs=-11.24 wc=22.9  (0.7s)
    B0 seat  1 r10 BENCH WR  Jakobi Meyers           194.5 fs=-28.68 wc=29.46  (0.7s)
    B0 seat  1 r11 BENCH WR  Xavier Worthy           195.0 fs=-29.34 wc=30.01  (0.6s)
    B0 seat  1 r12 BENCH WR  Devaughn Vele           165.0 fs=-54.97 wc=15.91  (0.7s)
    B0 seat  1 r13 BENCH WR  KC Concepcion           165.1 fs=-56.09 wc=26.1  (0.6s)
    B0 seat  1 r14 BENCH WR  De'Zhaun Stribling      134.6 fs=-87.67 wc=4.98  (0.7s)
  == SHARED seat  1: {'RB': 4, 'TE': 1, 'WR': 7, 'QB': 2} bench {'QB': 1, 'WR': 5} order True/None lineup 2332.23 vs ctrl 2230.57 forced 1 unfillable [] cdme 388.82 vs 251.39 start 633.68 (9.0s)
-> evidence/roster_shape/shared_slot/wave2_new/12T_ppr_SHORT_DRAFT.json
