commit 7aa1227 | 8T_standard_SF | pool 481 | rounds 15
    B0 seat  1 r01 mixed QB  Josh Allen              372.5 fs=169.81 wc=78.0  (0.7s)
    B0 seat  1 r02 mixed RB  Jonathan Taylor         300.0 fs=114.84 wc=168.73  (0.6s)
    B0 seat  1 r03 mixed QB  Jordan Love             317.4 fs=110.71 wc=284.36  (0.6s)
    B0 seat  1 r04 mixed TE  Brock Bowers            195.8 fs=82.95 wc=96.81  (0.6s)
    B0 seat  1 r05 mixed TE  Trey McBride            185.4 fs=69.1 wc=89.64  (0.7s)
    B0 seat  1 r06 mixed TE  Colston Loveland        178.9 fs=61.75 wc=83.22  (0.6s)
    B0 seat  1 r07 mixed WR  Chris Olave             201.1 fs=34.75 wc=46.65  (0.6s)
    B0 seat  1 r08 mixed RB  Bucky Irving            183.3 fs=13.78 wc=56.53  (0.6s)
    B0 seat  1 r09 mixed WR  Mike Evans              177.4 fs=12.38 wc=26.7  (0.6s)
    B0 seat  1 r10 BENCH RB  TreVeyon Henderson      178.5 fs=-0.96 wc=51.04  (0.6s)
    B0 seat  1 r11 BENCH WR  Luther Burden           173.6 fs=-5.57 wc=22.84  (0.7s)
    B0 seat  1 r12 BENCH WR  Ladd McConkey           166.5 fs=-10.37 wc=15.72  (0.7s)
    B0 seat  1 r13 BENCH WR  Davante Adams           164.5 fs=-14.29 wc=13.74  (0.7s)
    B0 seat  1 r14 BENCH WR  Michael Wilson          146.3 fs=-32.36 wc=0.0  (0.7s)
    B0 seat  1 r15 BENCH WR  Quentin Johnston        146.6 fs=-33.8 wc=3.38  (0.7s)
  == SELF   seat  1: {'QB': 2, 'RB': 3, 'TE': 3, 'WR': 7} bench {'RB': 1, 'WR': 5} order False/None lineup 2111.78 vs ctrl 2224.73 forced 0 unfillable [] cdme 497.21 vs 606.63 start 600.98 (9.8s)
    B0 seat  1 r01 mixed QB  Josh Allen              372.5 fs=169.81 wc=78.0  (0.7s)
    B0 seat  1 r02 mixed RB  Jonathan Taylor         300.0 fs=114.84 wc=168.73  (0.6s)
    B0 seat  1 r03 mixed QB  Jordan Love             317.4 fs=110.71 wc=284.36  (0.6s)
    B0 seat  1 r04 mixed TE  Brock Bowers            195.8 fs=82.95 wc=96.81  (0.6s)
    B0 seat  1 r05 mixed WR  Nico Collins            228.5 fs=62.11 wc=73.97  (0.7s)
    B0 seat  1 r06 mixed WR  Chris Olave             201.1 fs=30.53 wc=46.65  (0.6s)
    B0 seat  1 r07 mixed RB  Quinshon Judkins        202.7 fs=22.65 wc=101.96  (0.6s)
    B0 seat  1 r08 mixed TE  Colston Loveland        178.9 fs=6.48 wc=79.76  (0.6s)
    B0 seat  1 r09 mixed RB  TreVeyon Henderson      178.5 fs=5.9 wc=68.12  (0.6s)
    B0 seat  1 r10 BENCH WR  Luther Burden           173.6 fs=-6.61 wc=22.84  (0.6s)
    B0 seat  1 r11 BENCH WR  Jayden Reed             172.5 fs=-11.06 wc=21.79  (0.6s)
    B0 seat  1 r12 BENCH WR  Davante Adams           164.5 fs=-26.49 wc=13.74  (0.7s)
    B0 seat  1 r13 BENCH WR  Malik Nabers            162.3 fs=-27.25 wc=11.55  (0.7s)
    B0 seat  1 r14 BENCH WR  Michael Wilson          146.3 fs=-45.59 wc=3.14  (0.6s)
    B0 seat  1 r15 BENCH WR  Carnell Tate            143.2 fs=-47.87 wc=0.11  (0.7s)
  == SHARED seat  1: {'QB': 2, 'RB': 3, 'TE': 2, 'WR': 8} bench {'WR': 6} order True/None lineup 2175.38 vs ctrl 2206.08 forced 0 unfillable [] cdme 493.77 vs 572.49 start 603.31 (9.6s)
-> evidence/roster_shape/shared_slot/wave3/8T_standard_SF.json
commit 7aa1227 | 8T_half_ppr | pool 481 | rounds 14
    B0 seat  1 r01 mixed RB  Jahmyr Gibbs            377.4 fs=166.06 wc=268.63  (0.6s)
    B0 seat  1 r02 mixed TE  Brock Bowers            253.0 fs=105.22 wc=129.42  (0.7s)
    B0 seat  1 r03 mixed TE  Trey McBride            243.1 fs=91.75 wc=128.57  (0.6s)
    B0 seat  1 r04 mixed TE  Colston Loveland        222.1 fs=70.28 wc=107.55  (0.7s)
    B0 seat  1 r05 mixed WR  Tee Higgins             247.9 fs=41.91 wc=55.21  (0.6s)
    B0 seat  1 r06 mixed WR  Christian Watson        221.0 fs=13.08 wc=38.08  (0.6s)
    B0 seat  1 r07 mixed RB  Quinshon Judkins        217.9 fs=9.72 wc=120.96  (0.6s)
    B0 seat  1 r08 mixed QB  Jayden Daniels          338.2 fs=4.0 wc=3.68  (0.7s)
    B0 seat  1 r09 BENCH QB  Drake Maye              335.5 fs=-2.68 wc=1.0  (0.7s)
    B0 seat  1 r10 BENCH RB  Bucky Irving            203.4 fs=-6.63 wc=50.67  (0.7s)
    B0 seat  1 r11 BENCH WR  Garrett Wilson          205.8 fs=-10.3 wc=19.02  (0.7s)
    B0 seat  1 r12 BENCH RB  TreVeyon Henderson      196.5 fs=-15.53 wc=31.49  (0.8s)
    B0 seat  1 r13 BENCH WR  Josh Downs              192.7 fs=-31.59 wc=8.14  (0.7s)
    B0 seat  1 r14 BENCH WR  Khalil Shakir           172.9 fs=-48.11 wc=0.0  (0.7s)
  == SELF   seat  1: {'RB': 4, 'TE': 3, 'WR': 5, 'QB': 2} bench {'QB': 1, 'RB': 2, 'WR': 3} order True/None lineup 2120.61 vs ctrl 2086.4 forced 0 unfillable [] cdme 327.61 vs 68.76 start 450.9 (9.5s)
    B0 seat  1 r01 mixed RB  Jahmyr Gibbs            377.4 fs=166.06 wc=268.63  (0.7s)
    B0 seat  1 r02 mixed TE  Brock Bowers            253.0 fs=105.22 wc=129.42  (0.7s)
    B0 seat  1 r03 mixed RB  James Cook              296.4 fs=79.85 wc=205.55  (0.7s)
    B0 seat  1 r04 mixed WR  George Pickens          246.3 fs=41.64 wc=59.34  (0.6s)
    B0 seat  1 r05 mixed WR  Rashee Rice             245.1 fs=35.92 wc=58.16  (0.7s)
    B0 seat  1 r06 mixed WR  Christian Watson        221.0 fs=9.08 wc=38.19  (0.6s)
    B0 seat  1 r07 mixed WR  Terry McLaurin          220.2 fs=7.49 wc=37.43  (0.7s)
    B0 seat  1 r08 mixed QB  Jayden Daniels          338.2 fs=4.0 wc=3.68  (0.6s)
    B0 seat  1 r09 BENCH QB  Drake Maye              335.5 fs=-2.68 wc=1.0  (0.8s)
    B0 seat  1 r10 BENCH WR  Ladd McConkey           205.4 fs=-9.04 wc=20.77  (0.7s)
    B0 seat  1 r11 BENCH RB  Bucky Irving            203.4 fs=-9.08 wc=50.67  (0.7s)
    B0 seat  1 r12 BENCH WR  DK Metcalf              187.0 fs=-32.0 wc=4.08  (0.6s)
    B0 seat  1 r13 BENCH WR  Emeka Egbuka            184.6 fs=-32.59 wc=1.81  (0.7s)
    B0 seat  1 r14 BENCH TE  Harold Fannin           166.3 fs=-46.03 wc=15.62  (0.7s)
  == SHARED seat  1: {'RB': 3, 'TE': 2, 'WR': 7, 'QB': 2} bench {'QB': 1, 'WR': 3, 'RB': 1, 'TE': 1} order True/None lineup 2197.64 vs ctrl 2114.51 forced 0 unfillable [] cdme 327.67 vs 99.09 start 411.73 (9.5s)
-> evidence/roster_shape/shared_slot/wave3/8T_half_ppr.json
commit 7aa1227 | 8T_half_ppr_SF | pool 481 | rounds 15
    B0 seat  1 r01 mixed RB  Jahmyr Gibbs            377.4 fs=171.81 wc=254.53  (0.7s)
    B0 seat  1 r02 mixed QB  Patrick Mahomes         328.6 fs=125.87 wc=297.28  (0.6s)
    B0 seat  1 r03 mixed WR  Puka Nacua              327.2 fs=123.71 wc=130.24  (0.7s)
    B0 seat  1 r04 mixed TE  Brock Bowers            253.0 fs=106.57 wc=129.42  (0.6s)
    B0 seat  1 r05 mixed QB  Matthew Stafford        311.1 fs=104.41 wc=48.66  (0.7s)
    B0 seat  1 r06 mixed TE  Colston Loveland        222.1 fs=70.94 wc=98.51  (0.6s)
    B0 seat  1 r07 mixed TE  Tyler Warren            204.0 fs=51.23 wc=89.48  (0.7s)
    B0 seat  1 r08 mixed WR  Mike Evans              212.1 fs=8.96 wc=29.29  (0.6s)
    B0 seat  1 r09 mixed WR  Jayden Reed             210.4 fs=0.8 wc=27.59  (0.7s)
    B0 seat  1 r10 mixed RB  Bucky Irving            203.4 fs=10.22 wc=62.32  (0.6s)
    B0 seat  1 r11 mixed WR  Garrett Wilson          205.8 fs=2.75 wc=22.92  (0.6s)
    B0 seat  1 r12 BENCH RB  TreVeyon Henderson      196.5 fs=2.26 wc=39.28  (0.7s)
    B0 seat  1 r13 BENCH WR  Josh Downs              192.7 fs=-16.69 wc=9.84  (0.7s)
    B0 seat  1 r14 BENCH WR  Khalil Shakir           172.9 fs=-33.63 wc=1.12  (0.7s)
    B0 seat  1 r15 BENCH WR  Brian Thomas            171.8 fs=-33.97 wc=0.55  (0.7s)
  == SELF   seat  1: {'RB': 3, 'QB': 2, 'WR': 7, 'TE': 3} bench {'RB': 2, 'WR': 4} order False/None lineup 2445.26 vs ctrl 2443.6 forced 0 unfillable [] cdme 567.17 vs 579.02 start 708.17 (9.8s)
    B0 seat  1 r01 mixed RB  Jahmyr Gibbs            377.4 fs=171.81 wc=254.53  (0.7s)
    B0 seat  1 r02 mixed QB  Patrick Mahomes         328.6 fs=125.87 wc=297.28  (0.7s)
    B0 seat  1 r03 mixed WR  Puka Nacua              327.2 fs=123.71 wc=130.24  (0.6s)
    B0 seat  1 r04 mixed TE  Brock Bowers            253.0 fs=106.57 wc=129.42  (0.7s)
    B0 seat  1 r05 mixed QB  Matthew Stafford        311.1 fs=99.58 wc=48.66  (0.6s)
    B0 seat  1 r06 mixed WR  Zay Flowers             241.3 fs=33.05 wc=54.52  (0.6s)
    B0 seat  1 r07 mixed RB  Javonte Williams        239.4 fs=31.78 wc=116.55  (0.7s)
    B0 seat  1 r08 mixed WR  Jayden Reed             210.4 fs=3.14 wc=28.87  (0.6s)
    B0 seat  1 r09 mixed WR  Garrett Wilson          205.8 fs=1.55 wc=25.83  (0.7s)
    B0 seat  1 r10 BENCH WR  Ladd McConkey           205.4 fs=-1.0 wc=23.86  (0.6s)
    B0 seat  1 r11 BENCH WR  Malik Nabers            202.5 fs=5.13 wc=21.02  (0.7s)
    B0 seat  1 r12 BENCH WR  DK Metcalf              187.0 fs=-14.12 wc=5.47  (0.6s)
    B0 seat  1 r13 BENCH WR  Emeka Egbuka            184.6 fs=-14.83 wc=4.61  (0.7s)
    B0 seat  1 r14 BENCH WR  Brian Thomas            171.8 fs=-36.14 wc=0.55  (0.7s)
    B0 seat  1 r15 BENCH WR  Marvin Harrison         171.3 fs=-37.23 wc=0.0  (0.7s)
  == SHARED seat  1: {'RB': 2, 'QB': 2, 'WR': 10, 'TE': 1} bench {'WR': 6} order True/None lineup 2494.22 vs ctrl 2447.03 forced 0 unfillable [] cdme 488.99 vs 598.47 start 645.23 (9.8s)
-> evidence/roster_shape/shared_slot/wave3/8T_half_ppr_SF.json
commit 7aa1227 | 8T_ppr | pool 481 | rounds 14
    B0 seat  1 r01 mixed RB  Jahmyr Gibbs            411.9 fs=185.38 wc=287.12  (0.7s)
    B0 seat  1 r02 mixed TE  Brock Bowers            310.2 fs=125.49 wc=161.74  (0.7s)
    B0 seat  1 r03 mixed TE  Trey McBride            300.9 fs=112.5 wc=163.12  (0.6s)
    B0 seat  1 r04 mixed TE  Colston Loveland        265.2 fs=79.58 wc=123.93  (0.7s)
    B0 seat  1 r05 mixed RB  Kenneth Walker          283.5 fs=51.94 wc=157.44  (0.6s)
    B0 seat  1 r06 mixed WR  Luther Burden           253.0 fs=15.46 wc=39.37  (0.7s)
    B0 seat  1 r07 mixed WR  Mike Evans              246.7 fs=4.78 wc=34.35  (0.6s)
    B0 seat  1 r08 mixed QB  Jayden Daniels          338.2 fs=4.0 wc=3.68  (0.6s)
    B0 seat  1 r09 BENCH QB  Drake Maye              335.5 fs=-2.68 wc=1.0  (0.7s)
    B0 seat  1 r10 BENCH WR  Malik Nabers            242.8 fs=1.45 wc=27.72  (0.7s)
    B0 seat  1 r11 BENCH WR  Davante Adams           230.5 fs=-16.54 wc=15.45  (0.6s)
    B0 seat  1 r12 BENCH WR  DK Metcalf              217.1 fs=-30.82 wc=2.34  (0.7s)
    B0 seat  1 r13 BENCH WR  DJ Moore                216.2 fs=-31.27 wc=2.19  (0.6s)
    B0 seat  1 r14 BENCH WR  Brian Thomas            201.6 fs=-45.5 wc=0.0  (0.6s)
  == SELF   seat  1: {'RB': 2, 'TE': 3, 'WR': 7, 'QB': 2} bench {'QB': 1, 'WR': 5} order False/None lineup 2409.57 vs ctrl 2357.48 forced 0 unfillable [] cdme 352.4 vs 20.89 start 520.14 (9.1s)
    B0 seat  1 r01 mixed RB  Jahmyr Gibbs            411.9 fs=185.38 wc=287.12  (0.7s)
    B0 seat  1 r02 mixed TE  Brock Bowers            310.2 fs=125.49 wc=161.74  (0.6s)
    B0 seat  1 r03 mixed RB  De'Von Achane           318.2 fs=87.71 wc=212.99  (0.6s)
    B0 seat  1 r04 mixed WR  DeVonta Smith           282.5 fs=40.99 wc=67.77  (0.6s)
    B0 seat  1 r05 mixed WR  Jaylen Waddle           278.4 fs=33.09 wc=63.7  (0.6s)
    B0 seat  1 r06 mixed WR  Luther Burden           253.0 fs=6.99 wc=38.96  (0.6s)
    B0 seat  1 r07 mixed QB  Jayden Daniels          338.2 fs=4.0 wc=3.68  (0.6s)
    B0 seat  1 r08 mixed QB  Drake Maye              335.5 fs=-2.68 wc=1.0  (0.7s)
    B0 seat  1 r09 mixed QB  Jared Goff              334.5 fs=-3.73 wc=5.47  (0.7s)
    B0 seat  1 r10 mixed RB  Travis Etienne          231.9 fs=-15.7 wc=60.87  (0.7s)
    B0 seat  1 r11 BENCH WR  Davante Adams           230.5 fs=-19.29 wc=15.45  (0.7s)
    B0 seat  1 r12 BENCH RB  TreVeyon Henderson      214.6 fs=-30.66 wc=28.96  (0.7s)
    B0 seat  1 r13 BENCH WR  DJ Moore                216.2 fs=-36.67 wc=2.19  (0.7s)
    B0 seat  1 r14 BENCH TE  Harold Fannin           201.2 fs=-44.33 wc=16.9  (0.6s)
  == SHARED seat  1: {'RB': 4, 'TE': 2, 'WR': 5, 'QB': 3} bench {'QB': 1, 'RB': 2, 'WR': 2, 'TE': 1} order True/None lineup 2424.21 vs ctrl 2381.78 forced 0 unfillable [] cdme 340.0 vs 87.49 start 439.29 (9.1s)
-> evidence/roster_shape/shared_slot/wave3/8T_ppr.json
commit 7aa1227 | 10T_standard | pool 481 | rounds 14
    B0 seat  1 r01 mixed RB  Jahmyr Gibbs            342.8 fs=177.67 wc=285.55  (0.7s)
    B0 seat  1 r02 mixed WR  Amon-Ra St. Brown       254.1 fs=96.79 wc=112.12  (0.6s)
    B0 seat  1 r03 mixed TE  Brock Bowers            195.8 fs=84.19 wc=135.06  (0.7s)
    B0 seat  1 r04 mixed TE  Trey McBride            185.4 fs=70.12 wc=124.33  (0.6s)
    B0 seat  1 r05 mixed TE  Colston Loveland        178.9 fs=62.88 wc=118.18  (0.7s)
    B0 seat  1 r06 mixed WR  Luther Burden           173.6 fs=18.53 wc=34.88  (0.6s)
    B0 seat  1 r07 mixed RB  Rhamondre Stevenson     171.8 fs=15.16 wc=106.17  (0.6s)
    B0 seat  1 r08 mixed QB  Jared Goff              334.5 fs=3.56 wc=17.12  (0.6s)
    B0 seat  1 r09 BENCH QB  Patrick Mahomes         328.6 fs=-5.83 wc=12.62  (0.8s)
    B0 seat  1 r10 BENCH RB  Jadarian Price          153.0 fs=-8.55 wc=52.21  (0.6s)
    B0 seat  1 r11 BENCH WR  Emeka Egbuka            154.5 fs=-11.54 wc=12.49  (0.7s)
    B0 seat  1 r12 BENCH RB  Jacory Croskey-Merritt  141.6 fs=-27.54 wc=14.91  (0.7s)
    B0 seat  1 r13 BENCH RB  Rachaad White           138.1 fs=-29.04 wc=27.76  (0.7s)
    B0 seat  1 r14 BENCH WR  Rashid Shaheed          121.4 fs=-50.75 wc=-0.7  (0.6s)
  == SELF   seat  1: {'RB': 5, 'WR': 4, 'TE': 3, 'QB': 2} bench {'QB': 1, 'RB': 3, 'WR': 2} order False/None lineup 1836.99 vs ctrl 1749.34 forced 0 unfillable [] cdme 303.75 vs -29.8 start 465.37 (9.2s)
    B0 seat  1 r01 mixed RB  Jahmyr Gibbs            342.8 fs=177.67 wc=285.55  (0.7s)
    B0 seat  1 r02 mixed WR  Amon-Ra St. Brown       254.1 fs=96.79 wc=112.12  (0.6s)
    B0 seat  1 r03 mixed TE  Brock Bowers            195.8 fs=84.19 wc=135.06  (0.6s)
    B0 seat  1 r04 mixed WR  Chris Olave             201.1 fs=39.46 wc=62.14  (0.6s)
    B0 seat  1 r05 mixed RB  Quinshon Judkins        202.7 fs=35.24 wc=141.84  (0.7s)
    B0 seat  1 r06 mixed WR  Luther Burden           173.6 fs=9.16 wc=34.88  (0.7s)
    B0 seat  1 r07 mixed WR  Jayden Reed             172.5 fs=4.71 wc=37.76  (0.7s)
    B0 seat  1 r08 mixed QB  Jared Goff              334.5 fs=3.56 wc=17.12  (0.6s)
    B0 seat  1 r09 BENCH QB  Patrick Mahomes         328.6 fs=-5.83 wc=12.62  (0.8s)
    B0 seat  1 r10 BENCH RB  Jadarian Price          153.0 fs=-9.31 wc=60.25  (0.6s)
    B0 seat  1 r11 BENCH WR  Emeka Egbuka            154.5 fs=-13.13 wc=12.49  (0.6s)
    B0 seat  1 r12 BENCH WR  Courtland Sutton        138.7 fs=-31.18 wc=3.53  (0.7s)
    B0 seat  1 r13 BENCH WR  Xavier Worthy           139.2 fs=-31.49 wc=4.43  (0.7s)
    B0 seat  1 r14 BENCH WR  Rashid Shaheed          121.4 fs=-49.76 wc=0.0  (0.7s)
  == SHARED seat  1: {'RB': 3, 'WR': 8, 'TE': 1, 'QB': 2} bench {'QB': 1, 'RB': 1, 'WR': 4} order True/None lineup 1877.24 vs ctrl 1760.14 forced 0 unfillable [] cdme 264.44 vs -34.8 start 407.07 (9.3s)
-> evidence/roster_shape/shared_slot/wave3/10T_standard.json
commit 7aa1227 | 10T_standard_SF | pool 481 | rounds 15
    B0 seat  1 r01 mixed RB  Jahmyr Gibbs            342.8 fs=177.72 wc=266.03  (0.6s)
    B0 seat  1 r02 mixed RB  Jonathan Taylor         300.0 fs=131.85 wc=229.27  (0.6s)
    B0 seat  1 r03 mixed WR  Jaxon Smith-Njigba      271.8 fs=114.73 wc=125.49  (0.7s)
    B0 seat  1 r04 mixed QB  Kyler Murray            305.7 fs=103.04 wc=178.69  (0.7s)
    B0 seat  1 r05 mixed QB  Tua Tagovailoa          304.6 fs=97.01 wc=177.57  (0.6s)
    B0 seat  1 r06 mixed TE  Trey McBride            185.4 fs=74.08 wc=118.22  (0.7s)
    B0 seat  1 r07 mixed TE  Colston Loveland        178.9 fs=63.49 wc=116.24  (0.6s)
    B0 seat  1 r08 mixed TE  Tucker Kraft            160.0 fs=42.3 wc=84.4  (0.7s)
    B0 seat  1 r09 mixed WR  Malik Nabers            162.3 fs=12.31 wc=23.58  (0.6s)
    B0 seat  1 r10 BENCH WR  Emeka Egbuka            154.5 fs=-6.22 wc=15.49  (0.7s)
    B0 seat  1 r11 BENCH RB  Jadarian Price          153.0 fs=0.11 wc=69.98  (0.6s)
    B0 seat  1 r12 BENCH WR  Courtland Sutton        138.7 fs=-23.43 wc=6.98  (0.7s)
    B0 seat  1 r13 BENCH WR  Xavier Worthy           139.2 fs=-23.75 wc=7.97  (0.6s)
    B0 seat  1 r14 BENCH WR  Rashid Shaheed          121.4 fs=-42.01 wc=0.0  (0.7s)
    B0 seat  1 r15 BENCH WR  Wan'Dale Robinson       122.1 fs=-43.54 wc=5.71  (0.6s)
  == SELF   seat  1: {'RB': 3, 'WR': 7, 'QB': 2, 'TE': 3} bench {'WR': 5, 'RB': 1} order False/None lineup 2211.52 vs ctrl 2097.8 forced 0 unfillable [] cdme 582.14 vs 483.34 start 766.97 (9.8s)
    B0 seat  1 r01 mixed RB  Jahmyr Gibbs            342.8 fs=177.72 wc=266.03  (0.7s)
    B0 seat  1 r02 mixed RB  Jonathan Taylor         300.0 fs=131.85 wc=229.27  (0.6s)
    B0 seat  1 r03 mixed WR  Jaxon Smith-Njigba      271.8 fs=114.73 wc=125.49  (0.7s)
    B0 seat  1 r04 mixed QB  Kyler Murray            305.7 fs=103.04 wc=178.69  (0.6s)
    B0 seat  1 r05 mixed QB  Tua Tagovailoa          304.6 fs=97.01 wc=177.57  (0.6s)
    B0 seat  1 r06 mixed TE  Trey McBride            185.4 fs=74.08 wc=118.22  (0.6s)
    B0 seat  1 r07 mixed WR  Jameson Williams        189.5 fs=28.34 wc=50.28  (0.6s)
    B0 seat  1 r08 mixed WR  Malik Nabers            162.3 fs=8.32 wc=23.58  (0.6s)
    B0 seat  1 r09 mixed TE  Tucker Kraft            160.0 fs=4.56 wc=84.4  (0.6s)
    B0 seat  1 r10 BENCH WR  Emeka Egbuka            154.5 fs=-6.94 wc=15.49  (0.7s)
    B0 seat  1 r11 BENCH RB  Jadarian Price          153.0 fs=0.11 wc=69.98  (0.7s)
    B0 seat  1 r12 BENCH WR  Courtland Sutton        138.7 fs=-30.77 wc=6.98  (0.8s)
    B0 seat  1 r13 BENCH WR  Xavier Worthy           139.2 fs=-31.09 wc=7.97  (0.6s)
    B0 seat  1 r14 BENCH WR  Rashid Shaheed          121.4 fs=-49.35 wc=0.0  (0.7s)
    B0 seat  1 r15 BENCH WR  Wan'Dale Robinson       122.1 fs=-50.88 wc=5.71  (0.6s)
  == SHARED seat  1: {'RB': 3, 'WR': 8, 'QB': 2, 'TE': 2} bench {'WR': 5, 'RB': 1} order True/None lineup 2222.05 vs ctrl 2097.8 forced 0 unfillable [] cdme 542.63 vs 483.34 start 727.46 (9.7s)
-> evidence/roster_shape/shared_slot/wave3/10T_standard_SF.json
commit 7aa1227 | 10T_half_ppr_SF | pool 481 | rounds 15
    B0 seat  1 r01 mixed RB  Jahmyr Gibbs            377.4 fs=197.05 wc=291.33  (0.7s)
    B0 seat  1 r02 mixed WR  Amon-Ra St. Brown       314.6 fs=125.57 wc=139.09  (0.6s)
    B0 seat  1 r03 mixed WR  Ja'Marr Chase           310.5 fs=117.88 wc=134.1  (0.7s)
    B0 seat  1 r04 mixed QB  Kyler Murray            305.7 fs=103.04 wc=176.69  (0.6s)
    B0 seat  1 r05 mixed TE  Trey McBride            243.1 fs=101.14 wc=157.45  (0.7s)
    B0 seat  1 r06 mixed QB  Tua Tagovailoa          304.6 fs=96.83 wc=97.07  (0.6s)
    B0 seat  1 r07 mixed TE  Tyler Warren            204.0 fs=56.26 wc=118.36  (0.7s)
    B0 seat  1 r08 mixed TE  Sam LaPorta             191.4 fs=44.09 wc=105.73  (0.6s)
    B0 seat  1 r09 mixed RB  Rhamondre Stevenson     187.1 fs=11.5 wc=97.27  (0.6s)
    B0 seat  1 r10 BENCH WR  DK Metcalf              187.0 fs=-5.38 wc=15.71  (0.6s)
    B0 seat  1 r11 BENCH WR  Emeka Egbuka            184.6 fs=1.14 wc=13.33  (0.6s)
    B0 seat  1 r12 BENCH RB  RJ Harvey               170.3 fs=-15.65 wc=33.21  (0.9s)
    B0 seat  1 r13 BENCH RB  Tony Pollard            170.9 fs=-18.15 wc=33.8  (0.7s)
    B0 seat  1 r14 BENCH RB  Jonathon Brooks         144.8 fs=-44.29 wc=7.66  (0.7s)
    B0 seat  1 r15 BENCH WR  Rashid Shaheed          145.8 fs=-45.92 wc=5.09  (0.6s)
  == SELF   seat  1: {'RB': 5, 'WR': 5, 'QB': 2, 'TE': 3} bench {'WR': 3, 'RB': 3} order True/None lineup 2438.31 vs ctrl 2320.98 forced 0 unfillable [] cdme 607.54 vs 627.06 start 791.23 (9.7s)
    B0 seat  1 r01 mixed RB  Jahmyr Gibbs            377.4 fs=197.05 wc=291.33  (0.7s)
    B0 seat  1 r02 mixed WR  Amon-Ra St. Brown       314.6 fs=125.57 wc=139.09  (0.6s)
    B0 seat  1 r03 mixed WR  Ja'Marr Chase           310.5 fs=117.88 wc=134.1  (0.7s)
    B0 seat  1 r04 mixed QB  Kyler Murray            305.7 fs=103.04 wc=176.69  (0.7s)
    B0 seat  1 r05 mixed TE  Trey McBride            243.1 fs=101.14 wc=157.45  (0.7s)
    B0 seat  1 r06 mixed QB  Tua Tagovailoa          304.6 fs=96.83 wc=97.07  (0.6s)
    B0 seat  1 r07 mixed RB  Quinshon Judkins        217.9 fs=46.85 wc=131.91  (0.7s)
    B0 seat  1 r08 mixed WR  Josh Downs              192.7 fs=5.47 wc=23.57  (0.7s)
    B0 seat  1 r09 mixed TE  Sam LaPorta             191.4 fs=5.14 wc=105.73  (0.7s)
    B0 seat  1 r10 BENCH WR  Emeka Egbuka            184.6 fs=-6.9 wc=13.33  (0.6s)
    B0 seat  1 r11 BENCH WR  DJ Moore                182.8 fs=-1.13 wc=12.05  (0.7s)
    B0 seat  1 r12 BENCH WR  Chris Godwin            170.7 fs=-20.96 wc=8.8  (0.7s)
    B0 seat  1 r13 BENCH WR  Courtland Sutton        169.2 fs=-21.22 wc=9.47  (0.7s)
    B0 seat  1 r14 BENCH WR  Rashid Shaheed          145.8 fs=-45.78 wc=7.2  (0.6s)
    B0 seat  1 r15 BENCH WR  KC Concepcion           140.7 fs=-49.53 wc=3.13  (0.6s)
  == SHARED seat  1: {'RB': 2, 'WR': 9, 'QB': 2, 'TE': 2} bench {'WR': 6} order False/None lineup 2457.89 vs ctrl 2315.22 forced 0 unfillable [] cdme 560.78 vs 631.3 start 762.46 (10.0s)
-> evidence/roster_shape/shared_slot/wave3/10T_half_ppr_SF.json
commit 7aa1227 | 10T_ppr | pool 481 | rounds 14
    B0 seat  1 r01 mixed RB  Jahmyr Gibbs            411.9 fs=216.21 wc=346.03  (0.7s)
    B0 seat  1 r02 mixed TE  Brock Bowers            310.2 fs=135.41 wc=219.24  (0.6s)
    B0 seat  1 r03 mixed TE  Trey McBride            300.9 fs=122.42 wc=209.91  (0.7s)
    B0 seat  1 r04 mixed TE  Colston Loveland        265.2 fs=84.62 wc=170.78  (0.6s)
    B0 seat  1 r05 mixed RB  Derrick Henry           274.1 fs=66.79 wc=201.47  (0.7s)
    B0 seat  1 r06 mixed WR  Davante Adams           230.5 fs=21.35 wc=35.97  (0.6s)
    B0 seat  1 r07 mixed WR  Josh Downs              231.7 fs=14.22 wc=36.67  (0.7s)
    B0 seat  1 r08 mixed QB  Jared Goff              334.5 fs=3.56 wc=17.12  (0.6s)
    B0 seat  1 r09 BENCH QB  Patrick Mahomes         328.6 fs=-5.83 wc=12.62  (0.8s)
    B0 seat  1 r10 BENCH WR  DK Metcalf              217.1 fs=-12.18 wc=12.68  (0.6s)
    B0 seat  1 r11 BENCH WR  DJ Moore                216.2 fs=-14.85 wc=11.88  (0.7s)
    B0 seat  1 r12 BENCH WR  Jakobi Meyers           194.5 fs=-38.06 wc=4.52  (0.7s)
    B0 seat  1 r13 BENCH WR  Xavier Worthy           195.0 fs=-38.05 wc=6.85  (0.7s)
    B0 seat  1 r14 BENCH WR  Rashid Shaheed          170.2 fs=-63.48 wc=0.0  (0.6s)
  == SELF   seat  1: {'RB': 2, 'TE': 3, 'WR': 7, 'QB': 2} bench {'QB': 1, 'WR': 5} order False/None lineup 2358.9 vs ctrl 2271.1 forced 0 unfillable [] cdme 411.76 vs 176.18 start 596.18 (9.3s)
    B0 seat  1 r01 mixed RB  Jahmyr Gibbs            411.9 fs=216.21 wc=346.03  (0.7s)
    B0 seat  1 r02 mixed TE  Brock Bowers            310.2 fs=135.41 wc=219.24  (0.6s)
    B0 seat  1 r03 mixed RB  De'Von Achane           318.2 fs=118.67 wc=252.1  (0.7s)
    B0 seat  1 r04 mixed WR  Tetairoa McMillan       264.3 fs=41.53 wc=63.69  (0.6s)
    B0 seat  1 r05 mixed RB  Derrick Henry           274.1 fs=34.65 wc=201.47  (0.7s)
    B0 seat  1 r06 mixed WR  Davante Adams           230.5 fs=17.35 wc=37.77  (0.6s)
    B0 seat  1 r07 mixed TE  Tucker Kraft            231.2 fs=13.92 wc=127.04  (0.7s)
    B0 seat  1 r08 mixed QB  Jared Goff              334.5 fs=3.56 wc=17.12  (0.6s)
    B0 seat  1 r09 BENCH QB  Patrick Mahomes         328.6 fs=-5.83 wc=12.62  (0.7s)
    B0 seat  1 r10 BENCH WR  DJ Moore                216.2 fs=-8.17 wc=14.61  (0.6s)
    B0 seat  1 r11 BENCH WR  Emeka Egbuka            214.7 fs=-11.69 wc=14.07  (0.7s)
    B0 seat  1 r12 BENCH WR  Jakobi Meyers           194.5 fs=-34.03 wc=6.36  (0.6s)
    B0 seat  1 r13 BENCH WR  Xavier Worthy           195.0 fs=-34.03 wc=14.83  (0.7s)
    B0 seat  1 r14 BENCH RB  Jadarian Price          171.0 fs=-54.76 wc=0.0  (0.6s)
  == SHARED seat  1: {'RB': 4, 'TE': 2, 'WR': 6, 'QB': 2} bench {'QB': 1, 'WR': 4, 'RB': 1} order True/None lineup 2374.79 vs ctrl 2299.46 forced 0 unfillable [] cdme 436.77 vs 199.73 start 590.93 (9.1s)
-> evidence/roster_shape/shared_slot/wave3/10T_ppr.json
commit 7aa1227 | 12T_standard_SF | pool 481 | rounds 15
    B0 seat  1 r01 mixed RB  Jahmyr Gibbs            342.8 fs=201.6 wc=293.34  (0.7s)
    B0 seat  1 r02 mixed RB  Jonathan Taylor         300.0 fs=155.87 wc=250.48  (0.6s)
    B0 seat  1 r03 mixed WR  Jaxon Smith-Njigba      271.8 fs=128.62 wc=140.09  (0.6s)
    B0 seat  1 r04 mixed TE  Brock Bowers            195.8 fs=99.71 wc=140.08  (0.7s)
    B0 seat  1 r05 mixed QB  C.J. Stroud             294.5 fs=91.62 wc=266.46  (0.6s)
    B0 seat  1 r06 mixed QB  Malik Willis            289.6 fs=82.99 wc=261.64  (0.7s)
    B0 seat  1 r07 mixed TE  Tyler Warren            163.0 fs=61.12 wc=102.91  (0.6s)
    B0 seat  1 r08 mixed TE  Kyle Pitts              141.6 fs=37.86 wc=80.82  (0.7s)
    B0 seat  1 r09 mixed WR  Rome Odunze             150.6 fs=7.01 wc=29.23  (0.6s)
    B0 seat  1 r10 mixed WR  Brian Thomas            142.0 fs=-0.72 wc=25.61  (0.7s)
    B0 seat  1 r11 mixed RB  Blake Corum             142.2 fs=4.1 wc=81.2  (0.6s)
    B0 seat  1 r12 BENCH TE  Jake Ferguson           116.0 fs=-29.42 wc=35.99  (0.8s)
    B0 seat  1 r13 BENCH WR  Kayshon Boutte          114.4 fs=-31.92 wc=13.03  (0.6s)
    B0 seat  1 r14 BENCH WR  De'Zhaun Stribling       94.0 fs=-55.1 wc=4.38  (0.7s)
    B0 seat  1 r15 BENCH WR  Ryan Flournoy            95.2 fs=-55.78 wc=7.64  (0.6s)
  == SELF   seat  1: {'RB': 3, 'WR': 6, 'TE': 4, 'QB': 2} bench {'WR': 4, 'RB': 1, 'TE': 1} order False/None lineup 2150.4 vs ctrl 2040.87 forced 0 unfillable [] cdme 651.79 vs 340.26 start 819.37 (9.7s)
    B0 seat  1 r01 mixed RB  Jahmyr Gibbs            342.8 fs=201.6 wc=293.34  (0.7s)
    B0 seat  1 r02 mixed RB  Jonathan Taylor         300.0 fs=155.87 wc=250.48  (0.6s)
    B0 seat  1 r03 mixed WR  Jaxon Smith-Njigba      271.8 fs=128.62 wc=140.09  (0.7s)
    B0 seat  1 r04 mixed TE  Brock Bowers            195.8 fs=99.71 wc=140.08  (0.6s)
    B0 seat  1 r05 mixed QB  C.J. Stroud             294.5 fs=91.62 wc=266.46  (0.6s)
    B0 seat  1 r06 mixed QB  Malik Willis            289.6 fs=82.99 wc=261.64  (0.7s)
    B0 seat  1 r07 mixed WR  Mike Evans              177.4 fs=28.88 wc=48.09  (0.6s)
    B0 seat  1 r08 mixed WR  Rome Odunze             150.6 fs=6.16 wc=29.23  (0.6s)
    B0 seat  1 r09 mixed WR  Jordan Addison          149.9 fs=4.19 wc=28.48  (0.6s)
    B0 seat  1 r10 BENCH WR  Courtland Sutton        138.7 fs=-12.79 wc=24.33  (0.7s)
    B0 seat  1 r11 BENCH RB  Jacory Croskey-Merritt  141.6 fs=-6.22 wc=80.76  (0.6s)
    B0 seat  1 r12 BENCH WR  Kayshon Boutte          114.4 fs=-31.68 wc=13.03  (0.8s)
    B0 seat  1 r13 BENCH WR  KC Concepcion           116.4 fs=-31.69 wc=19.96  (0.6s)
    B0 seat  1 r14 BENCH WR  De'Zhaun Stribling       94.0 fs=-54.98 wc=4.38  (0.7s)
    B0 seat  1 r15 BENCH WR  Ryan Flournoy            95.2 fs=-55.66 wc=7.64  (0.6s)
  == SHARED seat  1: {'RB': 3, 'WR': 9, 'TE': 1, 'QB': 2} bench {'WR': 5, 'RB': 1} order True/None lineup 2172.5 vs ctrl 2040.32 forced 0 unfillable [] cdme 522.98 vs 420.68 start 741.69 (9.8s)
-> evidence/roster_shape/shared_slot/wave3/12T_standard_SF.json
commit 7aa1227 | 12T_half_ppr | pool 481 | rounds 14
    B0 seat  1 r01 mixed RB  Jahmyr Gibbs            377.4 fs=218.96 wc=333.67  (0.7s)
    B0 seat  1 r02 mixed TE  Brock Bowers            253.0 fs=114.98 wc=181.35  (0.6s)
    B0 seat  1 r03 mixed TE  Trey McBride            243.1 fs=101.52 wc=171.46  (0.7s)
    B0 seat  1 r04 mixed TE  Colston Loveland        222.1 fs=78.12 wc=149.42  (0.6s)
    B0 seat  1 r05 mixed RB  Cam Skattebo            226.6 fs=56.25 wc=167.07  (0.7s)
    B0 seat  1 r06 mixed WR  DK Metcalf              187.0 fs=13.32 wc=33.44  (0.6s)
    B0 seat  1 r07 mixed WR  Emeka Egbuka            184.6 fs=8.68 wc=31.06  (0.6s)
    B0 seat  1 r08 mixed QB  Patrick Mahomes         328.6 fs=4.0 wc=34.14  (0.6s)
    B0 seat  1 r09 BENCH QB  Jordan Love             317.4 fs=-11.24 wc=22.9  (0.7s)
    B0 seat  1 r10 BENCH WR  Marvin Harrison         171.3 fs=-14.49 wc=25.45  (0.7s)
    B0 seat  1 r11 BENCH WR  Chris Godwin            170.7 fs=-12.65 wc=24.92  (0.6s)
    B0 seat  1 r12 BENCH WR  KC Concepcion           140.7 fs=-41.4 wc=15.51  (0.7s)
    B0 seat  1 r13 BENCH WR  Keenan Allen            138.6 fs=-42.5 wc=13.4  (0.6s)
    B0 seat  1 r14 BENCH WR  De'Zhaun Stribling      114.3 fs=-68.39 wc=5.72  (0.6s)
  == SELF   seat  1: {'RB': 2, 'TE': 3, 'WR': 7, 'QB': 2} bench {'QB': 1, 'WR': 5} order False/None lineup 2022.38 vs ctrl 1933.73 forced 0 unfillable [] cdme 344.95 vs 265.07 start 551.04 (9.0s)
    B0 seat  1 r01 mixed RB  Jahmyr Gibbs            377.4 fs=218.96 wc=333.67  (0.6s)
    B0 seat  1 r02 mixed TE  Brock Bowers            253.0 fs=114.98 wc=181.35  (0.6s)
    B0 seat  1 r03 mixed WR  CeeDee Lamb             275.6 fs=100.08 wc=113.43  (0.6s)
    B0 seat  1 r04 mixed RB  Cam Skattebo            226.6 fs=56.25 wc=168.95  (0.6s)
    B0 seat  1 r05 mixed WR  Tetairoa McMillan       225.9 fs=45.15 wc=69.85  (0.6s)
    B0 seat  1 r06 mixed TE  Sam LaPorta             191.4 fs=7.78 wc=115.53  (0.6s)
    B0 seat  1 r07 mixed WR  DK Metcalf              187.0 fs=5.26 wc=33.44  (0.6s)
    B0 seat  1 r08 mixed QB  Patrick Mahomes         328.6 fs=4.0 wc=34.14  (0.6s)
    B0 seat  1 r09 BENCH QB  Jordan Love             317.4 fs=-11.24 wc=22.9  (0.7s)
    B0 seat  1 r10 BENCH WR  Brian Thomas            171.8 fs=-16.43 wc=18.28  (0.7s)
    B0 seat  1 r11 BENCH WR  Marvin Harrison         171.3 fs=-10.11 wc=25.45  (0.6s)
    B0 seat  1 r12 BENCH WR  KC Concepcion           140.7 fs=-40.06 wc=12.11  (0.7s)
    B0 seat  1 r13 BENCH WR  Keenan Allen            138.6 fs=-41.16 wc=13.4  (0.6s)
    B0 seat  1 r14 BENCH WR  De'Zhaun Stribling      114.3 fs=-67.05 wc=0.0  (0.6s)
  == SHARED seat  1: {'RB': 2, 'TE': 2, 'WR': 8, 'QB': 2} bench {'QB': 1, 'WR': 5} order False/None lineup 2065.53 vs ctrl 1897.83 forced 0 unfillable [] cdme 343.54 vs 212.49 start 547.58 (8.9s)
-> evidence/roster_shape/shared_slot/wave3/12T_half_ppr.json
commit 7aa1227 | 14T_standard | pool 481 | rounds 14
    B0 seat  1 r01 mixed RB  Jahmyr Gibbs            342.8 fs=216.79 wc=310.83  (0.7s)
    B0 seat  1 r02 mixed TE  Brock Bowers            195.8 fs=100.44 wc=147.97  (0.6s)
    B0 seat  1 r03 mixed RB  Kyren Williams          229.1 fs=96.47 wc=194.84  (0.6s)
    B0 seat  1 r04 mixed TE  Trey McBride            185.4 fs=85.81 wc=137.42  (0.6s)
    B0 seat  1 r05 mixed TE  Colston Loveland        178.9 fs=81.85 wc=131.0  (0.6s)
    B0 seat  1 r06 mixed WR  Rome Odunze             150.6 fs=17.75 wc=49.29  (0.6s)
    B0 seat  1 r07 mixed WR  Jordan Addison          149.9 fs=12.53 wc=48.54  (0.6s)
    B0 seat  1 r08 mixed QB  Bo Nix                  316.0 fs=3.73 wc=53.49  (0.6s)
    B0 seat  1 r09 BENCH QB  Justin Herbert          315.1 fs=-0.83 wc=52.66  (0.7s)
    B0 seat  1 r10 BENCH WR  Tre Tucker              126.9 fs=-25.86 wc=32.9  (0.6s)
    B0 seat  1 r11 BENCH WR  Rashid Shaheed          121.4 fs=-28.87 wc=27.42  (0.7s)
    B0 seat  1 r12 BENCH WR  De'Zhaun Stribling       94.0 fs=-56.89 wc=9.71  (0.6s)
    B0 seat  1 r13 BENCH WR  Ryan Flournoy            95.2 fs=-58.05 wc=12.1  (0.7s)
    B0 seat  1 r14 BENCH WR  Jahan Dotson             66.5 fs=-82.01 wc=-0.12  (0.6s)
  == SELF   seat  1: {'RB': 2, 'TE': 3, 'WR': 7, 'QB': 2} bench {'QB': 1, 'WR': 5} order False/None lineup 1748.6 vs ctrl 1638.72 forced 0 unfillable [] cdme 314.58 vs -39.29 start 560.92 (8.7s)
    B0 seat  1 r01 mixed RB  Jahmyr Gibbs            342.8 fs=216.79 wc=310.83  (0.7s)
    B0 seat  1 r02 mixed TE  Brock Bowers            195.8 fs=100.44 wc=147.97  (0.6s)
    B0 seat  1 r03 mixed RB  Kyren Williams          229.1 fs=96.47 wc=194.84  (0.6s)
    B0 seat  1 r04 mixed WR  Tetairoa McMillan       187.5 fs=48.38 wc=78.43  (0.6s)
    B0 seat  1 r05 mixed TE  Trey McBride            185.4 fs=38.46 wc=137.42  (0.6s)
    B0 seat  1 r06 mixed WR  Rome Odunze             150.6 fs=10.75 wc=49.29  (0.6s)
    B0 seat  1 r07 mixed WR  Jordan Addison          149.9 fs=5.53 wc=48.54  (0.6s)
    B0 seat  1 r08 mixed QB  Bo Nix                  316.0 fs=3.73 wc=53.49  (0.6s)
    B0 seat  1 r09 BENCH QB  Justin Herbert          315.1 fs=-0.83 wc=52.66  (0.7s)
    B0 seat  1 r10 BENCH RB  Kyle Monangai           126.7 fs=-17.46 wc=85.7  (0.7s)
    B0 seat  1 r11 BENCH WR  Tre Tucker              126.9 fs=-25.41 wc=31.73  (0.7s)
    B0 seat  1 r12 BENCH WR  De'Zhaun Stribling       94.0 fs=-54.13 wc=9.71  (0.6s)
    B0 seat  1 r13 BENCH WR  Ryan Flournoy            95.2 fs=-55.29 wc=12.1  (0.6s)
    B0 seat  1 r14 BENCH RB  Justice Hill             65.7 fs=-75.11 wc=1.65  (0.6s)
  == SHARED seat  1: {'RB': 4, 'TE': 2, 'WR': 6, 'QB': 2} bench {'QB': 1, 'RB': 2, 'WR': 3} order True/None lineup 1757.13 vs ctrl 1637.9 forced 0 unfillable [] cdme 305.25 vs -213.87 start 521.94 (8.7s)
-> evidence/roster_shape/shared_slot/wave3/14T_standard.json
commit 7aa1227 | 14T_half_ppr | pool 481 | rounds 14
    B0 seat  1 r01 mixed RB  Jahmyr Gibbs            377.4 fs=235.54 wc=342.29  (0.7s)
    B0 seat  1 r02 mixed TE  Brock Bowers            253.0 fs=134.52 wc=191.26  (0.7s)
    B0 seat  1 r03 mixed TE  Trey McBride            243.1 fs=121.07 wc=181.55  (0.6s)
    B0 seat  1 r04 mixed TE  Tyler Warren            204.0 fs=78.97 wc=142.28  (0.7s)
    B0 seat  1 r05 mixed RB  Quinshon Judkins        217.9 fs=73.71 wc=176.27  (0.6s)
    B0 seat  1 r06 mixed WR  Rome Odunze             181.5 fs=16.83 wc=65.89  (0.6s)
    B0 seat  1 r07 mixed WR  Michael Wilson          180.0 fs=10.96 wc=62.93  (0.6s)
    B0 seat  1 r08 mixed QB  Bo Nix                  316.0 fs=3.73 wc=53.49  (0.6s)
    B0 seat  1 r09 BENCH QB  Justin Herbert          315.1 fs=-0.83 wc=52.66  (0.7s)
    B0 seat  1 r10 BENCH WR  Rashid Shaheed          145.8 fs=-31.81 wc=37.24  (0.7s)
    B0 seat  1 r11 BENCH WR  KC Concepcion           140.7 fs=-37.79 wc=33.82  (0.7s)
    B0 seat  1 r12 BENCH WR  De'Zhaun Stribling      114.3 fs=-66.06 wc=13.94  (0.6s)
    B0 seat  1 r13 BENCH WR  Makai Lemon             108.6 fs=-70.84 wc=8.32  (0.7s)
    B0 seat  1 r14 BENCH WR  Darnell Mooney           82.7 fs=-96.1 wc=0.0  (0.6s)
  == SELF   seat  1: {'RB': 2, 'TE': 3, 'WR': 7, 'QB': 2} bench {'QB': 1, 'WR': 5} order False/None lineup 1972.93 vs ctrl 1856.06 forced 0 unfillable [] cdme 307.94 vs 202.7 start 618.4 (9.0s)
    B0 seat  1 r01 mixed RB  Jahmyr Gibbs            377.4 fs=235.54 wc=342.29  (0.7s)
    B0 seat  1 r02 mixed TE  Brock Bowers            253.0 fs=134.52 wc=191.26  (0.6s)
    B0 seat  1 r03 mixed RB  Derrick Henry           264.9 fs=111.12 wc=223.24  (0.6s)
    B0 seat  1 r04 mixed WR  Luther Burden           213.3 fs=43.95 wc=84.68  (0.6s)
    B0 seat  1 r05 mixed WR  Mike Evans              212.1 fs=38.23 wc=83.46  (0.6s)
    B0 seat  1 r06 mixed WR  Rome Odunze             181.5 fs=7.65 wc=64.45  (0.6s)
    B0 seat  1 r07 mixed WR  Michael Wilson          180.0 fs=5.11 wc=54.77  (0.6s)
    B0 seat  1 r08 mixed QB  Bo Nix                  316.0 fs=3.73 wc=53.49  (0.7s)
    B0 seat  1 r09 BENCH QB  Justin Herbert          315.1 fs=-0.83 wc=52.66  (0.7s)
    B0 seat  1 r10 BENCH TE  Dalton Kincaid          143.9 fs=-31.5 wc=66.64  (0.6s)
    B0 seat  1 r11 BENCH RB  Jonathon Brooks         144.8 fs=-33.16 wc=92.76  (0.6s)
    B0 seat  1 r12 BENCH WR  De'Zhaun Stribling      114.3 fs=-65.1 wc=13.94  (0.6s)
    B0 seat  1 r13 BENCH TE  Cade Otton              114.5 fs=-69.57 wc=38.68  (0.6s)
    B0 seat  1 r14 BENCH RB  Brian Robinson           82.7 fs=-88.14 wc=3.21  (0.6s)
  == SHARED seat  1: {'RB': 4, 'TE': 3, 'WR': 5, 'QB': 2} bench {'QB': 1, 'TE': 2, 'RB': 2, 'WR': 1} order True/None lineup 1998.15 vs ctrl 1861.17 forced 0 unfillable [] cdme 374.81 vs 213.34 start 540.05 (8.9s)
-> evidence/roster_shape/shared_slot/wave3/14T_half_ppr.json
commit 7aa1227 | 14T_half_ppr_SF | pool 481 | rounds 15
    B0 seat  1 r01 mixed RB  Jahmyr Gibbs            377.4 fs=239.38 wc=335.69  (0.6s)
    B0 seat  1 r02 mixed RB  James Cook              296.4 fs=153.27 wc=253.14  (0.6s)
    B0 seat  1 r03 mixed RB  De'Von Achane           289.7 fs=144.24 wc=246.35  (0.6s)
    B0 seat  1 r04 mixed TE  Colston Loveland        222.1 fs=103.3 wc=160.35  (0.6s)
    B0 seat  1 r05 mixed RB  Breece Hall             241.9 fs=94.69 wc=198.61  (0.6s)
    B0 seat  1 r06 mixed TE  Tucker Kraft            195.6 fs=71.68 wc=133.59  (0.7s)
    B0 seat  1 r07 mixed QB  Aaron Rodgers           262.5 fs=59.84 wc=None  (0.6s)
    B0 seat  1 r08 mixed QB  Cam Ward                256.5 fs=49.55 wc=None  (0.6s)
    B0 seat  1 r09 mixed WR  Marvin Harrison         171.3 fs=9.02 wc=56.97  (0.6s)
    B0 seat  1 r10 mixed WR  Rashid Shaheed          145.8 fs=7.66 wc=39.45  (0.6s)
    B0 seat  1 r11 BENCH WR  KC Concepcion           140.7 fs=-35.78 wc=34.36  (0.7s)
    B0 seat  1 r12 BENCH WR  De'Zhaun Stribling      114.3 fs=-62.49 wc=22.44  (0.6s)
    B0 seat  1 r13 BENCH WR  Makai Lemon             108.6 fs=-67.75 wc=22.77  (0.7s)
    B0 seat  1 r14 BENCH WR  Darnell Mooney           82.7 fs=-92.41 wc=6.38  (0.6s)
    B0 seat  1 r15 BENCH WR  Jahan Dotson             80.8 fs=-94.34 wc=6.12  (0.7s)
  == SELF   seat  1: {'RB': 4, 'TE': 2, 'QB': 2, 'WR': 7} bench {'WR': 6} order True/None lineup 2263.54 vs ctrl 2179.56 forced 0 unfillable [] cdme 490.58 vs 443.7 start 797.04 (9.5s)
    B0 seat  1 r01 mixed RB  Jahmyr Gibbs            377.4 fs=239.38 wc=335.69  (0.7s)
    B0 seat  1 r02 mixed RB  James Cook              296.4 fs=153.27 wc=253.14  (0.6s)
    B0 seat  1 r03 mixed TE  Brock Bowers            253.0 fs=134.68 wc=191.44  (0.6s)
    B0 seat  1 r04 mixed WR  Zay Flowers             241.3 fs=73.17 wc=108.63  (0.6s)
    B0 seat  1 r05 mixed WR  DeVonta Smith           236.6 fs=64.13 wc=107.96  (0.6s)
    B0 seat  1 r06 mixed QB  Aaron Rodgers           262.5 fs=59.84 wc=None  (0.6s)
    B0 seat  1 r07 mixed QB  Cam Ward                256.5 fs=49.59 wc=None  (0.6s)
    B0 seat  1 r08 mixed WR  Chris Godwin            170.7 fs=-0.03 wc=56.44  (0.6s)
    B0 seat  1 r09 mixed WR  Courtland Sutton        169.2 fs=-1.07 wc=60.59  (0.6s)
    B0 seat  1 r10 BENCH WR  Rashid Shaheed          145.8 fs=-32.75 wc=38.94  (0.7s)
    B0 seat  1 r11 BENCH TE  Dalton Kincaid          143.9 fs=-35.48 wc=71.23  (0.6s)
    B0 seat  1 r12 BENCH WR  De'Zhaun Stribling      114.3 fs=-59.97 wc=28.49  (0.6s)
    B0 seat  1 r13 BENCH WR  Makai Lemon             108.6 fs=-64.99 wc=23.19  (0.6s)
    B0 seat  1 r14 BENCH RB  Brian Robinson           82.7 fs=-83.37 wc=18.51  (0.6s)
    B0 seat  1 r15 BENCH WR  Darnell Mooney           82.7 fs=-90.49 wc=6.38  (0.6s)
  == SHARED seat  1: {'RB': 3, 'TE': 2, 'WR': 8, 'QB': 2} bench {'WR': 4, 'TE': 1, 'RB': 1} order True/None lineup 2263.59 vs ctrl 2187.91 forced 0 unfillable [] cdme 413.72 vs 453.93 start 740.68 (9.3s)
-> evidence/roster_shape/shared_slot/wave3/14T_half_ppr_SF.json
commit 7aa1227 | 14T_ppr_SF | pool 481 | rounds 15
    B0 seat  1 r01 mixed RB  Jahmyr Gibbs            411.9 fs=263.98 wc=364.6  (0.6s)
    B0 seat  1 r02 mixed TE  Brock Bowers            310.2 fs=166.03 wc=234.01  (0.6s)
    B0 seat  1 r03 mixed TE  Trey McBride            300.9 fs=153.05 wc=224.68  (0.6s)
    B0 seat  1 r04 mixed TE  Colston Loveland        265.2 fs=116.05 wc=189.06  (0.6s)
    B0 seat  1 r05 mixed RB  Javonte Williams        260.0 fs=109.99 wc=212.56  (0.6s)
    B0 seat  1 r06 mixed TE  George Kittle           224.5 fs=77.27 wc=147.79  (0.6s)
    B0 seat  1 r07 mixed QB  Aaron Rodgers           262.5 fs=59.84 wc=None  (0.6s)
    B0 seat  1 r08 mixed QB  Cam Ward                256.5 fs=32.56 wc=256.47  (0.6s)
    B0 seat  1 r09 mixed WR  Jakobi Meyers           194.5 fs=7.76 wc=67.02  (0.5s)
    B0 seat  1 r10 mixed WR  Rashid Shaheed          170.2 fs=5.66 wc=44.94  (0.6s)
    B0 seat  1 r11 BENCH WR  Keenan Allen            167.2 fs=-2.37 wc=41.85  (0.5s)
    B0 seat  1 r12 BENCH WR  De'Zhaun Stribling      134.6 fs=-77.93 wc=23.62  (0.7s)
    B0 seat  1 r13 BENCH WR  Makai Lemon             129.7 fs=-81.5 wc=27.18  (0.6s)
    B0 seat  1 r14 BENCH WR  Jahan Dotson             95.0 fs=-113.47 wc=11.05  (0.6s)
    B0 seat  1 r15 BENCH WR  Kendrick Bourne          91.4 fs=-117.0 wc=7.83  (0.6s)
  == SELF   seat  1: {'RB': 2, 'TE': 4, 'QB': 2, 'WR': 7} bench {'WR': 6} order False/None lineup 2431.87 vs ctrl 2468.97 forced 0 unfillable [] cdme 466.83 vs 497.39 start 852.57 (9.0s)
    B0 seat  1 r01 mixed RB  Jahmyr Gibbs            411.9 fs=263.98 wc=364.6  (0.6s)
    B0 seat  1 r02 mixed TE  Brock Bowers            310.2 fs=166.03 wc=234.01  (0.6s)
    B0 seat  1 r03 mixed RB  Jeremiyah Love          288.5 fs=137.53 wc=241.18  (0.6s)
    B0 seat  1 r04 mixed QB  Daniel Jones            281.9 fs=78.65 wc=None  (0.6s)
    B0 seat  1 r05 mixed WR  Tetairoa McMillan       264.3 fs=61.83 wc=108.57  (0.6s)
    B0 seat  1 r06 mixed QB  Cam Ward                256.5 fs=49.6 wc=None  (0.6s)
    B0 seat  1 r07 mixed WR  Alec Pierce             225.5 fs=21.31 wc=74.5  (0.6s)
    B0 seat  1 r08 mixed WR  Marvin Harrison         199.5 fs=3.64 wc=69.81  (0.6s)
    B0 seat  1 r09 mixed WR  Jakobi Meyers           194.5 fs=-1.45 wc=65.04  (0.6s)
    B0 seat  1 r10 BENCH RB  Jadarian Price          171.0 fs=-41.75 wc=116.11  (0.8s)
    B0 seat  1 r11 BENCH WR  Rashid Shaheed          170.2 fs=-38.51 wc=42.73  (0.6s)
    B0 seat  1 r12 BENCH WR  De'Zhaun Stribling      134.6 fs=-73.73 wc=23.62  (0.7s)
    B0 seat  1 r13 BENCH WR  Makai Lemon             129.7 fs=-78.14 wc=27.18  (0.6s)
    B0 seat  1 r14 BENCH RB  Isaiah Davis             96.1 fs=-107.08 wc=23.47  (0.6s)
    B0 seat  1 r15 BENCH TE  Daniel Bellinger         94.5 fs=-109.07 wc=6.9  (0.7s)
  == SHARED seat  1: {'RB': 4, 'TE': 2, 'QB': 2, 'WR': 7} bench {'RB': 2, 'WR': 3, 'TE': 1} order True/None lineup 2432.71 vs ctrl 2488.57 forced 0 unfillable [] cdme 404.54 vs 415.82 start 735.09 (9.5s)
-> evidence/roster_shape/shared_slot/wave3/14T_ppr_SF.json
commit 7aa1227 | 12T_ppr_TEP_dynasty | pool 481 | rounds 14
    B0 seat  1 r01 mixed RB  Jahmyr Gibbs            411.9 fs=232.85 wc=361.17  (0.6s)
    B0 seat  1 r02 mixed RB  James Cook              317.9 fs=133.25 wc=259.47  (0.6s)
    B0 seat  1 r03 mixed RB  Chase Brown             316.0 fs=123.64 wc=257.57  (0.6s)
    B0 seat  1 r04 mixed RB  Javonte Williams        260.0 fs=74.35 wc=195.69  (0.6s)
    B0 seat  1 r05 mixed TE  George Kittle           262.0 fs=68.21 wc=157.52  (0.6s)
    B0 seat  1 r06 mixed WR  Alec Pierce             225.5 fs=18.23 wc=55.25  (0.6s)
    B0 seat  1 r07 mixed WR  Jalen Coker             222.9 fs=6.76 wc=52.62  (0.6s)
    B0 seat  1 r08 mixed QB  Patrick Mahomes         328.6 fs=4.0 wc=34.14  (0.6s)
    B0 seat  1 r09 BENCH QB  Jordan Love             317.4 fs=-11.24 wc=27.72  (0.7s)
    B0 seat  1 r10 BENCH WR  Carnell Tate            207.2 fs=-15.58 wc=19.0  (0.7s)
    B0 seat  1 r11 BENCH WR  Chris Godwin            206.7 fs=-19.14 wc=18.53  (0.7s)
    B0 seat  1 r12 BENCH WR  Rashid Shaheed          170.2 fs=-52.12 wc=14.48  (0.7s)
    B0 seat  1 r13 BENCH WR  Keenan Allen            167.2 fs=-52.59 wc=16.16  (0.7s)
    B0 seat  1 r14 BENCH WR  De'Zhaun Stribling      134.6 fs=-86.82 wc=-0.18  (0.7s)
  == SELF   seat  1: {'RB': 4, 'TE': 1, 'WR': 7, 'QB': 2} bench {'QB': 1, 'WR': 5} order True/None lineup 2344.66 vs ctrl 2246.29 forced 0 unfillable [] cdme 395.81 vs 166.7 start 610.88 (9.0s)
    B0 seat  1 r01 mixed RB  Jahmyr Gibbs            411.9 fs=232.85 wc=361.17  (0.7s)
    B0 seat  1 r02 mixed RB  James Cook              317.9 fs=133.25 wc=259.47  (0.7s)
    B0 seat  1 r03 mixed TE  Colston Loveland        308.4 fs=110.83 wc=204.73  (0.6s)
    B0 seat  1 r04 mixed WR  Tetairoa McMillan       264.3 fs=55.74 wc=84.14  (0.6s)
    B0 seat  1 r05 mixed WR  Terry McLaurin          261.1 fs=47.05 wc=80.9  (0.6s)
    B0 seat  1 r06 mixed TE  Jake Ferguson           227.4 fs=11.47 wc=121.78  (0.7s)
    B0 seat  1 r07 mixed WR  Alec Pierce             225.5 fs=9.75 wc=55.25  (0.6s)
    B0 seat  1 r08 mixed QB  Patrick Mahomes         328.6 fs=4.0 wc=34.14  (0.6s)
    B0 seat  1 r09 BENCH QB  Jordan Love             317.4 fs=-11.24 wc=27.72  (0.8s)
    B0 seat  1 r10 BENCH WR  Chris Godwin            206.7 fs=-21.75 wc=26.51  (0.6s)
    B0 seat  1 r11 BENCH TE  Dalton Kincaid          204.8 fs=-14.95 wc=82.12  (0.7s)
    B0 seat  1 r12 BENCH RB  Jadarian Price          171.0 fs=-45.85 wc=44.97  (0.6s)
    B0 seat  1 r13 BENCH WR  Rashid Shaheed          170.2 fs=-53.75 wc=14.48  (0.6s)
    B0 seat  1 r14 BENCH WR  De'Zhaun Stribling      134.6 fs=-88.25 wc=-0.18  (0.6s)
  == SHARED seat  1: {'RB': 3, 'TE': 3, 'WR': 6, 'QB': 2} bench {'QB': 1, 'WR': 3, 'TE': 1, 'RB': 1} order False/None lineup 2345.05 vs ctrl 2266.31 forced 0 unfillable [] cdme 401.2 vs 279.71 start 576.02 (9.1s)
-> evidence/roster_shape/shared_slot/wave3/12T_ppr_TEP_dynasty.json
commit 7aa1227 | 12T_ppr_redraft | pool 481 | rounds 14
    B0 seat  1 r01 mixed RB  Christian McCaffrey     413.2 fs=236.27 wc=362.52  (0.7s)
    B0 seat  1 r02 mixed TE  Brock Bowers            310.2 fs=142.16 wc=222.63  (0.6s)
    B0 seat  1 r03 mixed RB  Chase Brown             316.0 fs=135.01 wc=252.11  (0.6s)
    B0 seat  1 r04 mixed RB  Javonte Williams        260.0 fs=75.02 wc=195.51  (0.6s)
    B0 seat  1 r05 mixed RB  David Montgomery        259.9 fs=82.94 wc=195.92  (0.6s)
    B0 seat  1 r06 mixed WR  Jalen Coker             222.9 fs=19.15 wc=52.62  (0.6s)
    B0 seat  1 r07 mixed WR  DK Metcalf              217.1 fs=9.34 wc=46.81  (0.6s)
    B0 seat  1 r08 mixed QB  Patrick Mahomes         328.6 fs=4.0 wc=34.14  (0.6s)
    B0 seat  1 r09 BENCH QB  Jordan Love             317.4 fs=-11.24 wc=22.9  (0.8s)
    B0 seat  1 r10 BENCH WR  Marvin Harrison         199.5 fs=-16.92 wc=34.39  (0.6s)
    B0 seat  1 r11 BENCH WR  Deebo Samuel            197.8 fs=-19.25 wc=32.73  (0.7s)
    B0 seat  1 r12 BENCH WR  KC Concepcion           165.1 fs=-49.46 wc=15.97  (0.6s)
    B0 seat  1 r13 BENCH WR  Devaughn Vele           165.0 fs=-50.48 wc=26.04  (0.7s)
    B0 seat  1 r14 BENCH WR  De'Zhaun Stribling      134.6 fs=-80.86 wc=4.98  (0.6s)
  == SELF   seat  1: {'RB': 4, 'TE': 1, 'WR': 7, 'QB': 2} bench {'QB': 1, 'WR': 5} order True/None lineup 2327.82 vs ctrl 2218.82 forced 0 unfillable [] cdme 420.95 vs 307.72 start 651.47 (8.8s)
    B0 seat  1 r01 mixed RB  Christian McCaffrey     413.2 fs=236.27 wc=362.52  (0.7s)
    B0 seat  1 r02 mixed TE  Brock Bowers            310.2 fs=142.16 wc=222.63  (0.6s)
    B0 seat  1 r03 mixed RB  Chase Brown             316.0 fs=135.01 wc=252.11  (0.6s)
    B0 seat  1 r04 mixed WR  Jameson Williams        259.2 fs=51.6 wc=78.99  (0.6s)
    B0 seat  1 r05 mixed RB  Javonte Williams        260.0 fs=44.41 wc=195.51  (0.6s)
    B0 seat  1 r06 mixed WR  Jalen Coker             222.9 fs=13.88 wc=52.62  (0.6s)
    B0 seat  1 r07 mixed TE  George Kittle           224.5 fs=11.51 wc=134.51  (0.6s)
    B0 seat  1 r08 mixed QB  Patrick Mahomes         328.6 fs=4.0 wc=34.14  (0.6s)
    B0 seat  1 r09 BENCH QB  Jordan Love             317.4 fs=-11.24 wc=22.9  (0.7s)
    B0 seat  1 r10 BENCH WR  Marvin Harrison         199.5 fs=-22.73 wc=34.39  (0.7s)
    B0 seat  1 r11 BENCH WR  Deebo Samuel            197.8 fs=-25.06 wc=32.73  (0.6s)
    B0 seat  1 r12 BENCH WR  KC Concepcion           165.1 fs=-53.59 wc=15.97  (0.7s)
    B0 seat  1 r13 BENCH WR  Devaughn Vele           165.0 fs=-54.97 wc=26.04  (0.6s)
    B0 seat  1 r14 BENCH WR  De'Zhaun Stribling      134.6 fs=-85.35 wc=4.98  (0.7s)
  == SHARED seat  1: {'RB': 3, 'TE': 2, 'WR': 7, 'QB': 2} bench {'QB': 1, 'WR': 5} order True/None lineup 2334.52 vs ctrl 2215.95 forced 0 unfillable [] cdme 440.6 vs 335.46 start 671.12 (8.6s)
-> evidence/roster_shape/shared_slot/wave3/12T_ppr_redraft.json
commit 7aa1227 | 12T_ppr_TEP_redraft | pool 481 | rounds 14
    B0 seat  1 r01 mixed RB  Christian McCaffrey     413.2 fs=236.27 wc=362.52  (0.6s)
    B0 seat  1 r02 mixed RB  James Cook              317.9 fs=136.91 wc=259.47  (0.6s)
    B0 seat  1 r03 mixed RB  Chase Brown             316.0 fs=131.01 wc=257.57  (0.6s)
    B0 seat  1 r04 mixed RB  Kyren Williams          263.7 fs=78.02 wc=199.36  (0.6s)
    B0 seat  1 r05 mixed TE  George Kittle           262.0 fs=72.26 wc=157.52  (0.6s)
    B0 seat  1 r06 mixed WR  Alec Pierce             225.5 fs=20.1 wc=55.25  (0.6s)
    B0 seat  1 r07 mixed WR  Jalen Coker             222.9 fs=13.47 wc=52.62  (0.6s)
    B0 seat  1 r08 mixed QB  Patrick Mahomes         328.6 fs=4.0 wc=34.14  (0.6s)
    B0 seat  1 r09 BENCH WR  Rome Odunze             212.4 fs=-9.81 wc=39.38  (0.7s)
    B0 seat  1 r10 BENCH WR  Carnell Tate            207.2 fs=-13.29 wc=19.0  (0.7s)
    B0 seat  1 r11 BENCH WR  Chris Godwin            206.7 fs=-13.88 wc=18.53  (0.6s)
    B0 seat  1 r12 BENCH WR  Rashid Shaheed          170.2 fs=-50.34 wc=14.48  (0.7s)
    B0 seat  1 r13 BENCH WR  Keenan Allen            167.2 fs=-53.43 wc=16.16  (0.6s)
    B0 seat  1 r14 BENCH WR  Rashod Bateman          134.8 fs=-85.77 wc=0.0  (0.6s)
  == SELF   seat  1: {'RB': 4, 'TE': 1, 'WR': 8, 'QB': 1} bench {'WR': 6} order True/None lineup 2349.68 vs ctrl 2244.94 forced 0 unfillable [] cdme 444.79 vs 205.63 start 643.84 (8.8s)
    B0 seat  1 r01 mixed RB  Christian McCaffrey     413.2 fs=236.27 wc=362.52  (0.7s)
    B0 seat  1 r02 mixed RB  James Cook              317.9 fs=136.91 wc=259.47  (0.6s)
    B0 seat  1 r03 mixed TE  Colston Loveland        308.4 fs=110.86 wc=204.73  (0.7s)
    B0 seat  1 r04 mixed WR  Tetairoa McMillan       264.3 fs=56.75 wc=84.14  (0.6s)
    B0 seat  1 r05 mixed WR  Terry McLaurin          261.1 fs=49.51 wc=80.9  (0.6s)
    B0 seat  1 r06 mixed TE  Mark Andrews            229.3 fs=15.94 wc=123.71  (0.6s)
    B0 seat  1 r07 mixed RB  Rico Dowdle             228.8 fs=15.46 wc=164.55  (0.6s)
    B0 seat  1 r08 mixed QB  Patrick Mahomes         328.6 fs=4.0 wc=34.14  (0.6s)
    B0 seat  1 r09 BENCH QB  Jordan Love             317.4 fs=-11.24 wc=27.72  (0.7s)
    B0 seat  1 r10 BENCH WR  Carnell Tate            207.2 fs=-21.01 wc=26.98  (0.6s)
    B0 seat  1 r11 BENCH TE  Dalton Kincaid          204.8 fs=-16.0 wc=82.12  (0.7s)
    B0 seat  1 r12 BENCH RB  Jadarian Price          171.0 fs=-53.01 wc=44.97  (0.6s)
    B0 seat  1 r13 BENCH WR  Rashid Shaheed          170.2 fs=-54.77 wc=14.48  (0.7s)
    B0 seat  1 r14 BENCH RB  Woody Marks             135.3 fs=-90.05 wc=9.25  (0.6s)
  == SHARED seat  1: {'RB': 5, 'TE': 3, 'WR': 4, 'QB': 2} bench {'QB': 1, 'WR': 2, 'TE': 1, 'RB': 2} order False/None lineup 2351.69 vs ctrl 2264.33 forced 0 unfillable [] cdme 500.69 vs 239.09 start 629.31 (9.0s)
-> evidence/roster_shape/shared_slot/wave3/12T_ppr_TEP_redraft.json
commit 7aa1227 | 12T_ppr_mode_balanced | pool 481 | rounds 14
    B0 seat  1 r01 mixed RB  Jahmyr Gibbs            411.9 fs=232.93 wc=361.17  (0.8s)
    B0 seat  1 r02 mixed TE  Brock Bowers            310.2 fs=142.0 wc=222.63  (0.7s)
    B0 seat  1 r03 mixed TE  Trey McBride            300.9 fs=129.02 wc=213.3  (0.7s)
    B0 seat  1 r04 mixed RB  Javonte Williams        260.0 fs=79.02 wc=195.51  (0.7s)
    B0 seat  1 r05 mixed TE  Tyler Warren            245.1 fs=70.64 wc=155.92  (0.7s)
    B0 seat  1 r06 mixed WR  Jalen Coker             222.9 fs=11.24 wc=52.62  (0.6s)
    B0 seat  1 r07 mixed WR  DK Metcalf              217.1 fs=5.46 wc=46.81  (0.7s)
    B0 seat  1 r08 mixed QB  Patrick Mahomes         328.6 fs=4.0 wc=34.14  (0.8s)
    B0 seat  1 r09 BENCH QB  Jordan Love             317.4 fs=-11.24 wc=22.9  (0.8s)
    B0 seat  1 r10 BENCH WR  Marvin Harrison         199.5 fs=-18.54 wc=32.31  (0.7s)
    B0 seat  1 r11 BENCH WR  Jakobi Meyers           194.5 fs=-22.34 wc=27.38  (0.7s)
    B0 seat  1 r12 BENCH WR  Devaughn Vele           165.0 fs=-51.32 wc=15.91  (0.7s)
    B0 seat  1 r13 BENCH WR  KC Concepcion           165.1 fs=-52.44 wc=26.1  (0.7s)
    B0 seat  1 r14 BENCH WR  De'Zhaun Stribling      134.6 fs=-83.9 wc=0.0  (0.7s)
  == SELF   seat  1: {'RB': 2, 'TE': 3, 'WR': 7, 'QB': 2} bench {'QB': 1, 'WR': 5} order False/None lineup 2296.49 vs ctrl 2233.59 forced 0 unfillable [] cdme 392.05 vs 276.71 start 632.4 (9.8s)
    B0 seat  1 r01 mixed RB  Jahmyr Gibbs            411.9 fs=232.93 wc=361.17  (0.7s)
    B0 seat  1 r02 mixed TE  Brock Bowers            310.2 fs=142.0 wc=222.63  (0.7s)
    B0 seat  1 r03 mixed RB  Chase Brown             316.0 fs=128.11 wc=252.11  (0.6s)
    B0 seat  1 r04 mixed WR  Jameson Williams        259.2 fs=50.3 wc=78.99  (0.7s)
    B0 seat  1 r05 mixed RB  Javonte Williams        260.0 fs=44.41 wc=195.51  (0.6s)
    B0 seat  1 r06 mixed WR  Jalen Coker             222.9 fs=7.24 wc=52.62  (0.6s)
    B0 seat  1 r07 mixed RB  Bucky Irving            223.6 fs=5.42 wc=159.55  (0.6s)
    B0 seat  1 r08 mixed QB  Patrick Mahomes         328.6 fs=4.0 wc=28.93  (0.6s)
    B0 seat  1 r09 BENCH QB  Jordan Love             317.4 fs=-11.24 wc=22.9  (0.8s)
    B0 seat  1 r10 BENCH WR  Jakobi Meyers           194.5 fs=-28.68 wc=29.46  (0.7s)
    B0 seat  1 r11 BENCH WR  Xavier Worthy           195.0 fs=-29.34 wc=30.01  (0.6s)
    B0 seat  1 r12 BENCH WR  Devaughn Vele           165.0 fs=-54.97 wc=15.91  (0.7s)
    B0 seat  1 r13 BENCH WR  KC Concepcion           165.1 fs=-56.09 wc=26.1  (0.6s)
    B0 seat  1 r14 BENCH WR  De'Zhaun Stribling      134.6 fs=-87.67 wc=4.98  (0.7s)
  == SHARED seat  1: {'RB': 4, 'TE': 1, 'WR': 7, 'QB': 2} bench {'QB': 1, 'WR': 5} order True/None lineup 2332.23 vs ctrl 2230.57 forced 0 unfillable [] cdme 388.82 vs 251.39 start 633.68 (9.2s)
-> evidence/roster_shape/shared_slot/wave3/12T_ppr_mode_balanced.json
commit 7aa1227 | 12T_ppr_mode_upside | pool 481 | rounds 14
    B0 seat  1 r01 mixed RB  Jahmyr Gibbs            411.9 fs=232.93 wc=361.17  (0.7s)
    B0 seat  1 r02 mixed TE  Brock Bowers            310.2 fs=142.0 wc=222.63  (0.6s)
    B0 seat  1 r03 mixed TE  Trey McBride            300.9 fs=129.02 wc=213.3  (0.7s)
    B0 seat  1 r04 mixed RB  Javonte Williams        260.0 fs=79.02 wc=195.51  (0.6s)
    B0 seat  1 r05 mixed TE  Tyler Warren            245.1 fs=70.64 wc=155.92  (0.6s)
    B0 seat  1 r06 mixed WR  Jalen Coker             222.9 fs=11.24 wc=52.62  (0.6s)
    B0 seat  1 r07 mixed WR  DK Metcalf              217.1 fs=5.46 wc=46.81  (0.6s)
    B0 seat  1 r08 mixed QB  Patrick Mahomes         328.6 fs=4.0 wc=34.14  (0.8s)
    B0 seat  1 r09 BENCH QB  Jordan Love             317.4 fs=-11.24 wc=22.9  (0.7s)
    B0 seat  1 r10 BENCH WR  Marvin Harrison         199.5 fs=-18.54 wc=32.31  (0.7s)
    B0 seat  1 r11 BENCH WR  Jakobi Meyers           194.5 fs=-22.34 wc=27.38  (0.6s)
    B0 seat  1 r12 BENCH WR  Devaughn Vele           165.0 fs=-51.32 wc=15.91  (0.7s)
    B0 seat  1 r13 BENCH WR  KC Concepcion           165.1 fs=-52.44 wc=26.1  (0.7s)
    B0 seat  1 r14 BENCH WR  De'Zhaun Stribling      134.6 fs=-83.9 wc=0.0  (0.6s)
  == SELF   seat  1: {'RB': 2, 'TE': 3, 'WR': 7, 'QB': 2} bench {'QB': 1, 'WR': 5} order False/None lineup 2296.49 vs ctrl 2233.59 forced 0 unfillable [] cdme 392.05 vs 276.71 start 632.4 (9.1s)
    B0 seat  1 r01 mixed RB  Jahmyr Gibbs            411.9 fs=232.93 wc=361.17  (0.6s)
    B0 seat  1 r02 mixed TE  Brock Bowers            310.2 fs=142.0 wc=222.63  (0.6s)
    B0 seat  1 r03 mixed RB  Chase Brown             316.0 fs=128.11 wc=252.11  (0.6s)
    B0 seat  1 r04 mixed WR  Jameson Williams        259.2 fs=50.3 wc=78.99  (0.6s)
    B0 seat  1 r05 mixed RB  Javonte Williams        260.0 fs=44.41 wc=195.51  (0.6s)
    B0 seat  1 r06 mixed WR  Jalen Coker             222.9 fs=7.24 wc=52.62  (0.6s)
    B0 seat  1 r07 mixed RB  Bucky Irving            223.6 fs=5.42 wc=159.55  (0.5s)
    B0 seat  1 r08 mixed QB  Patrick Mahomes         328.6 fs=4.0 wc=28.93  (0.6s)
    B0 seat  1 r09 BENCH QB  Jordan Love             317.4 fs=-11.24 wc=22.9  (0.7s)
    B0 seat  1 r10 BENCH WR  Jakobi Meyers           194.5 fs=-28.68 wc=29.46  (0.7s)
    B0 seat  1 r11 BENCH WR  Xavier Worthy           195.0 fs=-29.34 wc=30.01  (0.6s)
    B0 seat  1 r12 BENCH WR  Devaughn Vele           165.0 fs=-54.97 wc=15.91  (0.7s)
    B0 seat  1 r13 BENCH WR  KC Concepcion           165.1 fs=-56.09 wc=26.1  (0.6s)
    B0 seat  1 r14 BENCH WR  De'Zhaun Stribling      134.6 fs=-87.67 wc=4.98  (0.7s)
  == SHARED seat  1: {'RB': 4, 'TE': 1, 'WR': 7, 'QB': 2} bench {'QB': 1, 'WR': 5} order True/None lineup 2332.23 vs ctrl 2230.57 forced 0 unfillable [] cdme 388.82 vs 251.39 start 633.68 (8.6s)
-> evidence/roster_shape/shared_slot/wave3/12T_ppr_mode_upside.json
