commit 4b04886 | 12T_ppr | pool 481 | rounds 14 | basis fielded_flex_share | flex {'WR': {'WR': 24}, 'TE': {'TE': 12}, 'QB': {'QB': 12}, 'RB': {'RB': 24}, 'FLEX': {'WR': 21, 'RB': 3}}
    B0 seat  1 r01 mixed RB  Jahmyr Gibbs            411.9 fs=232.93 wc=361.17  (0.7s)
    B0 seat  1 r02 mixed TE  Brock Bowers            310.2 fs=142.0 wc=222.63  (0.7s)
    B0 seat  1 r03 mixed TE  Trey McBride            300.9 fs=129.02 wc=213.3  (0.7s)
    B0 seat  1 r04 mixed RB  Javonte Williams        260.0 fs=79.02 wc=195.51  (0.6s)
    B0 seat  1 r05 mixed TE  Tyler Warren            245.1 fs=70.64 wc=155.92  (0.7s)
    B0 seat  1 r06 mixed WR  Jalen Coker             222.9 fs=11.24 wc=52.62  (0.6s)
    B0 seat  1 r07 mixed WR  DK Metcalf              217.1 fs=5.46 wc=46.81  (0.7s)
    B0 seat  1 r08 mixed QB  Patrick Mahomes         328.6 fs=4.0 wc=34.14  (0.7s)
    B0 seat  1 r09 BENCH QB  Jordan Love             317.4 fs=-11.24 wc=22.9  (0.7s)
    B0 seat  1 r10 BENCH WR  Marvin Harrison         199.5 fs=-18.54 wc=32.31  (0.6s)
    B0 seat  1 r11 BENCH WR  Jakobi Meyers           194.5 fs=-22.34 wc=27.38  (0.7s)
    B0 seat  1 r12 BENCH WR  Devaughn Vele           165.0 fs=-51.32 wc=15.91  (0.6s)
    B0 seat  1 r13 BENCH WR  KC Concepcion           165.1 fs=-52.44 wc=26.1  (0.7s)
    B0 seat  1 r14 BENCH WR  De'Zhaun Stribling      134.6 fs=-83.9 wc=0.0  (0.6s)
  == EVEN     seat  1: {'RB': 2, 'TE': 3, 'WR': 7, 'QB': 2} bench {'QB': 1, 'WR': 5} order False/False lineup 2296.49 vs ctrl 2233.59 forced 0 unfillable [] cdme 417.04 vs 273.94 start 579.34 vs 467.74 (9.3s)
    B0 seat  1 r01 mixed RB  Jahmyr Gibbs            411.9 fs=217.16 wc=361.17  (0.7s)
    B0 seat  1 r02 mixed TE  Brock Bowers            310.2 fs=124.42 wc=222.63  (0.6s)
    B0 seat  1 r03 mixed WR  Justin Jefferson        315.7 fs=123.64 wc=122.96  (0.7s)
    B0 seat  1 r04 mixed RB  Javonte Williams        260.0 fs=71.98 wc=195.51  (0.6s)
    B0 seat  1 r05 mixed WR  Jameson Williams        259.2 fs=61.86 wc=78.99  (0.7s)
    B0 seat  1 r06 mixed RB  Bucky Irving            223.6 fs=33.49 wc=159.55  (0.6s)
    B0 seat  1 r07 mixed TE  George Kittle           224.5 fs=28.65 wc=134.51  (0.6s)
    B0 seat  1 r08 mixed QB  Patrick Mahomes         328.6 fs=4.0 wc=34.14  (0.8s)
    B0 seat  1 r09 BENCH QB  Jordan Love             317.4 fs=-11.24 wc=22.9  (0.6s)
    B0 seat  1 r10 BENCH WR  Marvin Harrison         199.5 fs=-25.04 wc=34.39  (0.7s)
    B0 seat  1 r11 BENCH WR  Jakobi Meyers           194.5 fs=-30.04 wc=29.46  (0.6s)
    B0 seat  1 r12 BENCH WR  Devaughn Vele           165.0 fs=-50.14 wc=15.91  (0.7s)
    B0 seat  1 r13 BENCH WR  KC Concepcion           165.1 fs=-51.26 wc=26.1  (0.6s)
    B0 seat  1 r14 BENCH WR  De'Zhaun Stribling      134.6 fs=-82.84 wc=4.98  (0.7s)
  == FIELDED  seat  1: {'RB': 3, 'TE': 2, 'WR': 7, 'QB': 2} bench {'QB': 1, 'WR': 5} order True/True lineup 2333.57 vs ctrl 2216.9 forced 0 unfillable [] cdme 441.66 vs 254.53 start 603.96 vs 448.33 (9.2s)
    B0 seat  6 r01 mixed RB  Jonathan Taylor         355.9 fs=176.08 wc=305.2  (0.6s)
    B0 seat  6 r02 mixed TE  Brock Bowers            310.2 fs=141.97 wc=232.07  (0.6s)
    B0 seat  6 r03 mixed RB  Jeremiyah Love          288.5 fs=106.59 wc=224.6  (0.6s)
    B0 seat  6 r04 mixed TE  Colston Loveland        265.2 fs=92.09 wc=176.08  (0.6s)
    B0 seat  6 r05 mixed TE  Tyler Warren            245.1 fs=70.59 wc=155.92  (0.6s)
    B0 seat  6 r06 mixed WR  Davante Adams           230.5 fs=23.33 wc=60.26  (0.7s)
    B0 seat  6 r07 mixed WR  Emeka Egbuka            214.7 fs=6.06 wc=44.47  (0.6s)
    B0 seat  6 r08 mixed QB  Patrick Mahomes         328.6 fs=4.0 wc=34.14  (0.6s)
    B0 seat  6 r09 BENCH WR  Brian Thomas            201.6 fs=-14.25 wc=36.63  (0.7s)
    B0 seat  6 r10 BENCH WR  Michael Pittman         200.6 fs=-13.21 wc=33.49  (0.7s)
    B0 seat  6 r11 BENCH WR  Wan'Dale Robinson       190.0 fs=-23.91 wc=29.18  (0.6s)
    B0 seat  6 r12 BENCH WR  Rashid Shaheed          170.2 fs=-44.49 wc=19.25  (0.8s)
    B0 seat  6 r13 BENCH WR  Cooper Kupp             149.1 fs=-63.55 wc=13.61  (0.6s)
    B0 seat  6 r14 BENCH WR  De'Zhaun Stribling      134.6 fs=-79.45 wc=-4.34  (0.7s)
  == EVEN     seat  6: {'RB': 2, 'TE': 3, 'WR': 8, 'QB': 1} bench {'WR': 6} order False/False lineup 2238.68 vs ctrl 2187.47 forced 0 unfillable [] cdme 357.6 vs 160.49 start 525.84 vs 426.72 (9.1s)
    B0 seat  6 r01 mixed WR  Amon-Ra St. Brown       375.0 fs=182.11 wc=184.98  (0.7s)
    B0 seat  6 r02 mixed TE  Brock Bowers            310.2 fs=124.39 wc=232.07  (0.7s)
    B0 seat  6 r03 mixed WR  Chris Olave             298.3 fs=100.94 wc=105.61  (0.6s)
    B0 seat  6 r04 mixed RB  Javonte Williams        260.0 fs=75.98 wc=195.69  (0.7s)
    B0 seat  6 r05 mixed TE  Tyler Warren            245.1 fs=54.64 wc=155.92  (0.6s)
    B0 seat  6 r06 mixed TE  George Kittle           224.5 fs=33.66 wc=135.34  (0.7s)
    B0 seat  6 r07 mixed RB  TreVeyon Henderson      214.6 fs=31.86 wc=150.6  (0.6s)
    B0 seat  6 r08 mixed QB  Patrick Mahomes         328.6 fs=4.0 wc=34.14  (0.6s)
    B0 seat  6 r09 BENCH WR  Chris Godwin            206.7 fs=-20.23 wc=39.55  (0.8s)
    B0 seat  6 r10 BENCH WR  Quentin Johnston        204.4 fs=-15.38 wc=31.37  (0.7s)
    B0 seat  6 r11 BENCH WR  Romeo Doubs             192.7 fs=-25.54 wc=27.72  (0.8s)
    B0 seat  6 r12 BENCH RB  Jadarian Price          171.0 fs=-40.16 wc=65.87  (0.7s)
    B0 seat  6 r13 BENCH RB  Aaron Jones             154.7 fs=-64.36 wc=29.95  (0.7s)
    B0 seat  6 r14 BENCH WR  De'Zhaun Stribling      134.6 fs=-83.13 wc=-0.86  (0.6s)
  == FIELDED  seat  6: {'WR': 6, 'TE': 3, 'RB': 4, 'QB': 1} bench {'WR': 4, 'RB': 2} order True/True lineup 2256.26 vs ctrl 2163.97 forced 0 unfillable [] cdme 372.32 vs 141.78 start 539.68 vs 408.01 (9.5s)
    B0 seat 12 r01 mixed TE  Brock Bowers            310.2 fs=141.96 wc=233.17  (0.7s)
    B0 seat 12 r02 mixed RB  De'Von Achane           318.2 fs=139.14 wc=267.44  (0.6s)
    B0 seat 12 r03 mixed RB  Kenneth Walker          283.5 fs=99.54 wc=219.51  (0.7s)
    B0 seat 12 r04 mixed RB  Omarion Hampton         280.5 fs=94.27 wc=216.46  (0.6s)
    B0 seat 12 r05 mixed RB  Quinshon Judkins        233.2 fs=58.25 wc=169.19  (0.6s)
    B0 seat 12 r06 mixed WR  Malik Nabers            242.8 fs=37.23 wc=62.58  (0.6s)
    B0 seat 12 r07 mixed WR  Rome Odunze             212.4 fs=8.27 wc=47.31  (0.6s)
    B0 seat 12 r08 mixed QB  Patrick Mahomes         328.6 fs=4.0 wc=34.14  (0.6s)
    B0 seat 12 r09 BENCH WR  Michael Pittman         200.6 fs=-12.55 wc=35.63  (0.7s)
    B0 seat 12 r10 BENCH WR  Courtland Sutton        199.7 fs=-10.63 wc=38.82  (0.6s)
    B0 seat 12 r11 BENCH WR  Tre Tucker              180.2 fs=-35.8 wc=24.43  (0.7s)
    B0 seat 12 r12 BENCH WR  Rashid Shaheed          170.2 fs=-40.6 wc=19.25  (0.6s)
    B0 seat 12 r13 BENCH WR  Cooper Kupp             149.1 fs=-59.95 wc=13.61  (0.7s)
    B0 seat 12 r14 BENCH WR  De'Zhaun Stribling      134.6 fs=-75.39 wc=-0.86  (0.6s)
  == EVEN     seat 12: {'TE': 1, 'RB': 4, 'WR': 8, 'QB': 1} bench {'WR': 6} order True/True lineup 2209.25 vs ctrl 2227.13 forced 0 unfillable [] cdme 288.4 vs 285.53 start 472.36 vs 462.52 (9.1s)
    B0 seat 12 r01 mixed WR  CeeDee Lamb             327.9 fs=135.78 wc=139.76  (0.7s)
    B0 seat 12 r02 mixed WR  Nico Collins            325.6 fs=127.99 wc=137.44  (0.6s)
    B0 seat 12 r03 mixed RB  Kenneth Walker          283.5 fs=87.77 wc=219.51  (0.7s)
    B0 seat 12 r04 mixed RB  Omarion Hampton         280.5 fs=82.5 wc=216.46  (0.6s)
    B0 seat 12 r05 mixed TE  Tucker Kraft            231.2 fs=43.81 wc=142.02  (0.6s)
    B0 seat 12 r06 mixed WR  Malik Nabers            242.8 fs=43.3 wc=62.58  (0.7s)
    B0 seat 12 r07 mixed TE  Harold Fannin           201.2 fs=11.2 wc=106.77  (0.6s)
    B0 seat 12 r08 mixed WR  Rome Odunze             212.4 fs=9.54 wc=45.23  (0.6s)
    B0 seat 12 r09 mixed QB  C.J. Stroud             294.5 fs=3.61 wc=55.36  (0.7s)
    B0 seat 12 r10 BENCH WR  Brian Thomas            201.6 fs=-5.75 wc=36.57  (0.7s)
    B0 seat 12 r11 BENCH WR  Tre Tucker              180.2 fs=-32.65 wc=24.43  (0.6s)
    B0 seat 12 r12 BENCH RB  Jadarian Price          171.0 fs=-34.38 wc=66.04  (0.7s)
    B0 seat 12 r13 BENCH WR  Cooper Kupp             149.1 fs=-57.04 wc=13.61  (0.6s)
    B0 seat 12 r14 BENCH RB  J.K. Dobbins            150.0 fs=-67.22 wc=25.23  (0.7s)
  == FIELDED  seat 12: {'WR': 7, 'RB': 4, 'TE': 2, 'QB': 1} bench {'QB': 1, 'WR': 3, 'RB': 2} order True/True lineup 2198.29 vs ctrl 2230.26 forced 0 unfillable [] cdme 298.84 vs 326.6 start 464.5 vs 472.91 (9.3s)
-> evidence/roster_shape/flex_share/drafts/12T_ppr.json
commit 4b04886 | 12T_ppr_SF | pool 481 | rounds 15 | basis fielded_flex_share | flex {'WR': {'WR': 24}, 'TE': {'TE': 12}, 'SUPER_FLEX': {'QB': 12}, 'QB': {'QB': 12}, 'RB': {'RB': 24}, 'FLEX': {'WR': 21, 'RB': 3}}
    B0 seat  1 r01 mixed RB  Jahmyr Gibbs            411.9 fs=241.72 wc=348.02  (0.7s)
    B0 seat  1 r02 mixed TE  Brock Bowers            310.2 fs=151.92 wc=222.63  (0.7s)
    B0 seat  1 r03 mixed RB  James Cook              317.9 fs=142.2 wc=253.88  (0.6s)
    B0 seat  1 r04 mixed RB  Omarion Hampton         280.5 fs=103.16 wc=215.98  (0.7s)
    B0 seat  1 r05 mixed TE  Colston Loveland        265.2 fs=102.63 wc=176.08  (0.6s)
    B0 seat  1 r06 mixed QB  C.J. Stroud             294.5 fs=91.39 wc=266.46  (0.7s)
    B0 seat  1 r07 mixed QB  Malik Willis            289.6 fs=82.78 wc=261.64  (0.6s)
    B0 seat  1 r08 mixed WR  Rome Odunze             212.4 fs=13.43 wc=47.37  (0.6s)
    B0 seat  1 r09 mixed WR  Jordan Addison          209.9 fs=6.52 wc=44.84  (0.6s)
    B0 seat  1 r10 BENCH WR  Courtland Sutton        199.7 fs=-10.53 wc=34.64  (0.7s)
    B0 seat  1 r11 BENCH WR  Marvin Harrison         199.5 fs=-15.95 wc=34.45  (0.7s)
    B0 seat  1 r12 BENCH WR  Devaughn Vele           165.0 fs=-49.08 wc=30.2  (0.7s)
    B0 seat  1 r13 BENCH WR  KC Concepcion           165.1 fs=-50.2 wc=30.44  (0.6s)
    B0 seat  1 r14 BENCH WR  De'Zhaun Stribling      134.6 fs=-81.42 wc=5.14  (0.6s)
    B0 seat  1 r15 BENCH WR  Makai Lemon             129.7 fs=-85.59 wc=2.14  (0.7s)
  == EVEN     seat  1: {'RB': 3, 'TE': 2, 'QB': 2, 'WR': 8} bench {'WR': 6} order True/True lineup 2592.03 vs ctrl 2530.32 forced 0 unfillable [] cdme 563.29 vs 451.27 start 777.85 vs 706.45 (9.7s)
    B0 seat  1 r01 mixed RB  Jahmyr Gibbs            411.9 fs=217.29 wc=348.02  (0.7s)
    B0 seat  1 r02 mixed TE  Brock Bowers            310.2 fs=124.3 wc=222.63  (0.7s)
    B0 seat  1 r03 mixed WR  Justin Jefferson        315.7 fs=123.77 wc=122.96  (0.6s)
    B0 seat  1 r04 mixed QB  Tyler Shough            299.7 fs=96.55 wc=271.67  (0.7s)
    B0 seat  1 r05 mixed RB  Omarion Hampton         280.5 fs=91.5 wc=215.98  (0.6s)
    B0 seat  1 r06 mixed QB  Malik Willis            289.6 fs=82.78 wc=261.64  (0.7s)
    B0 seat  1 r07 mixed WR  Ladd McConkey           244.3 fs=47.74 wc=56.1  (0.6s)
    B0 seat  1 r08 mixed WR  Rome Odunze             212.4 fs=12.48 wc=42.14  (0.7s)
    B0 seat  1 r09 mixed TE  Harold Fannin           201.2 fs=12.0 wc=110.28  (0.6s)
    B0 seat  1 r10 BENCH WR  Courtland Sutton        199.7 fs=-2.56 wc=34.58  (0.9s)
    B0 seat  1 r11 BENCH WR  Marvin Harrison         199.5 fs=2.92 wc=34.39  (0.7s)
    B0 seat  1 r12 BENCH WR  Devaughn Vele           165.0 fs=-30.21 wc=30.2  (0.7s)
    B0 seat  1 r13 BENCH WR  KC Concepcion           165.1 fs=-31.33 wc=30.26  (0.6s)
    B0 seat  1 r14 BENCH WR  De'Zhaun Stribling      134.6 fs=-62.67 wc=5.14  (0.7s)
    B0 seat  1 r15 BENCH WR  Makai Lemon             129.7 fs=-66.84 wc=2.14  (0.7s)
  == FIELDED  seat  1: {'RB': 2, 'TE': 2, 'WR': 9, 'QB': 2} bench {'WR': 6} order False/True lineup 2565.4 vs ctrl 2542.93 forced 0 unfillable [] cdme 541.88 vs 453.19 start 756.44 vs 708.37 (10.1s)
    B0 seat  6 r01 mixed RB  Jonathan Taylor         355.9 fs=184.79 wc=292.05  (0.7s)
    B0 seat  6 r02 mixed TE  Brock Bowers            310.2 fs=151.98 wc=222.63  (0.7s)
    B0 seat  6 r03 mixed TE  Trey McBride            300.9 fs=138.88 wc=213.3  (0.7s)
    B0 seat  6 r04 mixed RB  Omarion Hampton         280.5 fs=107.04 wc=216.16  (0.6s)
    B0 seat  6 r05 mixed TE  Colston Loveland        265.2 fs=101.75 wc=176.08  (0.7s)
    B0 seat  6 r06 mixed QB  C.J. Stroud             294.5 fs=91.4 wc=264.46  (0.6s)
    B0 seat  6 r07 mixed QB  Malik Willis            289.6 fs=82.88 wc=259.64  (0.7s)
    B0 seat  6 r08 mixed WR  DJ Moore                216.2 fs=12.56 wc=43.25  (0.6s)
    B0 seat  6 r09 mixed WR  Carnell Tate            207.2 fs=4.6 wc=42.1  (0.6s)
    B0 seat  6 r10 BENCH WR  Brian Thomas            201.6 fs=-13.94 wc=36.57  (0.7s)
    B0 seat  6 r11 BENCH WR  Wan'Dale Robinson       190.0 fs=-24.39 wc=40.91  (0.6s)
    B0 seat  6 r12 BENCH WR  Rashid Shaheed          170.2 fs=-44.97 wc=34.75  (0.7s)
    B0 seat  6 r13 BENCH WR  Cooper Kupp             149.1 fs=-64.03 wc=14.47  (0.6s)
    B0 seat  6 r14 BENCH WR  De'Zhaun Stribling      134.6 fs=-79.93 wc=0.0  (0.7s)
    B0 seat  6 r15 BENCH WR  Jordyn Tyson            125.3 fs=-88.7 wc=2.16  (0.6s)
  == EVEN     seat  6: {'RB': 2, 'TE': 3, 'QB': 2, 'WR': 8} bench {'WR': 6} order False/False lineup 2520.16 vs ctrl 2465.97 forced 0 unfillable [] cdme 480.84 vs 404.03 start 720.13 vs 631.08 (9.8s)
    B0 seat  6 r01 mixed WR  Amon-Ra St. Brown       375.0 fs=182.16 wc=180.46  (0.7s)
    B0 seat  6 r02 mixed WR  CeeDee Lamb             327.9 fs=131.85 wc=135.2  (0.6s)
    B0 seat  6 r03 mixed TE  Brock Bowers            310.2 fs=124.28 wc=222.63  (0.7s)
    B0 seat  6 r04 mixed QB  Sam Darnold             307.2 fs=104.05 wc=277.21  (0.6s)
    B0 seat  6 r05 mixed QB  Malik Willis            289.6 fs=82.8 wc=261.64  (0.7s)
    B0 seat  6 r06 mixed RB  Josh Jacobs             245.7 fs=65.22 wc=181.21  (0.6s)
    B0 seat  6 r07 mixed RB  Bucky Irving            223.6 fs=47.45 wc=159.25  (0.7s)
    B0 seat  6 r08 mixed TE  Harold Fannin           201.2 fs=16.69 wc=110.28  (0.6s)
    B0 seat  6 r09 mixed RB  Bhayshul Tuten          201.4 fs=15.15 wc=136.93  (0.7s)
    B0 seat  6 r10 mixed WR  Jordan Addison          209.9 fs=8.1 wc=36.91  (0.7s)
    B0 seat  6 r11 BENCH WR  Jakobi Meyers           194.5 fs=-1.64 wc=29.52  (0.7s)
    B0 seat  6 r12 BENCH WR  Rashid Shaheed          170.2 fs=-26.89 wc=34.75  (0.6s)
    B0 seat  6 r13 BENCH WR  Cooper Kupp             149.1 fs=-45.95 wc=19.45  (0.7s)
    B0 seat  6 r14 BENCH WR  De'Zhaun Stribling      134.6 fs=-61.85 wc=4.98  (0.6s)
    B0 seat  6 r15 BENCH WR  Jordyn Tyson            125.3 fs=-70.62 wc=6.57  (0.7s)
  == FIELDED  seat  6: {'WR': 8, 'TE': 2, 'QB': 2, 'RB': 3} bench {'WR': 6} order True/True lineup 2490.51 vs ctrl 2486.03 forced 0 unfillable [] cdme 431.32 vs 427.77 start 674.84 vs 643.84 (10.0s)
    B0 seat 12 r01 mixed TE  Brock Bowers            310.2 fs=151.72 wc=222.63  (0.6s)
    B0 seat 12 r02 mixed QB  Brock Purdy             352.9 fs=149.48 wc=322.94  (0.7s)
    B0 seat 12 r03 mixed RB  Jeremiyah Love          288.5 fs=119.45 wc=224.47  (0.6s)
    B0 seat 12 r04 mixed RB  Kenneth Walker          283.5 fs=108.2 wc=219.51  (0.7s)
    B0 seat 12 r05 mixed RB  Javonte Williams        260.0 fs=83.73 wc=195.51  (0.7s)
    B0 seat 12 r06 mixed QB  Malik Willis            289.6 fs=82.79 wc=261.64  (0.6s)
    B0 seat 12 r07 mixed TE  George Kittle           224.5 fs=56.41 wc=134.51  (0.6s)
    B0 seat 12 r08 mixed WR  Alec Pierce             225.5 fs=19.8 wc=52.49  (0.6s)
    B0 seat 12 r09 mixed WR  Carnell Tate            207.2 fs=4.57 wc=42.1  (0.7s)
    B0 seat 12 r10 BENCH WR  Chris Godwin            206.7 fs=-2.48 wc=41.63  (0.6s)
    B0 seat 12 r11 BENCH WR  Tre Tucker              180.2 fs=-41.8 wc=41.22  (0.8s)
    B0 seat 12 r12 BENCH WR  Rashid Shaheed          170.2 fs=-43.12 wc=34.75  (0.6s)
    B0 seat 12 r13 BENCH WR  Cooper Kupp             149.1 fs=-63.07 wc=19.45  (0.7s)
    B0 seat 12 r14 BENCH RB  J.K. Dobbins            150.0 fs=-75.97 wc=53.92  (0.7s)
    B0 seat 12 r15 BENCH WR  Dontayvion Wicks        118.6 fs=-100.93 wc=0.0  (0.7s)
  == EVEN     seat 12: {'TE': 2, 'QB': 2, 'RB': 4, 'WR': 7} bench {'WR': 5, 'RB': 1} order True/True lineup 2441.88 vs ctrl 2547.29 forced 0 unfillable [] cdme 366.73 vs 504.22 start 624.48 vs 717.29 (9.9s)
    B0 seat 12 r01 mixed QB  Brock Purdy             352.9 fs=149.48 wc=322.94  (0.7s)
    B0 seat 12 r02 mixed QB  Jalen Hurts             347.8 fs=141.01 wc=317.82  (0.7s)
    B0 seat 12 r03 mixed TE  Trey McBride            300.9 fs=115.26 wc=211.7  (0.6s)
    B0 seat 12 r04 mixed WR  Chris Olave             298.3 fs=105.03 wc=108.33  (0.7s)
    B0 seat 12 r05 mixed RB  Javonte Williams        260.0 fs=76.03 wc=195.51  (0.6s)
    B0 seat 12 r06 mixed WR  Terry McLaurin          261.1 fs=63.11 wc=72.92  (0.7s)
    B0 seat 12 r07 mixed RB  Bucky Irving            223.6 fs=38.57 wc=159.07  (0.6s)
    B0 seat 12 r08 mixed TE  George Kittle           224.5 fs=29.83 wc=134.51  (0.7s)
    B0 seat 12 r09 mixed WR  Chris Godwin            206.7 fs=5.25 wc=41.63  (0.7s)
    B0 seat 12 r10 BENCH WR  Brian Thomas            201.6 fs=-6.42 wc=36.57  (0.7s)
    B0 seat 12 r11 BENCH TE  Dallas Goedert          183.1 fs=-26.92 wc=60.8  (0.6s)
    B0 seat 12 r12 BENCH WR  Tre Tucker              180.2 fs=-29.48 wc=41.22  (0.6s)
    B0 seat 12 r13 BENCH WR  Cooper Kupp             149.1 fs=-53.52 wc=19.45  (0.7s)
    B0 seat 12 r14 BENCH RB  J.K. Dobbins            150.0 fs=-62.26 wc=53.35  (0.6s)
    B0 seat 12 r15 BENCH WR  Dontayvion Wicks        118.6 fs=-91.38 wc=0.0  (0.7s)
  == FIELDED  seat 12: {'QB': 2, 'TE': 3, 'WR': 7, 'RB': 3} bench {'WR': 4, 'TE': 1, 'RB': 1} order False/True lineup 2475.77 vs ctrl 2532.49 forced 0 unfillable [] cdme 411.78 vs 489.31 start 654.9 vs 703.87 (10.1s)
-> evidence/roster_shape/flex_share/drafts/12T_ppr_SF.json
commit 4b04886 | OWNER_3RR_SF_noTE | pool 481 | rounds 14 | basis fielded_flex_share | flex {'WRRB_FLEX': {'WR': 12}, 'WR': {'WR': 24}, 'FLEX': {'TE': 17, 'WR': 7}, 'SUPER_FLEX': {'QB': 12}, 'QB': {'QB': 12}, 'RB': {'RB': 24}}
    B0 seat  1 r01 mixed RB  Christian McCaffrey     413.2 fs=267.54 wc=364.48  (0.7s)
    B0 seat  1 r02 mixed RB  De'Von Achane           318.2 fs=168.46 wc=270.73  (0.7s)
    B0 seat  1 r03 mixed RB  Jeremiyah Love          288.5 fs=134.77 wc=239.71  (0.7s)
    B0 seat  1 r04 mixed RB  Kenneth Walker          283.5 fs=129.03 wc=232.79  (0.7s)
    B0 seat  1 r05 mixed RB  Kyren Williams          263.7 fs=108.96 wc=212.6  (0.6s)
    B0 seat  1 r06 mixed RB  Breece Hall             261.4 fs=111.35 wc=210.63  (0.7s)
    B0 seat  1 r07 mixed QB  C.J. Stroud             294.5 fs=91.81 wc=199.27  (0.6s)
    B0 seat  1 r08 mixed QB  Malik Willis            289.6 fs=29.14 wc=194.45  (0.6s)
    B0 seat  1 r09 mixed WR  Chris Godwin            206.7 fs=15.06 wc=41.69  (0.7s)
    B0 seat  1 r10 mixed WR  Quentin Johnston        204.4 fs=10.29 wc=39.36  (0.7s)
    B0 seat  1 r11 BENCH WR  Wan'Dale Robinson       190.0 fs=-11.8 wc=29.18  (0.6s)
    B0 seat  1 r12 BENCH WR  Matthew Golden          188.2 fs=-21.04 wc=27.34  (0.7s)
    B0 seat  1 r13 BENCH WR  Jauan Jennings          151.0 fs=-58.44 wc=12.02  (0.6s)
    B0 seat  1 r14 BENCH WR  Cooper Kupp             149.1 fs=-60.33 wc=13.61  (0.7s)
  == EVEN     seat  1: {'RB': 6, 'QB': 2, 'WR': 6} bench {'WR': 5} order True/True lineup 2562.21 vs ctrl 2546.83 forced 0 unfillable [] cdme 556.21 vs 584.76 start 659.87 vs 658.02 (9.5s)
    B0 seat  1 r01 mixed RB  Christian McCaffrey     413.2 fs=207.64 wc=364.48  (0.7s)
    B0 seat  1 r02 mixed WR  Nico Collins            325.6 fs=127.44 wc=164.78  (0.7s)
    B0 seat  1 r03 mixed QB  Sam Darnold             307.2 fs=104.56 wc=212.02  (0.6s)
    B0 seat  1 r04 mixed WR  A.J. Brown              303.7 fs=101.54 wc=142.88  (0.7s)
    B0 seat  1 r05 mixed QB  Malik Willis            289.6 fs=82.99 wc=233.64  (0.6s)
    B0 seat  1 r06 mixed WR  Tetairoa McMillan       264.3 fs=58.16 wc=99.32  (0.7s)
    B0 seat  1 r07 mixed RB  Rico Dowdle             228.8 fs=32.44 wc=173.92  (0.6s)
    B0 seat  1 r08 mixed RB  D'Andre Swift           227.4 fs=27.02 wc=172.5  (0.7s)
    B0 seat  1 r09 mixed TE  Dalton Schultz          218.3 fs=16.89 wc=13.54  (0.6s)
    B0 seat  1 r10 BENCH TE  Dallas Goedert          214.7 fs=-3.65 wc=9.89  (0.6s)
    B0 seat  1 r11 BENCH WR  Romeo Doubs             192.7 fs=-19.52 wc=31.9  (0.7s)
    B0 seat  1 r12 BENCH RB  Rachaad White           192.0 fs=-22.67 wc=102.66  (0.7s)
    B0 seat  1 r13 BENCH RB  Aaron Jones             154.7 fs=-60.15 wc=49.55  (0.7s)
    B0 seat  1 r14 BENCH RB  Blake Corum             154.7 fs=-60.17 wc=49.53  (0.7s)
  == FIELDED  seat  1: {'RB': 6, 'WR': 4, 'QB': 2, 'TE': 2} bench {'TE': 1, 'WR': 1, 'RB': 3} order False/False lineup 2578.37 vs ctrl 2553.42 forced 0 unfillable [] cdme 532.82 vs 601.46 start 686.51 vs 668.99 (9.2s)
    B0 seat  6 r01 mixed RB  Jonathan Taylor         355.9 fs=210.22 wc=307.16  (0.7s)
    B0 seat  6 r02 mixed RB  De'Von Achane           318.2 fs=168.46 wc=270.73  (0.6s)
    B0 seat  6 r03 mixed RB  Jeremiyah Love          288.5 fs=134.77 wc=239.71  (0.7s)
    B0 seat  6 r04 mixed RB  Kenneth Walker          283.5 fs=129.03 wc=232.45  (0.6s)
    B0 seat  6 r05 mixed RB  Derrick Henry           274.1 fs=119.38 wc=223.36  (0.7s)
    B0 seat  6 r06 mixed RB  Cam Skattebo            249.9 fs=99.95 wc=198.89  (0.6s)
    B0 seat  6 r07 mixed QB  C.J. Stroud             294.5 fs=91.81 wc=199.27  (0.7s)
    B0 seat  6 r08 mixed QB  Malik Willis            289.6 fs=40.54 wc=194.45  (0.6s)
    B0 seat  6 r09 mixed WR  Michael Wilson          213.7 fs=22.01 wc=48.58  (0.7s)
    B0 seat  6 r10 mixed WR  Chris Godwin            206.7 fs=13.34 wc=39.55  (0.6s)
    B0 seat  6 r11 BENCH WR  Courtland Sutton        199.7 fs=-3.77 wc=34.58  (0.8s)
    B0 seat  6 r12 BENCH WR  Tre Tucker              180.2 fs=-28.78 wc=19.36  (0.6s)
    B0 seat  6 r13 BENCH WR  Kayshon Boutte          160.8 fs=-48.36 wc=11.73  (0.7s)
    B0 seat  6 r14 BENCH WR  Ryan Flournoy           139.0 fs=-70.22 wc=0.0  (0.6s)
  == EVEN     seat  6: {'RB': 6, 'QB': 2, 'WR': 6} bench {'WR': 5} order True/True lineup 2524.59 vs ctrl 2532.19 forced 0 unfillable [] cdme 508.56 vs 536.64 start 622.25 vs 647.76 (9.3s)
    B0 seat  6 r01 mixed WR  Amon-Ra St. Brown       375.0 fs=176.82 wc=214.16  (0.7s)
    B0 seat  6 r02 mixed QB  Drake Maye              335.5 fs=132.83 wc=240.29  (0.7s)
    B0 seat  6 r03 mixed WR  Drake London            310.9 fs=108.78 wc=150.12  (0.6s)
    B0 seat  6 r04 mixed QB  Baker Mayfield          301.2 fs=94.59 wc=206.05  (0.7s)
    B0 seat  6 r05 mixed RB  Saquon Barkley          274.6 fs=69.02 wc=223.9  (0.6s)
