commit fc5ca5d | 12T_ppr | pool 481 | rounds 14
    B0 seat  1 r01 mixed RB  Jahmyr Gibbs            411.9 fs=232.93 wc=361.17  (0.7s)
    B0 seat  1 r02 mixed TE  Brock Bowers            310.2 fs=142.0 wc=222.63  (0.6s)
    B0 seat  1 r03 mixed TE  Trey McBride            300.9 fs=129.02 wc=213.3  (0.6s)
    B0 seat  1 r04 mixed RB  Javonte Williams        260.0 fs=79.02 wc=195.51  (0.6s)
    B0 seat  1 r05 mixed TE  Tyler Warren            245.1 fs=70.64 wc=155.92  (0.6s)
    B0 seat  1 r06 mixed WR  Jalen Coker             222.9 fs=11.24 wc=52.62  (0.6s)
    B0 seat  1 r07 mixed WR  DK Metcalf              217.1 fs=5.46 wc=46.81  (0.6s)
    B0 seat  1 r08 mixed QB  Patrick Mahomes         328.6 fs=4.0 wc=34.14  (0.7s)
    B0 seat  1 r09 BENCH QB  Jordan Love             317.4 fs=-11.24 wc=22.9  (0.7s)
    B0 seat  1 r10 BENCH WR  Marvin Harrison         199.5 fs=-18.54 wc=32.31  (0.6s)
    B0 seat  1 r11 BENCH WR  Jakobi Meyers           194.5 fs=-22.34 wc=27.38  (0.7s)
    B0 seat  1 r12 BENCH WR  Devaughn Vele           165.0 fs=-51.32 wc=15.91  (0.6s)
    B0 seat  1 r13 BENCH WR  KC Concepcion           165.1 fs=-52.44 wc=26.1  (0.7s)
    B0 seat  1 r14 BENCH WR  De'Zhaun Stribling      134.6 fs=-83.9 wc=0.0  (0.6s)
  == SELF   seat  1: {'RB': 2, 'TE': 3, 'WR': 7, 'QB': 2} bench {'QB': 1, 'WR': 5} order False/None lineup 2296.49 vs ctrl 2233.59 forced 0 unfillable [] cdme 392.05 vs 276.71 start 632.4 (8.8s)
    B0 seat  1 r01 mixed RB  Jahmyr Gibbs            411.9 fs=232.93 wc=361.17  (0.6s)
    B0 seat  1 r02 mixed TE  Brock Bowers            310.2 fs=129.05 wc=222.63  (0.6s)
    B0 seat  1 r03 mixed RB  Chase Brown             316.0 fs=128.11 wc=252.11  (0.6s)
    B0 seat  1 r04 mixed WR  Jameson Williams        259.2 fs=50.3 wc=78.99  (0.6s)
    B0 seat  1 r05 mixed RB  Javonte Williams        260.0 fs=44.41 wc=195.51  (0.6s)
    B0 seat  1 r06 mixed WR  Jalen Coker             222.9 fs=7.24 wc=52.62  (0.6s)
    B0 seat  1 r07 mixed RB  Bucky Irving            223.6 fs=5.42 wc=159.55  (0.6s)
    B0 seat  1 r08 mixed QB  Patrick Mahomes         328.6 fs=4.0 wc=28.93  (0.7s)
    B0 seat  1 r09 BENCH QB  Jordan Love             317.4 fs=-11.24 wc=22.9  (0.7s)
    B0 seat  1 r10 BENCH WR  Jakobi Meyers           194.5 fs=-28.68 wc=29.46  (0.7s)
    B0 seat  1 r11 BENCH WR  Xavier Worthy           195.0 fs=-29.34 wc=30.01  (0.6s)
    B0 seat  1 r12 BENCH WR  Devaughn Vele           165.0 fs=-54.97 wc=15.91  (0.7s)
    B0 seat  1 r13 BENCH WR  KC Concepcion           165.1 fs=-56.09 wc=26.1  (0.6s)
    B0 seat  1 r14 BENCH WR  De'Zhaun Stribling      134.6 fs=-87.67 wc=4.98  (0.7s)
  == SHARED seat  1: {'RB': 4, 'TE': 1, 'WR': 7, 'QB': 2} bench {'QB': 1, 'WR': 5} order True/None lineup 2332.23 vs ctrl 2230.57 forced 0 unfillable [] cdme 388.82 vs 251.39 start 633.68 (9.0s)
    B0 seat  6 r01 mixed RB  Jonathan Taylor         355.9 fs=176.08 wc=305.2  (0.7s)
    B0 seat  6 r02 mixed TE  Brock Bowers            310.2 fs=141.97 wc=232.07  (0.7s)
    B0 seat  6 r03 mixed RB  Jeremiyah Love          288.5 fs=106.59 wc=224.6  (0.7s)
    B0 seat  6 r04 mixed TE  Colston Loveland        265.2 fs=92.09 wc=176.08  (0.7s)
    B0 seat  6 r05 mixed TE  Tyler Warren            245.1 fs=70.59 wc=155.92  (0.6s)
    B0 seat  6 r06 mixed WR  Davante Adams           230.5 fs=23.33 wc=60.26  (0.6s)
    B0 seat  6 r07 mixed WR  Emeka Egbuka            214.7 fs=6.06 wc=44.47  (0.6s)
    B0 seat  6 r08 mixed QB  Patrick Mahomes         328.6 fs=4.0 wc=34.14  (0.7s)
    B0 seat  6 r09 BENCH WR  Brian Thomas            201.6 fs=-14.25 wc=36.63  (0.7s)
    B0 seat  6 r10 BENCH WR  Michael Pittman         200.6 fs=-13.21 wc=33.49  (0.7s)
    B0 seat  6 r11 BENCH WR  Wan'Dale Robinson       190.0 fs=-23.91 wc=29.18  (0.6s)
    B0 seat  6 r12 BENCH WR  Rashid Shaheed          170.2 fs=-44.49 wc=19.25  (0.7s)
    B0 seat  6 r13 BENCH WR  Cooper Kupp             149.1 fs=-63.55 wc=13.61  (0.6s)
    B0 seat  6 r14 BENCH WR  De'Zhaun Stribling      134.6 fs=-79.45 wc=-4.34  (0.6s)
  == SELF   seat  6: {'RB': 2, 'TE': 3, 'WR': 8, 'QB': 1} bench {'WR': 6} order False/None lineup 2238.68 vs ctrl 2187.47 forced 0 unfillable [] cdme 317.0 vs 182.49 start 578.9 (9.1s)
    B0 seat  6 r01 mixed RB  Jonathan Taylor         355.9 fs=176.08 wc=305.2  (0.7s)
    B0 seat  6 r02 mixed TE  Brock Bowers            310.2 fs=129.02 wc=232.07  (0.6s)
    B0 seat  6 r03 mixed RB  Jeremiyah Love          288.5 fs=106.59 wc=224.6  (0.7s)
    B0 seat  6 r04 mixed WR  Tetairoa McMillan       264.3 fs=55.81 wc=84.14  (0.6s)
    B0 seat  6 r05 mixed WR  Mike Evans              246.7 fs=34.08 wc=66.54  (0.7s)
    B0 seat  6 r06 mixed WR  Davante Adams           230.5 fs=15.33 wc=60.26  (0.7s)
    B0 seat  6 r07 mixed QB  Patrick Mahomes         328.6 fs=4.0 wc=38.96  (0.6s)
    B0 seat  6 r08 mixed WR  Khalil Shakir           210.7 fs=0.73 wc=45.65  (0.7s)
    B0 seat  6 r09 BENCH WR  Brian Thomas            201.6 fs=-10.93 wc=36.63  (0.7s)
    B0 seat  6 r10 BENCH WR  Michael Pittman         200.6 fs=-6.84 wc=33.49  (0.6s)
    B0 seat  6 r11 BENCH WR  Wan'Dale Robinson       190.0 fs=-23.24 wc=34.25  (0.7s)
    B0 seat  6 r12 BENCH RB  Jadarian Price          171.0 fs=-37.25 wc=66.04  (0.6s)
    B0 seat  6 r13 BENCH TE  Brenton Strange         157.8 fs=-58.47 wc=35.49  (0.7s)
    B0 seat  6 r14 BENCH WR  De'Zhaun Stribling      134.6 fs=-78.73 wc=-0.86  (0.7s)
  == SHARED seat  6: {'RB': 3, 'TE': 2, 'WR': 8, 'QB': 1} bench {'WR': 4, 'RB': 1, 'TE': 1} order True/None lineup 2235.45 vs ctrl 2178.74 forced 0 unfillable [] cdme 298.96 vs 102.0 start 484.85 (9.2s)
    B0 seat 12 r01 mixed TE  Brock Bowers            310.2 fs=141.96 wc=233.17  (0.7s)
    B0 seat 12 r02 mixed RB  De'Von Achane           318.2 fs=139.14 wc=267.44  (0.6s)
    B0 seat 12 r03 mixed RB  Kenneth Walker          283.5 fs=99.54 wc=219.51  (0.6s)
    B0 seat 12 r04 mixed RB  Omarion Hampton         280.5 fs=94.27 wc=216.46  (0.6s)
    B0 seat 12 r05 mixed RB  Quinshon Judkins        233.2 fs=58.25 wc=169.19  (0.7s)
    B0 seat 12 r06 mixed WR  Malik Nabers            242.8 fs=37.23 wc=62.58  (0.6s)
    B0 seat 12 r07 mixed WR  Rome Odunze             212.4 fs=8.27 wc=47.31  (0.6s)
    B0 seat 12 r08 mixed QB  Patrick Mahomes         328.6 fs=4.0 wc=34.14  (0.6s)
    B0 seat 12 r09 BENCH WR  Michael Pittman         200.6 fs=-12.55 wc=35.63  (0.7s)
    B0 seat 12 r10 BENCH WR  Courtland Sutton        199.7 fs=-10.63 wc=38.82  (0.6s)
    B0 seat 12 r11 BENCH WR  Tre Tucker              180.2 fs=-35.8 wc=24.43  (0.6s)
    B0 seat 12 r12 BENCH WR  Rashid Shaheed          170.2 fs=-40.6 wc=19.25  (0.7s)
    B0 seat 12 r13 BENCH WR  Cooper Kupp             149.1 fs=-59.95 wc=13.61  (0.6s)
    B0 seat 12 r14 BENCH WR  De'Zhaun Stribling      134.6 fs=-75.39 wc=-0.86  (0.6s)
  == SELF   seat 12: {'TE': 1, 'RB': 4, 'WR': 8, 'QB': 1} bench {'WR': 6} order True/None lineup 2209.25 vs ctrl 2227.13 forced 0 unfillable [] cdme 244.18 vs 256.92 start 521.8 (8.8s)
    B0 seat 12 r01 mixed TE  Brock Bowers            310.2 fs=141.96 wc=233.17  (0.6s)
    B0 seat 12 r02 mixed RB  De'Von Achane           318.2 fs=139.14 wc=267.44  (0.6s)
    B0 seat 12 r03 mixed RB  Kenneth Walker          283.5 fs=99.54 wc=219.51  (0.6s)
    B0 seat 12 r04 mixed WR  DeVonta Smith           282.5 fs=73.05 wc=94.31  (0.6s)
    B0 seat 12 r05 mixed WR  Malik Nabers            242.8 fs=32.89 wc=62.58  (0.6s)
    B0 seat 12 r06 mixed WR  Ladd McConkey           244.3 fs=28.84 wc=64.08  (0.6s)
    B0 seat 12 r07 mixed QB  Patrick Mahomes         328.6 fs=4.0 wc=38.96  (0.6s)
    B0 seat 12 r08 mixed WR  Khalil Shakir           210.7 fs=-2.0 wc=45.65  (0.8s)
    B0 seat 12 r09 BENCH WR  Courtland Sutton        199.7 fs=-17.82 wc=38.82  (0.6s)
    B0 seat 12 r10 BENCH WR  Marvin Harrison         199.5 fs=-11.29 wc=38.63  (0.7s)
    B0 seat 12 r11 BENCH TE  Dallas Goedert          183.1 fs=-32.89 wc=58.76  (0.6s)
    B0 seat 12 r12 BENCH WR  Tre Tucker              180.2 fs=-35.79 wc=24.43  (0.7s)
    B0 seat 12 r13 BENCH WR  Cooper Kupp             149.1 fs=-59.83 wc=13.61  (0.6s)
    B0 seat 12 r14 BENCH RB  J.K. Dobbins            150.0 fs=-66.58 wc=23.93  (0.7s)
  == SHARED seat 12: {'TE': 2, 'RB': 3, 'WR': 8, 'QB': 1} bench {'WR': 4, 'TE': 1, 'RB': 1} order True/None lineup 2220.69 vs ctrl 2226.13 forced 0 unfillable [] cdme 281.92 vs 266.07 start 483.87 (9.1s)
-> evidence/roster_shape/shared_slot/drafts/12T_ppr.json
commit fc5ca5d | 12T_ppr_SF | pool 481 | rounds 15
    B0 seat  1 r01 mixed RB  Jahmyr Gibbs            411.9 fs=241.72 wc=348.02  (0.7s)
    B0 seat  1 r02 mixed TE  Brock Bowers            310.2 fs=151.92 wc=222.63  (0.7s)
    B0 seat  1 r03 mixed RB  James Cook              317.9 fs=142.2 wc=253.88  (0.6s)
    B0 seat  1 r04 mixed RB  Omarion Hampton         280.5 fs=103.16 wc=215.98  (0.6s)
    B0 seat  1 r05 mixed TE  Colston Loveland        265.2 fs=102.63 wc=176.08  (0.6s)
    B0 seat  1 r06 mixed QB  C.J. Stroud             294.5 fs=91.39 wc=266.46  (0.6s)
    B0 seat  1 r07 mixed QB  Malik Willis            289.6 fs=82.78 wc=261.64  (0.6s)
    B0 seat  1 r08 mixed WR  Rome Odunze             212.4 fs=13.43 wc=47.37  (0.6s)
    B0 seat  1 r09 mixed WR  Jordan Addison          209.9 fs=6.52 wc=44.84  (0.6s)
    B0 seat  1 r10 BENCH WR  Courtland Sutton        199.7 fs=-10.53 wc=34.64  (0.6s)
    B0 seat  1 r11 BENCH WR  Marvin Harrison         199.5 fs=-15.95 wc=34.45  (0.7s)
    B0 seat  1 r12 BENCH WR  Devaughn Vele           165.0 fs=-49.08 wc=30.2  (0.6s)
    B0 seat  1 r13 BENCH WR  KC Concepcion           165.1 fs=-50.2 wc=30.44  (0.7s)
    B0 seat  1 r14 BENCH WR  De'Zhaun Stribling      134.6 fs=-81.42 wc=5.14  (0.6s)
    B0 seat  1 r15 BENCH WR  Makai Lemon             129.7 fs=-85.59 wc=2.14  (0.7s)
  == SELF   seat  1: {'RB': 3, 'TE': 2, 'QB': 2, 'WR': 8} bench {'WR': 6} order True/None lineup 2592.03 vs ctrl 2530.32 forced 0 unfillable [] cdme 576.54 vs 461.33 start 877.56 (9.5s)
    B0 seat  1 r01 mixed RB  Jahmyr Gibbs            411.9 fs=241.72 wc=348.02  (0.7s)
    B0 seat  1 r02 mixed RB  James Cook              317.9 fs=142.13 wc=253.88  (0.7s)
    B0 seat  1 r03 mixed TE  Brock Bowers            310.2 fs=137.54 wc=222.63  (0.6s)
    B0 seat  1 r04 mixed QB  Tyler Shough            299.7 fs=96.55 wc=271.67  (0.7s)
    B0 seat  1 r05 mixed QB  C.J. Stroud             294.5 fs=79.88 wc=266.46  (0.6s)
    B0 seat  1 r06 mixed WR  Garrett Wilson          244.7 fs=38.69 wc=64.55  (0.7s)
    B0 seat  1 r07 mixed WR  Ladd McConkey           244.3 fs=34.32 wc=64.08  (0.6s)
    B0 seat  1 r08 mixed WR  Michael Wilson          213.7 fs=5.74 wc=46.5  (0.7s)
    B0 seat  1 r09 mixed WR  Rome Odunze             212.4 fs=3.9 wc=47.31  (0.6s)
    B0 seat  1 r10 BENCH WR  Courtland Sutton        199.7 fs=-16.39 wc=34.58  (0.7s)
    B0 seat  1 r11 BENCH WR  Marvin Harrison         199.5 fs=-14.99 wc=34.45  (0.7s)
    B0 seat  1 r12 BENCH WR  Devaughn Vele           165.0 fs=-48.0 wc=30.2  (0.6s)
    B0 seat  1 r13 BENCH WR  KC Concepcion           165.1 fs=-49.12 wc=30.44  (0.7s)
    B0 seat  1 r14 BENCH WR  De'Zhaun Stribling      134.6 fs=-80.34 wc=5.14  (0.7s)
    B0 seat  1 r15 BENCH WR  Makai Lemon             129.7 fs=-84.51 wc=2.14  (0.7s)
  == SHARED seat  1: {'RB': 2, 'TE': 1, 'QB': 2, 'WR': 10} bench {'WR': 6} order True/None lineup 2549.12 vs ctrl 2543.08 forced 0 unfillable [] cdme 443.41 vs 506.63 start 744.43 (9.8s)
    B0 seat  6 r01 mixed RB  Jonathan Taylor         355.9 fs=184.79 wc=292.05  (0.7s)
    B0 seat  6 r02 mixed TE  Brock Bowers            310.2 fs=151.98 wc=222.63  (0.7s)
    B0 seat  6 r03 mixed TE  Trey McBride            300.9 fs=138.88 wc=213.3  (0.6s)
    B0 seat  6 r04 mixed RB  Omarion Hampton         280.5 fs=107.04 wc=216.16  (0.7s)
    B0 seat  6 r05 mixed TE  Colston Loveland        265.2 fs=101.75 wc=176.08  (0.6s)
    B0 seat  6 r06 mixed QB  C.J. Stroud             294.5 fs=91.4 wc=264.46  (0.7s)
    B0 seat  6 r07 mixed QB  Malik Willis            289.6 fs=82.88 wc=259.64  (0.6s)
    B0 seat  6 r08 mixed WR  DJ Moore                216.2 fs=12.56 wc=43.25  (0.6s)
    B0 seat  6 r09 mixed WR  Carnell Tate            207.2 fs=4.6 wc=42.1  (0.6s)
