commit 7aa1227 | OWNER_3RR_SF_noTE | pool 481 | rounds 14
    B0 seat  1 r01 mixed RB  Christian McCaffrey     413.2 fs=267.54 wc=364.48  (0.7s)
    B0 seat  1 r02 mixed RB  De'Von Achane           318.2 fs=168.46 wc=270.73  (0.6s)
    B0 seat  1 r03 mixed RB  Jeremiyah Love          288.5 fs=134.77 wc=239.71  (0.7s)
    B0 seat  1 r04 mixed RB  Kenneth Walker          283.5 fs=129.03 wc=232.79  (0.6s)
    B0 seat  1 r05 mixed RB  Kyren Williams          263.7 fs=108.96 wc=212.6  (0.6s)
    B0 seat  1 r06 mixed RB  Breece Hall             261.4 fs=111.35 wc=210.63  (0.6s)
    B0 seat  1 r07 mixed QB  C.J. Stroud             294.5 fs=91.81 wc=199.27  (0.6s)
    B0 seat  1 r08 mixed QB  Malik Willis            289.6 fs=29.14 wc=194.45  (0.6s)
    B0 seat  1 r09 mixed WR  Chris Godwin            206.7 fs=15.06 wc=41.69  (0.8s)
    B0 seat  1 r10 mixed WR  Quentin Johnston        204.4 fs=10.29 wc=39.36  (0.6s)
    B0 seat  1 r11 BENCH WR  Wan'Dale Robinson       190.0 fs=-11.8 wc=29.18  (0.7s)
    B0 seat  1 r12 BENCH WR  Matthew Golden          188.2 fs=-21.04 wc=27.34  (0.6s)
    B0 seat  1 r13 BENCH WR  Jauan Jennings          151.0 fs=-58.44 wc=12.02  (0.6s)
    B0 seat  1 r14 BENCH WR  Cooper Kupp             149.1 fs=-60.33 wc=13.61  (0.6s)
  == SELF   seat  1: {'RB': 6, 'QB': 2, 'WR': 6} bench {'WR': 5} order True/True lineup 2562.21 vs ctrl 2546.83 forced 0 unfillable [] cdme 899.17 vs 725.54 start 978.4 (8.9s)
    B0 seat  1 r01 mixed RB  Christian McCaffrey     413.2 fs=267.54 wc=364.48  (0.6s)
    B0 seat  1 r02 mixed RB  De'Von Achane           318.2 fs=168.46 wc=270.73  (0.6s)
    B0 seat  1 r03 mixed QB  Sam Darnold             307.2 fs=104.56 wc=212.02  (0.6s)
    B0 seat  1 r04 mixed WR  A.J. Brown              303.7 fs=102.8 wc=142.88  (0.6s)
    B0 seat  1 r05 mixed QB  Malik Willis            289.6 fs=61.16 wc=233.64  (0.6s)
    B0 seat  1 r06 mixed WR  Tetairoa McMillan       264.3 fs=59.42 wc=99.32  (0.6s)
    B0 seat  1 r07 mixed WR  Davante Adams           230.5 fs=21.59 wc=65.43  (0.6s)
    B0 seat  1 r08 mixed TE  Mark Andrews            229.3 fs=5.55 wc=14.63  (0.6s)
    B0 seat  1 r09 mixed QB  Daniel Jones            281.9 fs=-7.75 wc=154.89  (0.7s)
    B0 seat  1 r10 mixed WR  Quentin Johnston        204.4 fs=-20.15 wc=43.54  (0.6s)
    B0 seat  1 r11 BENCH RB  RJ Harvey               192.7 fs=-29.26 wc=103.36  (0.6s)
    B0 seat  1 r12 BENCH RB  Rachaad White           192.0 fs=-32.3 wc=102.66  (0.6s)
    B0 seat  1 r13 BENCH RB  Aaron Jones             154.7 fs=-69.78 wc=29.95  (0.6s)
    B0 seat  1 r14 BENCH RB  Blake Corum             154.7 fs=-69.8 wc=49.53  (0.7s)
  == SHARED seat  1: {'RB': 6, 'QB': 3, 'WR': 4, 'TE': 1} bench {'WR': 1, 'RB': 4} order False/False lineup 2560.49 vs ctrl 2551.3 forced 0 unfillable [] cdme 892.01 vs 695.73 start 847.92 (8.8s)
-> evidence/roster_shape/shared_slot/wave1/OWNER_3RR_SF_noTE.json
commit 7aa1227 | 12T_ppr | pool 481 | rounds 14
    B0 seat  1 r01 mixed RB  Jahmyr Gibbs            411.9 fs=232.93 wc=361.17  (0.6s)
    B0 seat  1 r02 mixed TE  Brock Bowers            310.2 fs=142.0 wc=222.63  (0.6s)
    B0 seat  1 r03 mixed TE  Trey McBride            300.9 fs=129.02 wc=213.3  (0.6s)
    B0 seat  1 r04 mixed RB  Javonte Williams        260.0 fs=79.02 wc=195.51  (0.6s)
    B0 seat  1 r05 mixed TE  Tyler Warren            245.1 fs=70.64 wc=155.92  (0.6s)
    B0 seat  1 r06 mixed WR  Jalen Coker             222.9 fs=11.24 wc=52.62  (0.6s)
    B0 seat  1 r07 mixed WR  DK Metcalf              217.1 fs=5.46 wc=46.81  (0.6s)
    B0 seat  1 r08 mixed QB  Patrick Mahomes         328.6 fs=4.0 wc=34.14  (0.7s)
    B0 seat  1 r09 BENCH QB  Jordan Love             317.4 fs=-11.24 wc=22.9  (0.6s)
    B0 seat  1 r10 BENCH WR  Marvin Harrison         199.5 fs=-18.54 wc=32.31  (0.6s)
    B0 seat  1 r11 BENCH WR  Jakobi Meyers           194.5 fs=-22.34 wc=27.38  (0.6s)
    B0 seat  1 r12 BENCH WR  Devaughn Vele           165.0 fs=-51.32 wc=15.91  (0.6s)
    B0 seat  1 r13 BENCH WR  KC Concepcion           165.1 fs=-52.44 wc=26.1  (0.7s)
    B0 seat  1 r14 BENCH WR  De'Zhaun Stribling      134.6 fs=-83.9 wc=0.0  (0.6s)
  == SELF   seat  1: {'RB': 2, 'TE': 3, 'WR': 7, 'QB': 2} bench {'QB': 1, 'WR': 5} order False/None lineup 2296.49 vs ctrl 2233.59 forced 0 unfillable [] cdme 392.05 vs 276.71 start 632.4 (8.6s)
    B0 seat  1 r01 mixed RB  Jahmyr Gibbs            411.9 fs=232.93 wc=361.17  (0.7s)
    B0 seat  1 r02 mixed TE  Brock Bowers            310.2 fs=142.0 wc=222.63  (0.6s)
    B0 seat  1 r03 mixed RB  Chase Brown             316.0 fs=128.11 wc=252.11  (0.6s)
    B0 seat  1 r04 mixed WR  Jameson Williams        259.2 fs=50.3 wc=78.99  (0.6s)
    B0 seat  1 r05 mixed RB  Javonte Williams        260.0 fs=44.41 wc=195.51  (0.6s)
    B0 seat  1 r06 mixed WR  Jalen Coker             222.9 fs=7.24 wc=52.62  (0.6s)
    B0 seat  1 r07 mixed RB  Bucky Irving            223.6 fs=5.42 wc=159.55  (0.6s)
    B0 seat  1 r08 mixed QB  Patrick Mahomes         328.6 fs=4.0 wc=28.93  (0.6s)
    B0 seat  1 r09 BENCH QB  Jordan Love             317.4 fs=-11.24 wc=22.9  (0.7s)
    B0 seat  1 r10 BENCH WR  Jakobi Meyers           194.5 fs=-28.68 wc=29.46  (0.6s)
    B0 seat  1 r11 BENCH WR  Xavier Worthy           195.0 fs=-29.34 wc=30.01  (0.7s)
    B0 seat  1 r12 BENCH WR  Devaughn Vele           165.0 fs=-54.97 wc=15.91  (0.6s)
    B0 seat  1 r13 BENCH WR  KC Concepcion           165.1 fs=-56.09 wc=26.1  (0.7s)
    B0 seat  1 r14 BENCH WR  De'Zhaun Stribling      134.6 fs=-87.67 wc=4.98  (0.6s)
  == SHARED seat  1: {'RB': 4, 'TE': 1, 'WR': 7, 'QB': 2} bench {'QB': 1, 'WR': 5} order True/None lineup 2332.23 vs ctrl 2230.57 forced 0 unfillable [] cdme 388.82 vs 251.39 start 633.68 (8.7s)
-> evidence/roster_shape/shared_slot/wave1/12T_ppr.json
commit 7aa1227 | 12T_ppr_SF | pool 481 | rounds 15
    B0 seat  1 r01 mixed RB  Jahmyr Gibbs            411.9 fs=241.72 wc=348.02  (0.6s)
    B0 seat  1 r02 mixed TE  Brock Bowers            310.2 fs=151.92 wc=222.63  (0.6s)
    B0 seat  1 r03 mixed RB  James Cook              317.9 fs=142.2 wc=253.88  (0.6s)
    B0 seat  1 r04 mixed RB  Omarion Hampton         280.5 fs=103.16 wc=215.98  (0.6s)
    B0 seat  1 r05 mixed TE  Colston Loveland        265.2 fs=102.63 wc=176.08  (0.6s)
    B0 seat  1 r06 mixed QB  C.J. Stroud             294.5 fs=91.39 wc=266.46  (0.6s)
    B0 seat  1 r07 mixed QB  Malik Willis            289.6 fs=82.78 wc=261.64  (0.6s)
    B0 seat  1 r08 mixed WR  Rome Odunze             212.4 fs=13.43 wc=47.37  (0.6s)
    B0 seat  1 r09 mixed WR  Jordan Addison          209.9 fs=6.52 wc=44.84  (0.5s)
    B0 seat  1 r10 BENCH WR  Courtland Sutton        199.7 fs=-10.53 wc=34.64  (0.6s)
    B0 seat  1 r11 BENCH WR  Marvin Harrison         199.5 fs=-15.95 wc=34.45  (0.7s)
    B0 seat  1 r12 BENCH WR  Devaughn Vele           165.0 fs=-49.08 wc=30.2  (0.6s)
    B0 seat  1 r13 BENCH WR  KC Concepcion           165.1 fs=-50.2 wc=30.44  (0.6s)
    B0 seat  1 r14 BENCH WR  De'Zhaun Stribling      134.6 fs=-81.42 wc=5.14  (0.6s)
    B0 seat  1 r15 BENCH WR  Makai Lemon             129.7 fs=-85.59 wc=2.14  (0.6s)
  == SELF   seat  1: {'RB': 3, 'TE': 2, 'QB': 2, 'WR': 8} bench {'WR': 6} order True/None lineup 2592.03 vs ctrl 2530.32 forced 0 unfillable [] cdme 576.54 vs 461.33 start 877.56 (9.1s)
    B0 seat  1 r01 mixed RB  Jahmyr Gibbs            411.9 fs=241.72 wc=348.02  (0.7s)
    B0 seat  1 r02 mixed TE  Brock Bowers            310.2 fs=151.92 wc=222.63  (0.6s)
    B0 seat  1 r03 mixed RB  James Cook              317.9 fs=142.2 wc=253.88  (0.6s)
    B0 seat  1 r04 mixed QB  Tyler Shough            299.7 fs=96.55 wc=271.67  (0.6s)
    B0 seat  1 r05 mixed QB  C.J. Stroud             294.5 fs=79.88 wc=266.46  (0.6s)
    B0 seat  1 r06 mixed WR  Garrett Wilson          244.7 fs=38.69 wc=64.55  (0.6s)
    B0 seat  1 r07 mixed WR  Ladd McConkey           244.3 fs=34.32 wc=64.08  (0.6s)
    B0 seat  1 r08 mixed WR  Michael Wilson          213.7 fs=5.74 wc=46.5  (0.6s)
    B0 seat  1 r09 mixed WR  Rome Odunze             212.4 fs=4.23 wc=47.31  (0.6s)
    B0 seat  1 r10 BENCH WR  Courtland Sutton        199.7 fs=-16.39 wc=34.58  (0.7s)
    B0 seat  1 r11 BENCH WR  Marvin Harrison         199.5 fs=-14.99 wc=34.45  (0.6s)
    B0 seat  1 r12 BENCH WR  Devaughn Vele           165.0 fs=-48.0 wc=30.2  (0.6s)
    B0 seat  1 r13 BENCH WR  KC Concepcion           165.1 fs=-49.12 wc=30.44  (0.6s)
    B0 seat  1 r14 BENCH WR  De'Zhaun Stribling      134.6 fs=-80.34 wc=5.14  (0.7s)
    B0 seat  1 r15 BENCH WR  Makai Lemon             129.7 fs=-84.51 wc=2.14  (0.6s)
  == SHARED seat  1: {'RB': 2, 'TE': 1, 'QB': 2, 'WR': 10} bench {'WR': 6} order True/None lineup 2549.12 vs ctrl 2543.08 forced 0 unfillable [] cdme 443.41 vs 506.63 start 744.43 (9.2s)
-> evidence/roster_shape/shared_slot/wave1/12T_ppr_SF.json
commit 7aa1227 | 4WR_TE_PREMIUM | pool 481 | rounds 16
    B0 seat  1 r01 mixed TE  Brock Bowers            367.4 fs=230.39 wc=295.37  (0.7s)
    B0 seat  1 r02 mixed TE  Colston Loveland        308.4 fs=167.09 wc=226.93  (0.6s)
    B0 seat  1 r03 mixed TE  Tyler Warren            286.1 fs=139.62 wc=204.68  (0.6s)
    B0 seat  1 r04 mixed WR  Tetairoa McMillan       264.3 fs=87.15 wc=169.36  (0.6s)
    B0 seat  1 r05 mixed WR  Terry McLaurin          261.1 fs=82.46 wc=166.12  (0.6s)
    B0 seat  1 r06 mixed WR  Alec Pierce             225.5 fs=43.37 wc=127.97  (0.5s)
    B0 seat  1 r07 mixed RB  Bucky Irving            223.6 fs=41.0 wc=118.38  (0.6s)
    B0 seat  1 r08 mixed WR  Chris Godwin            206.7 fs=37.24 wc=115.26  (0.6s)
    B0 seat  1 r09 mixed RB  Rhamondre Stevenson     202.4 fs=11.05 wc=77.59  (0.6s)
    B0 seat  1 r10 mixed QB  Patrick Mahomes         328.6 fs=4.0 wc=24.03  (0.5s)
    B0 seat  1 r11 BENCH QB  Jordan Love             317.4 fs=-11.24 wc=12.79  (0.7s)
    B0 seat  1 r12 BENCH RB  Jadarian Price          171.0 fs=-34.57 wc=44.97  (0.6s)
    B0 seat  1 r13 BENCH WR  Rashid Shaheed          170.2 fs=-32.22 wc=59.23  (0.6s)
    B0 seat  1 r14 BENCH WR  De'Zhaun Stribling      134.6 fs=-68.62 wc=23.62  (0.6s)
    B0 seat  1 r15 BENCH WR  Makai Lemon             129.7 fs=-72.83 wc=27.18  (0.6s)
    B0 seat  1 r16 BENCH WR  Caleb Douglas           101.7 fs=-102.72 wc=-0.73  (0.6s)
  == SELF   seat  1: {'TE': 3, 'WR': 8, 'RB': 3, 'QB': 2} bench {'QB': 1, 'RB': 1, 'WR': 4} order False/None lineup 2673.96 vs ctrl 2647.56 forced 0 unfillable [] cdme 459.51 vs 372.59 start 726.1 (9.6s)
    B0 seat  1 r01 mixed TE  Brock Bowers            367.4 fs=230.39 wc=295.37  (0.6s)
    B0 seat  1 r02 mixed TE  Colston Loveland        308.4 fs=167.09 wc=226.93  (0.6s)
    B0 seat  1 r03 mixed WR  Justin Jefferson        315.7 fs=139.53 wc=224.25  (0.6s)
    B0 seat  1 r04 mixed WR  Tetairoa McMillan       264.3 fs=87.15 wc=169.36  (0.7s)
    B0 seat  1 r05 mixed WR  Terry McLaurin          261.1 fs=78.79 wc=166.12  (0.6s)
    B0 seat  1 r06 mixed RB  Bucky Irving            223.6 fs=40.97 wc=118.38  (0.6s)
    B0 seat  1 r07 mixed WR  Alec Pierce             225.5 fs=39.35 wc=128.0  (0.6s)
    B0 seat  1 r08 mixed WR  Chris Godwin            206.7 fs=17.84 wc=115.26  (0.6s)
    B0 seat  1 r09 mixed RB  Rhamondre Stevenson     202.4 fs=11.05 wc=77.59  (0.6s)
    B0 seat  1 r10 mixed QB  Patrick Mahomes         328.6 fs=4.0 wc=24.03  (0.6s)
    B0 seat  1 r11 BENCH QB  Jordan Love             317.4 fs=-11.24 wc=16.12  (0.7s)
    B0 seat  1 r12 BENCH RB  Jadarian Price          171.0 fs=-34.46 wc=44.97  (0.7s)
    B0 seat  1 r13 BENCH WR  Rashid Shaheed          170.2 fs=-31.36 wc=67.77  (0.6s)
    B0 seat  1 r14 BENCH WR  De'Zhaun Stribling      134.6 fs=-65.86 wc=23.62  (0.6s)
    B0 seat  1 r15 BENCH TE  Mason Taylor            124.8 fs=-70.01 wc=21.39  (0.6s)
    B0 seat  1 r16 BENCH TE  Cole Kmet               103.6 fs=-91.54 wc=10.42  (0.6s)
  == SHARED seat  1: {'TE': 4, 'WR': 7, 'RB': 3, 'QB': 2} bench {'QB': 1, 'RB': 1, 'WR': 2, 'TE': 2} order False/None lineup 2703.53 vs ctrl 2647.56 forced 0 unfillable [] cdme 530.14 vs 420.02 start 714.71 (9.7s)
-> evidence/roster_shape/shared_slot/wave1/4WR_TE_PREMIUM.json
commit 7aa1227 | HEAVY_IDP | pool 780 | rounds 18
    B0 seat  1 r01 mixed RB  Jahmyr Gibbs            411.9 fs=216.8 wc=315.81  (1.1s)
    B0 seat  1 r02 mixed TE  Brock Bowers            310.2 fs=131.12 wc=168.88  (1.0s)
    B0 seat  1 r03 mixed TE  Trey McBride            300.9 fs=118.03 wc=159.55  (1.0s)
    B0 seat  1 r04 mixed RB  Javonte Williams        260.0 fs=71.64 wc=135.22  (0.9s)
    B0 seat  1 r05 mixed LB  Jack Campbell           171.9 fs=53.75 wc=52.9  (1.0s)
    B0 seat  1 r06 mixed LB  Nakobe Dean             170.7 fs=48.57 wc=51.72  (1.0s)
    B0 seat  1 r07 mixed DL  Aidan Hutchinson        124.2 fs=47.61 wc=47.33  (0.9s)
    B0 seat  1 r08 mixed DB  Kyle Hamilton           139.2 fs=46.05 wc=39.72  (0.9s)
    B0 seat  1 r09 mixed LB  Andrew Van Ginkel       121.5 fs=40.96 wc=44.68  (0.9s)
    B0 seat  1 r10 mixed DB  Kam Curl                112.0 fs=14.9 wc=13.12  (0.9s)
    B0 seat  1 r11 mixed WR  DJ Moore                216.2 fs=7.3 wc=16.79  (0.9s)
    B0 seat  1 r12 mixed QB  Patrick Mahomes         328.6 fs=4.0 wc=27.36  (1.2s)
    B0 seat  1 r13 mixed WR  Emeka Egbuka            214.7 fs=3.03 wc=15.06  (1.0s)
    B0 seat  1 r14 mixed WR  Parker Washington       215.1 fs=-2.38 wc=14.41  (1.0s)
    B0 seat  1 r15 BENCH DB  Caleb Downs             100.0 fs=-10.61 wc=1.07  (1.0s)
    B0 seat  1 r16 BENCH DB  Tyler Nubin              99.8 fs=-10.77 wc=0.36  (1.1s)
    B0 seat  1 r17 BENCH DB  Alohi Gilman             99.5 fs=-11.08 wc=0.6  (1.0s)
    B0 seat  1 r18 BENCH DB  Grant Delpit             99.4 fs=-11.13 wc=0.0  (1.1s)
  == SELF   seat  1: {'RB': 2, 'TE': 2, 'LB': 3, 'DL': 1, 'DB': 6, 'WR': 3, 'QB': 1} bench {'WR': 1, 'DB': 4} order False/None lineup 2882.21 vs ctrl 2741.13 forced 0 unfillable [] cdme 664.74 vs 316.07 start 690.84 (18.0s)
    B0 seat  1 r01 mixed RB  Jahmyr Gibbs            411.9 fs=216.8 wc=315.81  (1.1s)
    B0 seat  1 r02 mixed TE  Brock Bowers            310.2 fs=131.12 wc=168.88  (1.0s)
    B0 seat  1 r03 mixed RB  Chase Brown             316.0 fs=111.96 wc=191.21  (1.0s)
    B0 seat  1 r04 mixed LB  Jack Campbell           171.9 fs=53.75 wc=52.9  (0.9s)
    B0 seat  1 r05 mixed LB  Nakobe Dean             170.7 fs=48.57 wc=51.72  (1.0s)
    B0 seat  1 r06 mixed DL  Aidan Hutchinson        124.2 fs=47.61 wc=47.33  (0.9s)
    B0 seat  1 r07 mixed DB  Kyle Hamilton           139.2 fs=46.05 wc=39.72  (1.0s)
    B0 seat  1 r08 mixed LB  Andrew Van Ginkel       121.5 fs=40.96 wc=44.68  (1.0s)
    B0 seat  1 r09 mixed DB  Nick Cross              129.0 fs=31.88 wc=29.55  (1.0s)
    B0 seat  1 r10 mixed WR  Jalen Coker             222.9 fs=9.34 wc=21.22  (1.2s)
    B0 seat  1 r11 mixed QB  Patrick Mahomes         328.6 fs=4.0 wc=27.36  (1.0s)
    B0 seat  1 r12 mixed WR  DK Metcalf              217.1 fs=3.39 wc=16.41  (1.1s)
    B0 seat  1 r13 mixed WR  DJ Moore                216.2 fs=-0.97 wc=15.61  (1.1s)
    B0 seat  1 r14 BENCH WR  Emeka Egbuka            214.7 fs=-2.09 wc=13.07  (1.1s)
    B0 seat  1 r15 BENCH WR  Parker Washington       215.1 fs=0.75 wc=13.41  (1.1s)
    B0 seat  1 r16 BENCH DB  Caleb Downs             100.0 fs=-27.59 wc=0.47  (1.1s)
    B0 seat  1 r17 BENCH DB  Tyler Nubin              99.8 fs=-27.75 wc=0.31  (1.1s)
    B0 seat  1 r18 BENCH DB  Alohi Gilman             99.5 fs=-28.06 wc=0.0  (1.0s)
  == SHARED seat  1: {'RB': 2, 'TE': 1, 'LB': 3, 'DL': 1, 'DB': 5, 'WR': 5, 'QB': 1} bench {'WR': 2, 'DB': 3} order True/None lineup 2879.19 vs ctrl 2743.31 forced 0 unfillable [] cdme 581.21 vs 266.33 start 623.86 (18.7s)
-> evidence/roster_shape/shared_slot/wave1/HEAVY_IDP.json
