commit fc0c990 | OWNER_3RR_SF_noTE | rounds 14
    B0 seat  1 r01 mixed RB  Christian McCaffrey     413.2 fs=267.54 wc=364.48  (0.7s)
    B0 seat  1 r02 mixed RB  De'Von Achane           318.2 fs=168.46 wc=270.73  (0.6s)
    B0 seat  1 r03 mixed RB  Jeremiyah Love          288.5 fs=134.77 wc=239.71  (0.7s)
    B0 seat  1 r04 mixed RB  Kenneth Walker          283.5 fs=129.03 wc=232.79  (0.6s)
    B0 seat  1 r05 mixed RB  Kyren Williams          263.7 fs=108.96 wc=212.6  (0.6s)
    B0 seat  1 r06 mixed RB  Breece Hall             261.4 fs=111.35 wc=210.63  (0.6s)
    B0 seat  1 r07 mixed QB  C.J. Stroud             294.5 fs=91.81 wc=199.27  (0.6s)
    B0 seat  1 r08 mixed QB  Malik Willis            289.6 fs=29.14 wc=194.45  (0.6s)
    B0 seat  1 r09 mixed WR  Chris Godwin            206.7 fs=15.06 wc=41.69  (0.7s)
    B0 seat  1 r10 mixed WR  Quentin Johnston        204.4 fs=10.29 wc=39.36  (0.6s)
    B0 seat  1 r11 BENCH WR  Wan'Dale Robinson       190.0 fs=-11.8 wc=29.18  (0.7s)
    B0 seat  1 r12 BENCH WR  Matthew Golden          188.2 fs=-21.04 wc=27.34  (0.7s)
    B0 seat  1 r13 BENCH WR  Jauan Jennings          151.0 fs=-58.44 wc=12.02  (0.6s)
    B0 seat  1 r14 BENCH WR  Cooper Kupp             149.1 fs=-60.33 wc=13.61  (0.7s)
  == SELF       seat  1: {'RB': 6, 'QB': 2, 'WR': 6} order True/True lineup 2562.21 forced 0 unfill [] cdme 899.17 vs 725.54 (9.0s)
    B0 seat  1 r01 mixed RB  Christian McCaffrey     413.2 fs=267.54 wc=364.48  (0.6s)
    B0 seat  1 r02 mixed RB  De'Von Achane           318.2 fs=168.46 wc=270.73  (0.6s)
    B0 seat  1 r03 mixed QB  Sam Darnold             307.2 fs=104.56 wc=212.02  (0.6s)
    B0 seat  1 r04 mixed WR  A.J. Brown              303.7 fs=102.8 wc=142.88  (0.6s)
    B0 seat  1 r05 mixed QB  Malik Willis            289.6 fs=80.58 wc=233.64  (0.6s)
    B0 seat  1 r06 mixed WR  Tetairoa McMillan       264.3 fs=59.42 wc=99.32  (0.7s)
    B0 seat  1 r07 mixed WR  Davante Adams           230.5 fs=7.0 wc=65.43  (0.6s)
    B0 seat  1 r08 mixed TE  Mark Andrews            229.3 fs=5.55 wc=14.63  (0.6s)
    B0 seat  1 r09 mixed QB  Daniel Jones            281.9 fs=-7.75 wc=154.89  (0.7s)
    B0 seat  1 r10 mixed QB  Bryce Young             265.0 fs=-23.9 wc=169.83  (0.7s)
    B0 seat  1 r11 mixed RB  RJ Harvey               192.7 fs=-52.87 wc=103.36  (0.6s)
    B0 seat  1 r12 BENCH RB  Rachaad White           192.0 fs=-54.35 wc=102.66  (0.7s)
    B0 seat  1 r13 BENCH RB  Aaron Jones             154.7 fs=-92.55 wc=29.95  (0.6s)
    B0 seat  1 r14 BENCH RB  Blake Corum             154.7 fs=-92.69 wc=49.53  (0.7s)
  == SHARED     seat  1: {'RB': 6, 'QB': 4, 'WR': 3, 'TE': 1} order False/False lineup 2548.8 forced 0 unfill [] cdme 955.07 vs 693.2 (9.0s)
    B0 seat  1 r01 mixed RB  Christian McCaffrey     413.2 fs=267.54 wc=364.48  (0.6s)
    B0 seat  1 r02 mixed RB  De'Von Achane           318.2 fs=168.46 wc=270.73  (0.7s)
    B0 seat  1 r03 mixed QB  Sam Darnold             307.2 fs=104.56 wc=212.02  (0.6s)
    B0 seat  1 r04 mixed WR  A.J. Brown              303.7 fs=102.8 wc=142.88  (0.7s)
    B0 seat  1 r05 mixed QB  Malik Willis            289.6 fs=80.58 wc=233.64  (0.6s)
    B0 seat  1 r06 mixed WR  Tetairoa McMillan       264.3 fs=59.42 wc=99.32  (0.7s)
    B0 seat  1 r07 mixed WR  Davante Adams           230.5 fs=7.0 wc=65.43  (0.6s)
    B0 seat  1 r08 mixed TE  Mark Andrews            229.3 fs=5.55 wc=14.63  (0.6s)
    B0 seat  1 r09 mixed QB  Daniel Jones            281.9 fs=-7.75 wc=154.89  (0.8s)
    B0 seat  1 r10 mixed QB  Bryce Young             265.0 fs=-24.62 wc=169.83  (0.7s)
    B0 seat  1 r11 mixed RB  RJ Harvey               192.7 fs=-60.43 wc=103.36  (0.7s)
    B0 seat  1 r12 BENCH RB  Rachaad White           192.0 fs=-61.91 wc=102.66  (0.6s)
    B0 seat  1 r13 BENCH RB  Aaron Jones             154.7 fs=-99.39 wc=29.95  (0.7s)
    B0 seat  1 r14 BENCH RB  Blake Corum             154.7 fs=-99.41 wc=49.53  (0.6s)
  == SHARED_ND  seat  1: {'RB': 6, 'QB': 4, 'WR': 3, 'TE': 1} order False/False lineup 2548.8 forced 0 unfill [] cdme 955.07 vs 693.2 (9.2s)
    B0 seat  1 r01 mixed RB  Christian McCaffrey     413.2 fs=267.54 wc=364.48  (0.7s)
    B0 seat  1 r02 mixed RB  De'Von Achane           318.2 fs=168.46 wc=270.73  (0.6s)
    B0 seat  1 r03 mixed QB  Sam Darnold             307.2 fs=104.56 wc=212.02  (0.6s)
    B0 seat  1 r04 mixed WR  A.J. Brown              303.7 fs=102.8 wc=142.88  (0.6s)
    B0 seat  1 r05 mixed QB  Malik Willis            289.6 fs=80.58 wc=233.64  (0.6s)
    B0 seat  1 r06 mixed WR  Tetairoa McMillan       264.3 fs=59.42 wc=99.32  (0.6s)
    B0 seat  1 r07 mixed WR  Davante Adams           230.5 fs=7.0 wc=65.43  (0.6s)
    B0 seat  1 r08 mixed TE  Mark Andrews            229.3 fs=5.55 wc=14.63  (0.6s)
    B0 seat  1 r09 mixed QB  Daniel Jones            281.9 fs=-7.75 wc=154.89  (0.7s)
    B0 seat  1 r10 mixed QB  Bryce Young             265.0 fs=-23.9 wc=169.83  (0.6s)
    B0 seat  1 r11 mixed RB  RJ Harvey               192.7 fs=-52.87 wc=103.36  (0.7s)
    B0 seat  1 r12 BENCH RB  Rachaad White           192.0 fs=-54.35 wc=102.66  (0.6s)
    B0 seat  1 r13 BENCH RB  Aaron Jones             154.7 fs=-92.55 wc=29.95  (0.7s)
    B0 seat  1 r14 BENCH RB  Blake Corum             154.7 fs=-92.69 wc=49.53  (0.6s)
  == SHARED_NE  seat  1: {'RB': 6, 'QB': 4, 'WR': 3, 'TE': 1} order False/False lineup 2548.8 forced 0 unfill [] cdme 955.07 vs 693.2 (9.0s)
    B0 seat  1 r01 mixed RB  Christian McCaffrey     413.2 fs=258.54 wc=364.48  (0.6s)
    B0 seat  1 r02 mixed RB  De'Von Achane           318.2 fs=163.46 wc=270.73  (0.7s)
    B0 seat  1 r03 mixed QB  Sam Darnold             307.2 fs=99.71 wc=212.02  (0.6s)
    B0 seat  1 r04 mixed QB  Kyler Murray            305.7 fs=95.78 wc=210.5  (0.7s)
    B0 seat  1 r05 mixed WR  Tetairoa McMillan       264.3 fs=54.42 wc=99.32  (0.6s)
    B0 seat  1 r06 mixed RB  Kyren Williams          263.7 fs=53.75 wc=212.6  (0.7s)
    B0 seat  1 r07 mixed WR  Davante Adams           230.5 fs=6.0 wc=65.43  (0.6s)
    B0 seat  1 r08 mixed TE  Mark Andrews            229.3 fs=4.83 wc=14.63  (0.7s)
    B0 seat  1 r09 mixed TE  Dallas Goedert          214.7 fs=0.0 wc=12.52  (0.6s)
    B0 seat  1 r10 BENCH TE  Chig Okonkwo            211.8 fs=-2.86 wc=9.66  (0.6s)
    B0 seat  1 r11 BENCH RB  RJ Harvey               192.7 fs=-14.46 wc=103.27  (0.6s)
    B0 seat  1 r12 BENCH RB  Rachaad White           192.0 fs=-16.84 wc=102.57  (0.7s)
    B0 seat  1 r13 BENCH RB  Aaron Jones             154.7 fs=-93.51 wc=29.95  (0.7s)
    B0 seat  1 r14 BENCH RB  Blake Corum             154.7 fs=-93.53 wc=49.53  (0.7s)
  == SHARED_NN  seat  1: {'RB': 7, 'QB': 2, 'WR': 2, 'TE': 3} order False/False lineup 2546.82 forced 0 unfill [] cdme 772.69 vs 615.99 (9.0s)
    B0 seat  6 r01 mixed RB  Jonathan Taylor         355.9 fs=210.22 wc=307.16  (0.6s)
    B0 seat  6 r02 mixed RB  De'Von Achane           318.2 fs=168.46 wc=270.73  (0.7s)
    B0 seat  6 r03 mixed RB  Jeremiyah Love          288.5 fs=134.77 wc=239.71  (0.6s)
    B0 seat  6 r04 mixed RB  Kenneth Walker          283.5 fs=129.03 wc=232.45  (0.6s)
    B0 seat  6 r05 mixed RB  Derrick Henry           274.1 fs=119.38 wc=223.36  (0.7s)
    B0 seat  6 r06 mixed RB  Cam Skattebo            249.9 fs=99.95 wc=198.89  (0.6s)
    B0 seat  6 r07 mixed QB  C.J. Stroud             294.5 fs=91.81 wc=199.27  (0.6s)
    B0 seat  6 r08 mixed QB  Malik Willis            289.6 fs=40.54 wc=194.45  (0.6s)
    B0 seat  6 r09 mixed WR  Michael Wilson          213.7 fs=22.01 wc=48.58  (0.6s)
    B0 seat  6 r10 mixed WR  Chris Godwin            206.7 fs=13.34 wc=39.55  (0.6s)
    B0 seat  6 r11 BENCH WR  Courtland Sutton        199.7 fs=-3.77 wc=34.58  (0.8s)
    B0 seat  6 r12 BENCH WR  Tre Tucker              180.2 fs=-28.78 wc=19.36  (0.6s)
    B0 seat  6 r13 BENCH WR  Kayshon Boutte          160.8 fs=-48.36 wc=11.73  (0.7s)
    B0 seat  6 r14 BENCH WR  Ryan Flournoy           139.0 fs=-70.22 wc=0.0  (0.6s)
  == SELF       seat  6: {'RB': 6, 'QB': 2, 'WR': 6} order True/True lineup 2524.59 forced 0 unfill [] cdme 851.52 vs 614.78 (8.9s)
    B0 seat  6 r01 mixed RB  Jonathan Taylor         355.9 fs=210.22 wc=307.16  (0.7s)
    B0 seat  6 r02 mixed RB  De'Von Achane           318.2 fs=168.46 wc=270.73  (0.6s)
    B0 seat  6 r03 mixed QB  Justin Herbert          315.1 fs=112.5 wc=219.96  (0.7s)
    B0 seat  6 r04 mixed WR  Rashee Rice             295.5 fs=94.6 wc=134.68  (0.6s)
    B0 seat  6 r05 mixed QB  Malik Willis            289.6 fs=80.58 wc=194.45  (0.7s)
    B0 seat  6 r06 mixed WR  Jameson Williams        259.2 fs=54.27 wc=94.17  (0.6s)
    B0 seat  6 r07 mixed WR  Malik Nabers            242.8 fs=19.27 wc=77.7  (0.6s)
    B0 seat  6 r08 mixed TE  Jake Ferguson           227.4 fs=9.77 wc=15.85  (0.6s)
    B0 seat  6 r09 mixed QB  Daniel Jones            281.9 fs=-7.75 wc=186.7  (0.7s)
    B0 seat  6 r10 mixed TE  Dallas Goedert          214.7 fs=-36.29 wc=9.89  (0.7s)
    B0 seat  6 r11 BENCH WR  Deebo Samuel            197.8 fs=-47.93 wc=32.79  (0.6s)
    B0 seat  6 r12 BENCH RB  Chuba Hubbard           185.6 fs=-59.91 wc=96.32  (0.7s)
    B0 seat  6 r13 BENCH RB  Jacory Croskey-Merritt  163.8 fs=-84.07 wc=58.82  (0.6s)
    B0 seat  6 r14 BENCH RB  Tyjae Spears            142.2 fs=-105.98 wc=37.25  (0.7s)
  == SHARED     seat  6: {'RB': 5, 'QB': 3, 'WR': 4, 'TE': 2} order False/True lineup 2518.43 forced 0 unfill [] cdme 745.97 vs 587.28 (9.1s)
    B0 seat  6 r01 mixed RB  Jonathan Taylor         355.9 fs=210.22 wc=307.16  (0.6s)
    B0 seat  6 r02 mixed RB  De'Von Achane           318.2 fs=168.46 wc=270.73  (0.7s)
    B0 seat  6 r03 mixed QB  Justin Herbert          315.1 fs=112.5 wc=219.96  (0.6s)
    B0 seat  6 r04 mixed WR  Rashee Rice             295.5 fs=94.6 wc=134.68  (0.7s)
    B0 seat  6 r05 mixed QB  Malik Willis            289.6 fs=80.58 wc=194.45  (0.6s)
    B0 seat  6 r06 mixed WR  Jameson Williams        259.2 fs=54.27 wc=94.17  (0.6s)
    B0 seat  6 r07 mixed WR  Malik Nabers            242.8 fs=19.27 wc=77.7  (0.6s)
    B0 seat  6 r08 mixed TE  Jake Ferguson           227.4 fs=9.77 wc=15.85  (0.6s)
    B0 seat  6 r09 mixed QB  Daniel Jones            281.9 fs=-7.75 wc=186.7  (0.7s)
    B0 seat  6 r10 mixed TE  Dallas Goedert          214.7 fs=-39.41 wc=9.89  (0.7s)
    B0 seat  6 r11 BENCH WR  Deebo Samuel            197.8 fs=-56.09 wc=32.79  (0.6s)
    B0 seat  6 r12 BENCH RB  Chuba Hubbard           185.6 fs=-67.47 wc=96.32  (0.7s)
    B0 seat  6 r13 BENCH RB  Jacory Croskey-Merritt  163.8 fs=-90.07 wc=58.82  (0.6s)
    B0 seat  6 r14 BENCH TE  Greg Dulcich            146.5 fs=-107.63 wc=0.0  (0.7s)
  == SHARED_ND  seat  6: {'RB': 4, 'QB': 3, 'WR': 4, 'TE': 3} order True/True lineup 2518.43 forced 0 unfill [] cdme 650.79 vs 586.42 (9.1s)
    B0 seat  6 r01 mixed RB  Jonathan Taylor         355.9 fs=210.22 wc=307.16  (0.7s)
    B0 seat  6 r02 mixed RB  De'Von Achane           318.2 fs=168.46 wc=270.73  (0.7s)
    B0 seat  6 r03 mixed QB  Justin Herbert          315.1 fs=112.5 wc=219.96  (0.7s)
    B0 seat  6 r04 mixed WR  Rashee Rice             295.5 fs=94.6 wc=134.68  (0.6s)
    B0 seat  6 r05 mixed QB  Malik Willis            289.6 fs=80.58 wc=194.45  (0.7s)
    B0 seat  6 r06 mixed WR  Jameson Williams        259.2 fs=54.27 wc=94.17  (0.6s)
    B0 seat  6 r07 mixed WR  Malik Nabers            242.8 fs=19.27 wc=77.7  (0.7s)
    B0 seat  6 r08 mixed TE  Jake Ferguson           227.4 fs=9.77 wc=15.85  (0.6s)
    B0 seat  6 r09 mixed QB  Daniel Jones            281.9 fs=-7.75 wc=186.7  (0.8s)
    B0 seat  6 r10 mixed TE  Dallas Goedert          214.7 fs=-36.29 wc=9.89  (0.7s)
    B0 seat  6 r11 BENCH WR  Deebo Samuel            197.8 fs=-47.93 wc=32.79  (0.7s)
    B0 seat  6 r12 BENCH RB  Chuba Hubbard           185.6 fs=-59.91 wc=96.32  (0.6s)
    B0 seat  6 r13 BENCH RB  Jacory Croskey-Merritt  163.8 fs=-84.07 wc=58.82  (0.7s)
    B0 seat  6 r14 BENCH RB  Tyjae Spears            142.2 fs=-105.98 wc=37.25  (0.6s)
  == SHARED_NE  seat  6: {'RB': 5, 'QB': 3, 'WR': 4, 'TE': 2} order False/True lineup 2518.43 forced 0 unfill [] cdme 745.97 vs 587.28 (9.4s)
    B0 seat  6 r01 mixed RB  Jonathan Taylor         355.9 fs=201.22 wc=307.16  (0.7s)
    B0 seat  6 r02 mixed RB  De'Von Achane           318.2 fs=163.46 wc=270.73  (0.6s)
    B0 seat  6 r03 mixed QB  Justin Herbert          315.1 fs=107.65 wc=219.96  (0.7s)
    B0 seat  6 r04 mixed QB  Tyler Shough            299.7 fs=89.76 wc=204.48  (0.6s)
    B0 seat  6 r05 mixed RB  Ashton Jeanty           274.6 fs=64.72 wc=223.91  (0.7s)
    B0 seat  6 r06 mixed RB  Javonte Williams        260.0 fs=50.08 wc=205.06  (0.6s)
    B0 seat  6 r07 mixed WR  Malik Nabers            242.8 fs=18.27 wc=77.7  (0.7s)
    B0 seat  6 r08 mixed TE  Jake Ferguson           227.4 fs=8.61 wc=15.56  (0.6s)
    B0 seat  6 r09 mixed QB  Daniel Jones            281.9 fs=-17.78 wc=186.7  (0.8s)
    B0 seat  6 r10 mixed TE  Dalton Schultz          218.3 fs=-32.64 wc=6.8  (0.6s)
    B0 seat  6 r11 mixed WR  Deebo Samuel            197.8 fs=-48.15 wc=36.97  (0.7s)
    B0 seat  6 r12 BENCH RB  Chuba Hubbard           185.6 fs=-60.31 wc=96.23  (0.6s)
    B0 seat  6 r13 BENCH RB  Jacory Croskey-Merritt  163.8 fs=-83.21 wc=58.65  (0.6s)
    B0 seat  6 r14 BENCH RB  Tyjae Spears            142.2 fs=-105.26 wc=37.25  (0.7s)
  == SHARED_NN  seat  6: {'RB': 7, 'QB': 3, 'WR': 2, 'TE': 2} order False/False lineup 2491.49 forced 0 unfill [] cdme 850.0 vs 572.73 (9.3s)
    B0 seat 12 r01 mixed RB  Jonathan Taylor         355.9 fs=210.22 wc=308.49  (0.6s)
    B0 seat 12 r02 mixed RB  De'Von Achane           318.2 fs=168.46 wc=270.73  (0.7s)
    B0 seat 12 r03 mixed RB  James Cook              317.9 fs=164.18 wc=270.45  (0.6s)
    B0 seat 12 r04 mixed RB  Kenneth Walker          283.5 fs=129.03 wc=232.45  (0.7s)
    B0 seat 12 r05 mixed RB  Omarion Hampton         280.5 fs=125.76 wc=229.74  (0.6s)
    B0 seat 12 r06 mixed RB  Jaylen Warren           245.9 fs=95.95 wc=191.02  (0.7s)
    B0 seat 12 r07 mixed QB  C.J. Stroud             294.5 fs=91.81 wc=199.27  (0.6s)
    B0 seat 12 r08 mixed QB  Malik Willis            289.6 fs=44.54 wc=162.64  (0.7s)
    B0 seat 12 r09 mixed WR  DK Metcalf              217.1 fs=18.88 wc=46.81  (0.6s)
    B0 seat 12 r10 mixed WR  Carnell Tate            207.2 fs=13.81 wc=34.17  (0.7s)
    B0 seat 12 r11 BENCH WR  Chris Godwin            206.7 fs=4.61 wc=33.7  (0.6s)
    B0 seat 12 r12 BENCH WR  Rashid Shaheed          170.2 fs=-36.93 wc=14.48  (0.8s)
    B0 seat 12 r13 BENCH WR  Keenan Allen            167.2 fs=-40.24 wc=11.39  (0.6s)
    B0 seat 12 r14 BENCH WR  Rashod Bateman          134.8 fs=-72.58 wc=0.0  (0.7s)
  == SELF       seat 12: {'RB': 6, 'QB': 2, 'WR': 6} order True/True lineup 2564.25 forced 0 unfill [] cdme 886.44 vs 738.15 (9.1s)
    B0 seat 12 r01 mixed RB  Jonathan Taylor         355.9 fs=210.22 wc=308.49  (0.6s)
    B0 seat 12 r02 mixed RB  De'Von Achane           318.2 fs=168.46 wc=270.73  (0.7s)
    B0 seat 12 r03 mixed WR  Nico Collins            325.6 fs=124.7 wc=164.78  (0.6s)
    B0 seat 12 r04 mixed QB  C.J. Stroud             294.5 fs=89.4 wc=238.46  (0.6s)
    B0 seat 12 r05 mixed QB  Malik Willis            289.6 fs=80.58 wc=233.64  (0.7s)
    B0 seat 12 r06 mixed WR  Jayden Reed             248.2 fs=43.32 wc=83.16  (0.6s)
    B0 seat 12 r07 mixed RB  Cam Skattebo            249.9 fs=26.45 wc=192.35  (0.7s)
    B0 seat 12 r08 mixed TE  Dalton Schultz          218.3 fs=0.72 wc=13.54  (0.6s)
    B0 seat 12 r09 mixed QB  Daniel Jones            281.9 fs=-7.75 wc=186.7  (0.8s)
    B0 seat 12 r10 mixed WR  Quentin Johnston        204.4 fs=-37.62 wc=37.22  (0.6s)
    B0 seat 12 r11 BENCH RB  Bhayshul Tuten          201.4 fs=-40.76 wc=128.8  (0.7s)
    B0 seat 12 r12 BENCH RB  Jadarian Price          171.0 fs=-72.43 wc=74.96  (0.6s)
    B0 seat 12 r13 BENCH WR  Rashid Shaheed          170.2 fs=-74.09 wc=14.48  (0.7s)
    B0 seat 12 r14 BENCH RB  Woody Marks             135.3 fs=-108.63 wc=38.67  (0.6s)
  == SHARED     seat 12: {'RB': 6, 'WR': 4, 'QB': 3, 'TE': 1} order False/False lineup 2504.69 forced 0 unfill [] cdme 820.14 vs 865.84 (9.3s)
    B0 seat 12 r01 mixed RB  Jonathan Taylor         355.9 fs=210.22 wc=308.49  (0.7s)
    B0 seat 12 r02 mixed RB  De'Von Achane           318.2 fs=168.46 wc=270.73  (0.6s)
    B0 seat 12 r03 mixed WR  Nico Collins            325.6 fs=124.7 wc=164.78  (0.7s)
    B0 seat 12 r04 mixed QB  C.J. Stroud             294.5 fs=89.4 wc=238.46  (0.6s)
    B0 seat 12 r05 mixed QB  Malik Willis            289.6 fs=80.58 wc=233.64  (0.7s)
    B0 seat 12 r06 mixed WR  Jayden Reed             248.2 fs=43.32 wc=83.16  (0.6s)
    B0 seat 12 r07 mixed RB  Cam Skattebo            249.9 fs=26.45 wc=192.35  (0.7s)
    B0 seat 12 r08 mixed TE  Dalton Schultz          218.3 fs=0.72 wc=13.54  (0.6s)
    B0 seat 12 r09 mixed QB  Daniel Jones            281.9 fs=-7.75 wc=186.7  (0.8s)
    B0 seat 12 r10 mixed WR  Quentin Johnston        204.4 fs=-44.58 wc=37.22  (0.6s)
    B0 seat 12 r11 BENCH WR  Brian Thomas            201.6 fs=-48.09 wc=34.49  (0.8s)
    B0 seat 12 r12 BENCH RB  Jadarian Price          171.0 fs=-78.69 wc=74.96  (0.7s)
    B0 seat 12 r13 BENCH WR  Rashid Shaheed          170.2 fs=-79.71 wc=19.25  (0.7s)
    B0 seat 12 r14 BENCH RB  Woody Marks             135.3 fs=-114.63 wc=30.32  (0.7s)
  == SHARED_ND  seat 12: {'RB': 5, 'WR': 5, 'QB': 3, 'TE': 1} order True/True lineup 2504.69 forced 0 unfill [] cdme 765.16 vs 865.84 (9.6s)
    B0 seat 12 r01 mixed RB  Jonathan Taylor         355.9 fs=210.22 wc=308.49  (0.7s)
    B0 seat 12 r02 mixed RB  De'Von Achane           318.2 fs=168.46 wc=270.73  (0.7s)
    B0 seat 12 r03 mixed WR  Nico Collins            325.6 fs=124.7 wc=164.78  (0.6s)
    B0 seat 12 r04 mixed QB  C.J. Stroud             294.5 fs=89.4 wc=238.46  (0.7s)
    B0 seat 12 r05 mixed QB  Malik Willis            289.6 fs=80.58 wc=233.64  (0.6s)
    B0 seat 12 r06 mixed WR  Jayden Reed             248.2 fs=43.32 wc=83.16  (0.7s)
    B0 seat 12 r07 mixed RB  Cam Skattebo            249.9 fs=26.45 wc=192.35  (0.6s)
    B0 seat 12 r08 mixed TE  Dalton Schultz          218.3 fs=0.72 wc=13.54  (0.7s)
    B0 seat 12 r09 mixed QB  Daniel Jones            281.9 fs=-7.75 wc=186.7  (0.7s)
    B0 seat 12 r10 mixed WR  Quentin Johnston        204.4 fs=-37.62 wc=37.22  (0.7s)
    B0 seat 12 r11 BENCH RB  Bhayshul Tuten          201.4 fs=-40.76 wc=128.8  (0.7s)
    B0 seat 12 r12 BENCH RB  Jadarian Price          171.0 fs=-72.43 wc=74.96  (0.8s)
    B0 seat 12 r13 BENCH WR  Rashid Shaheed          170.2 fs=-74.09 wc=14.48  (0.6s)
    B0 seat 12 r14 BENCH RB  Woody Marks             135.3 fs=-108.63 wc=38.67  (0.7s)
  == SHARED_NE  seat 12: {'RB': 6, 'WR': 4, 'QB': 3, 'TE': 1} order False/False lineup 2504.69 forced 0 unfill [] cdme 820.14 vs 865.84 (9.6s)
    B0 seat 12 r01 mixed RB  Jonathan Taylor         355.9 fs=201.22 wc=308.49  (0.7s)
    B0 seat 12 r02 mixed RB  De'Von Achane           318.2 fs=163.46 wc=270.73  (0.7s)
    B0 seat 12 r03 mixed WR  Nico Collins            325.6 fs=115.7 wc=164.78  (0.6s)
    B0 seat 12 r04 mixed QB  C.J. Stroud             294.5 fs=84.55 wc=238.46  (0.7s)
    B0 seat 12 r05 mixed QB  Malik Willis            289.6 fs=79.73 wc=233.64  (0.6s)
    B0 seat 12 r06 mixed RB  Cam Skattebo            249.9 fs=40.04 wc=192.35  (0.7s)
    B0 seat 12 r07 mixed WR  Jayden Reed             248.2 fs=23.73 wc=83.16  (0.6s)
    B0 seat 12 r08 mixed TE  Dalton Schultz          218.3 fs=0.0 wc=13.54  (0.6s)
    B0 seat 12 r09 mixed QB  Daniel Jones            281.9 fs=-7.75 wc=186.7  (0.8s)
    B0 seat 12 r10 mixed WR  Quentin Johnston        204.4 fs=-38.62 wc=37.22  (0.7s)
    B0 seat 12 r11 BENCH RB  Bhayshul Tuten          201.4 fs=-40.98 wc=128.8  (0.8s)
    B0 seat 12 r12 BENCH RB  Jadarian Price          171.0 fs=-72.43 wc=74.96  (0.6s)
    B0 seat 12 r13 BENCH WR  Rashid Shaheed          170.2 fs=-74.31 wc=14.48  (0.7s)
    B0 seat 12 r14 BENCH RB  Woody Marks             135.3 fs=-108.63 wc=38.67  (0.6s)
  == SHARED_NN  seat 12: {'RB': 6, 'WR': 4, 'QB': 3, 'TE': 1} order False/False lineup 2504.69 forced 0 unfill [] cdme 820.14 vs 865.84 (9.5s)
