commit 7aa1227 | OWNER_3RR_SF_noTE | pool 481 | rounds 14
    B0 seat  4 r01 mixed RB  Jonathan Taylor         355.9 fs=210.22 wc=307.16  (0.6s)
    B0 seat  4 r02 mixed RB  De'Von Achane           318.2 fs=168.46 wc=270.73  (0.6s)
    B0 seat  4 r03 mixed RB  Jeremiyah Love          288.5 fs=134.77 wc=239.71  (0.6s)
    B0 seat  4 r04 mixed RB  Kenneth Walker          283.5 fs=129.03 wc=232.79  (0.6s)
    B0 seat  4 r05 mixed RB  Kyren Williams          263.7 fs=108.96 wc=212.94  (0.6s)
    B0 seat  4 r06 mixed RB  Javonte Williams        260.0 fs=109.99 wc=208.93  (0.6s)
    B0 seat  4 r07 mixed QB  C.J. Stroud             294.5 fs=91.81 wc=199.27  (0.6s)
    B0 seat  4 r08 mixed QB  Malik Willis            289.6 fs=30.5 wc=194.45  (0.5s)
    B0 seat  4 r09 mixed WR  Khalil Shakir           210.7 fs=19.08 wc=45.71  (0.6s)
    B0 seat  4 r10 mixed WR  Chris Godwin            206.7 fs=11.06 wc=41.63  (0.5s)
    B0 seat  4 r11 BENCH WR  Xavier Worthy           195.0 fs=-10.68 wc=34.19  (0.6s)
    B0 seat  4 r12 BENCH WR  Tre Tucker              180.2 fs=-28.9 wc=24.43  (0.6s)
    B0 seat  4 r13 BENCH WR  Kayshon Boutte          160.8 fs=-48.48 wc=11.73  (0.6s)
    B0 seat  4 r14 BENCH WR  Cooper Kupp             149.1 fs=-60.21 wc=10.13  (0.6s)
  == SELF   seat  4: {'RB': 6, 'QB': 2, 'WR': 6} bench {'WR': 5} order True/True lineup 2511.24 vs ctrl 2546.94 forced 0 unfillable [] cdme 853.71 vs 555.63 start 926.07 (8.3s)
    B0 seat  4 r01 mixed RB  Jonathan Taylor         355.9 fs=210.22 wc=307.16  (0.6s)
    B0 seat  4 r02 mixed RB  De'Von Achane           318.2 fs=168.46 wc=270.73  (0.6s)
    B0 seat  4 r03 mixed WR  Drake London            310.9 fs=110.04 wc=150.12  (0.6s)
    B0 seat  4 r04 mixed QB  Baker Mayfield          301.2 fs=98.59 wc=206.05  (0.6s)
    B0 seat  4 r05 mixed WR  Tetairoa McMillan       264.3 fs=59.42 wc=99.32  (0.6s)
    B0 seat  4 r06 mixed QB  Malik Willis            289.6 fs=65.99 wc=194.45  (0.6s)
    B0 seat  4 r07 mixed RB  Quinshon Judkins        233.2 fs=27.02 wc=175.59  (0.5s)
    B0 seat  4 r08 mixed TE  Jake Ferguson           227.4 fs=9.77 wc=22.59  (0.6s)
    B0 seat  4 r09 mixed TE  Dalton Schultz          218.3 fs=3.65 wc=13.54  (0.6s)
    B0 seat  4 r10 BENCH TE  Dallas Goedert          214.7 fs=-3.65 wc=12.52  (0.6s)
    B0 seat  4 r11 BENCH WR  Xavier Worthy           195.0 fs=-14.89 wc=34.19  (0.5s)
    B0 seat  4 r12 BENCH RB  Tony Pollard            186.3 fs=-26.09 wc=96.87  (0.7s)
    B0 seat  4 r13 BENCH RB  Jonathon Brooks         162.1 fs=-65.31 wc=57.12  (0.6s)
    B0 seat  4 r14 BENCH WR  Cooper Kupp             149.1 fs=-78.47 wc=10.13  (0.6s)
  == SHARED seat  4: {'RB': 5, 'WR': 4, 'QB': 2, 'TE': 3} bench {'TE': 1, 'WR': 2, 'RB': 2} order False/True lineup 2519.18 vs ctrl 2550.78 forced 0 unfillable [] cdme 635.93 vs 603.67 start 813.51 (8.4s)
    B0 seat  8 r01 mixed RB  Jonathan Taylor         355.9 fs=210.22 wc=307.16  (0.6s)
    B0 seat  8 r02 mixed RB  De'Von Achane           318.2 fs=168.46 wc=270.73  (0.6s)
    B0 seat  8 r03 mixed RB  Jeremiyah Love          288.5 fs=134.77 wc=241.04  (0.6s)
    B0 seat  8 r04 mixed RB  Kenneth Walker          283.5 fs=129.03 wc=232.45  (0.6s)
    B0 seat  8 r05 mixed RB  Ashton Jeanty           274.6 fs=119.93 wc=223.91  (0.6s)
    B0 seat  8 r06 mixed RB  Cam Skattebo            249.9 fs=99.95 wc=198.89  (0.5s)
    B0 seat  8 r07 mixed QB  C.J. Stroud             294.5 fs=91.81 wc=199.27  (0.6s)
    B0 seat  8 r08 mixed QB  Malik Willis            289.6 fs=40.54 wc=162.64  (0.5s)
    B0 seat  8 r09 mixed WR  Stefon Diggs            214.1 fs=22.42 wc=48.99  (0.6s)
    B0 seat  8 r10 mixed WR  Chris Godwin            206.7 fs=11.9 wc=39.55  (0.6s)
    B0 seat  8 r11 BENCH WR  Brian Thomas            201.6 fs=-2.5 wc=31.4  (0.6s)
    B0 seat  8 r12 BENCH WR  Rashid Shaheed          170.2 fs=-37.89 wc=14.48  (0.6s)
    B0 seat  8 r13 BENCH WR  KC Concepcion           165.1 fs=-43.88 wc=14.08  (0.7s)
    B0 seat  8 r14 BENCH WR  Ryan Flournoy           139.0 fs=-69.86 wc=0.0  (0.6s)
  == SELF   seat  8: {'RB': 6, 'QB': 2, 'WR': 6} bench {'WR': 5} order True/True lineup 2525.55 vs ctrl 2511.92 forced 0 unfillable [] cdme 848.76 vs 573.56 start 930.34 (8.5s)
    B0 seat  8 r01 mixed RB  Jonathan Taylor         355.9 fs=210.22 wc=307.16  (0.7s)
    B0 seat  8 r02 mixed RB  De'Von Achane           318.2 fs=168.46 wc=270.73  (0.6s)
    B0 seat  8 r03 mixed WR  Justin Jefferson        315.7 fs=114.78 wc=154.86  (0.6s)
    B0 seat  8 r04 mixed QB  Baker Mayfield          301.2 fs=98.59 wc=206.05  (0.6s)
    B0 seat  8 r05 mixed WR  Jaylen Waddle           278.4 fs=73.5 wc=113.4  (0.7s)
    B0 seat  8 r06 mixed QB  Malik Willis            289.6 fs=65.99 wc=194.45  (0.6s)
    B0 seat  8 r07 mixed WR  Garrett Wilson          244.7 fs=35.83 wc=77.59  (0.6s)
    B0 seat  8 r08 mixed WR  Jalen Coker             222.9 fs=8.38 wc=52.62  (0.6s)
    B0 seat  8 r09 mixed TE  Dallas Goedert          214.7 fs=0.72 wc=12.52  (0.5s)
    B0 seat  8 r10 BENCH WR  Quentin Johnston        204.4 fs=-40.37 wc=37.22  (0.7s)
    B0 seat  8 r11 BENCH WR  Courtland Sutton        199.7 fs=-38.13 wc=34.58  (0.6s)
    B0 seat  8 r12 BENCH RB  Kenny Gainwell          177.0 fs=-59.2 wc=87.57  (0.7s)
    B0 seat  8 r13 BENCH WR  KC Concepcion           165.1 fs=-72.95 wc=14.08  (0.6s)
    B0 seat  8 r14 BENCH RB  Tyjae Spears            142.2 fs=-96.15 wc=37.08  (0.7s)
  == SHARED seat  8: {'RB': 4, 'WR': 7, 'QB': 2, 'TE': 1} bench {'WR': 3, 'RB': 2} order True/True lineup 2541.36 vs ctrl 2530.62 forced 0 unfillable [] cdme 672.4 vs 639.24 start 784.9 (8.7s)
    B0 seat 12 r01 mixed RB  Jonathan Taylor         355.9 fs=210.22 wc=308.49  (0.6s)
    B0 seat 12 r02 mixed RB  De'Von Achane           318.2 fs=168.46 wc=270.73  (0.6s)
    B0 seat 12 r03 mixed RB  James Cook              317.9 fs=164.18 wc=270.45  (0.6s)
    B0 seat 12 r04 mixed RB  Kenneth Walker          283.5 fs=129.03 wc=232.45  (0.6s)
    B0 seat 12 r05 mixed RB  Omarion Hampton         280.5 fs=125.76 wc=229.74  (0.6s)
    B0 seat 12 r06 mixed RB  Jaylen Warren           245.9 fs=95.95 wc=191.02  (0.6s)
    B0 seat 12 r07 mixed QB  C.J. Stroud             294.5 fs=91.81 wc=199.27  (0.6s)
    B0 seat 12 r08 mixed QB  Malik Willis            289.6 fs=44.54 wc=162.64  (0.6s)
    B0 seat 12 r09 mixed WR  DK Metcalf              217.1 fs=18.88 wc=46.81  (0.6s)
    B0 seat 12 r10 mixed WR  Carnell Tate            207.2 fs=13.81 wc=34.17  (0.6s)
    B0 seat 12 r11 BENCH WR  Chris Godwin            206.7 fs=4.61 wc=33.7  (0.6s)
    B0 seat 12 r12 BENCH WR  Rashid Shaheed          170.2 fs=-36.93 wc=14.48  (0.7s)
    B0 seat 12 r13 BENCH WR  Keenan Allen            167.2 fs=-40.24 wc=11.39  (0.6s)
    B0 seat 12 r14 BENCH WR  Rashod Bateman          134.8 fs=-72.58 wc=0.0  (0.6s)
  == SELF   seat 12: {'RB': 6, 'QB': 2, 'WR': 6} bench {'WR': 5} order True/True lineup 2564.25 vs ctrl 2547.79 forced 0 unfillable [] cdme 886.44 vs 738.15 start 965.04 (8.4s)
    B0 seat 12 r01 mixed RB  Jonathan Taylor         355.9 fs=210.22 wc=308.49  (0.6s)
    B0 seat 12 r02 mixed RB  De'Von Achane           318.2 fs=168.46 wc=270.73  (0.6s)
    B0 seat 12 r03 mixed WR  Nico Collins            325.6 fs=124.7 wc=164.78  (0.6s)
    B0 seat 12 r04 mixed QB  C.J. Stroud             294.5 fs=91.81 wc=238.46  (0.6s)
    B0 seat 12 r05 mixed WR  DeVonta Smith           282.5 fs=77.57 wc=126.72  (0.6s)
    B0 seat 12 r06 mixed QB  Malik Willis            289.6 fs=71.7 wc=194.45  (0.6s)
    B0 seat 12 r07 mixed WR  Jayden Reed             248.2 fs=39.32 wc=83.16  (0.6s)
    B0 seat 12 r08 mixed TE  Dalton Schultz          218.3 fs=4.37 wc=16.17  (0.5s)
    B0 seat 12 r09 mixed RB  TreVeyon Henderson      214.6 fs=0.9 wc=150.73  (0.6s)
    B0 seat 12 r10 BENCH WR  Brian Thomas            201.6 fs=-46.37 wc=34.49  (0.7s)
    B0 seat 12 r11 BENCH RB  Bhayshul Tuten          201.4 fs=-40.12 wc=128.8  (0.7s)
    B0 seat 12 r12 BENCH RB  Jadarian Price          171.0 fs=-71.31 wc=74.96  (0.7s)
    B0 seat 12 r13 BENCH WR  Rashid Shaheed          170.2 fs=-73.07 wc=14.48  (0.7s)
    B0 seat 12 r14 BENCH RB  Woody Marks             135.3 fs=-107.39 wc=30.32  (0.6s)
  == SHARED seat 12: {'RB': 6, 'WR': 5, 'QB': 2, 'TE': 1} bench {'WR': 2, 'RB': 3} order False/True lineup 2547.45 vs ctrl 2546.26 forced 0 unfillable [] cdme 780.24 vs 877.78 start 866.98 (8.8s)
-> evidence/roster_shape/shared_slot/wave2_seats/OWNER_3RR_SF_noTE.json
commit 7aa1227 | 12T_ppr | pool 481 | rounds 14
    B0 seat  4 r01 mixed WR  Jaxon Smith-Njigba      395.7 fs=187.56 wc=205.68  (0.7s)
    B0 seat  4 r02 mixed TE  Brock Bowers            310.2 fs=142.05 wc=232.07  (0.6s)
    B0 seat  4 r03 mixed TE  Trey McBride            300.9 fs=128.97 wc=213.3  (0.6s)
    B0 seat  4 r04 mixed RB  Javonte Williams        260.0 fs=83.02 wc=195.69  (0.6s)
    B0 seat  4 r05 mixed TE  Tyler Warren            245.1 fs=70.61 wc=155.92  (0.6s)
    B0 seat  4 r06 mixed RB  Bucky Irving            223.6 fs=46.91 wc=159.07  (0.6s)
    B0 seat  4 r07 mixed WR  DJ Moore                216.2 fs=4.99 wc=46.01  (0.6s)
    B0 seat  4 r08 mixed QB  Patrick Mahomes         328.6 fs=4.0 wc=34.14  (0.6s)
    B0 seat  4 r09 BENCH WR  Quentin Johnston        204.4 fs=-15.54 wc=39.36  (0.7s)
    B0 seat  4 r10 BENCH WR  Brian Thomas            201.6 fs=-6.09 wc=28.64  (0.7s)
    B0 seat  4 r11 BENCH WR  Jakobi Meyers           194.5 fs=-14.0 wc=29.52  (0.6s)
    B0 seat  4 r12 BENCH WR  Rashid Shaheed          170.2 fs=-39.36 wc=19.25  (0.7s)
    B0 seat  4 r13 BENCH WR  Kayshon Boutte          160.8 fs=-46.54 wc=21.86  (0.6s)
    B0 seat  4 r14 BENCH WR  De'Zhaun Stribling      134.6 fs=-74.33 wc=-0.86  (0.7s)
  == SELF   seat  4: {'WR': 8, 'TE': 3, 'RB': 2, 'QB': 1} bench {'WR': 6} order False/None lineup 2280.18 vs ctrl 2186.8 forced 0 unfillable [] cdme 375.48 vs 160.48 start 619.93 (9.0s)
    B0 seat  4 r01 mixed WR  Jaxon Smith-Njigba      395.7 fs=187.56 wc=205.68  (0.6s)
    B0 seat  4 r02 mixed TE  Brock Bowers            310.2 fs=142.05 wc=232.07  (0.6s)
    B0 seat  4 r03 mixed RB  Jeremiyah Love          288.5 fs=110.6 wc=224.6  (0.6s)
    B0 seat  4 r04 mixed RB  Javonte Williams        260.0 fs=79.02 wc=195.69  (0.6s)
    B0 seat  4 r05 mixed WR  Luther Burden           253.0 fs=40.83 wc=72.83  (0.6s)
    B0 seat  4 r06 mixed WR  Alec Pierce             225.5 fs=9.77 wc=55.25  (0.6s)
    B0 seat  4 r07 mixed QB  Patrick Mahomes         328.6 fs=4.0 wc=38.96  (0.6s)
    B0 seat  4 r08 mixed WR  Carnell Tate            207.2 fs=-0.78 wc=42.16  (0.8s)
    B0 seat  4 r09 BENCH WR  Brian Thomas            201.6 fs=-16.58 wc=36.63  (0.7s)
    B0 seat  4 r10 BENCH WR  Michael Pittman         200.6 fs=-7.81 wc=33.49  (0.7s)
    B0 seat  4 r11 BENCH WR  Romeo Doubs             192.7 fs=-16.55 wc=27.72  (0.6s)
    B0 seat  4 r12 BENCH WR  Rashid Shaheed          170.2 fs=-39.24 wc=19.25  (0.7s)
    B0 seat  4 r13 BENCH WR  Kayshon Boutte          160.8 fs=-46.42 wc=21.86  (0.6s)
    B0 seat  4 r14 BENCH WR  De'Zhaun Stribling      134.6 fs=-74.21 wc=-0.86  (0.7s)
  == SHARED seat  4: {'WR': 10, 'TE': 1, 'RB': 2, 'QB': 1} bench {'WR': 6} order True/None lineup 2268.61 vs ctrl 2200.96 forced 0 unfillable [] cdme 274.96 vs 196.36 start 523.67 (9.0s)
    B0 seat  8 r01 mixed RB  Jonathan Taylor         355.9 fs=176.13 wc=305.2  (0.6s)
    B0 seat  8 r02 mixed TE  Brock Bowers            310.2 fs=141.98 wc=232.07  (0.6s)
    B0 seat  8 r03 mixed RB  Jeremiyah Love          288.5 fs=106.49 wc=224.6  (0.6s)
    B0 seat  8 r04 mixed TE  Colston Loveland        265.2 fs=92.19 wc=176.08  (0.6s)
    B0 seat  8 r05 mixed TE  Tyler Warren            245.1 fs=70.48 wc=155.92  (0.6s)
    B0 seat  8 r06 mixed WR  Davante Adams           230.5 fs=23.45 wc=60.26  (0.6s)
    B0 seat  8 r07 mixed WR  Michael Wilson          213.7 fs=5.58 wc=46.5  (0.6s)
    B0 seat  8 r08 mixed QB  Patrick Mahomes         328.6 fs=4.0 wc=34.14  (0.6s)
    B0 seat  8 r09 BENCH WR  Brian Thomas            201.6 fs=-13.07 wc=40.81  (0.7s)
    B0 seat  8 r10 BENCH WR  Michael Pittman         200.6 fs=-13.99 wc=35.57  (0.6s)
    B0 seat  8 r11 BENCH WR  Matthew Golden          188.2 fs=-29.51 wc=32.41  (0.7s)
    B0 seat  8 r12 BENCH WR  Rashid Shaheed          170.2 fs=-47.74 wc=19.25  (0.6s)
    B0 seat  8 r13 BENCH WR  Cooper Kupp             149.1 fs=-66.79 wc=14.29  (0.7s)
    B0 seat  8 r14 BENCH WR  De'Zhaun Stribling      134.6 fs=-82.54 wc=-0.86  (0.6s)
  == SELF   seat  8: {'RB': 2, 'TE': 3, 'WR': 8, 'QB': 1} bench {'WR': 6} order False/None lineup 2237.62 vs ctrl 2131.73 forced 0 unfillable [] cdme 310.99 vs 210.38 start 575.66 (8.9s)
    B0 seat  8 r01 mixed RB  Jonathan Taylor         355.9 fs=176.13 wc=305.2  (0.7s)
    B0 seat  8 r02 mixed TE  Brock Bowers            310.2 fs=141.98 wc=232.07  (0.6s)
    B0 seat  8 r03 mixed RB  Jeremiyah Love          288.5 fs=106.49 wc=224.6  (0.7s)
    B0 seat  8 r04 mixed WR  Tetairoa McMillan       264.3 fs=55.91 wc=84.14  (0.6s)
    B0 seat  8 r05 mixed WR  Garrett Wilson          244.7 fs=33.29 wc=64.55  (0.6s)
    B0 seat  8 r06 mixed TE  Tucker Kraft            231.2 fs=15.92 wc=142.02  (0.6s)
    B0 seat  8 r07 mixed QB  Patrick Mahomes         328.6 fs=4.0 wc=38.96  (0.7s)
    B0 seat  8 r08 mixed WR  Khalil Shakir           210.7 fs=1.44 wc=45.65  (0.7s)
    B0 seat  8 r09 BENCH WR  Michael Pittman         200.6 fs=-17.29 wc=39.81  (0.7s)
    B0 seat  8 r10 BENCH WR  Courtland Sutton        199.7 fs=-13.18 wc=34.64  (0.6s)
    B0 seat  8 r11 BENCH WR  Matthew Golden          188.2 fs=-25.43 wc=32.41  (0.7s)
    B0 seat  8 r12 BENCH RB  Jadarian Price          171.0 fs=-37.25 wc=66.04  (0.6s)
    B0 seat  8 r13 BENCH WR  Cooper Kupp             149.1 fs=-62.83 wc=13.61  (0.7s)
    B0 seat  8 r14 BENCH RB  Chris Rodriguez         141.5 fs=-77.19 wc=36.33  (0.6s)
  == SHARED seat  8: {'RB': 4, 'TE': 2, 'WR': 7, 'QB': 1} bench {'WR': 4, 'RB': 2} order True/None lineup 2234.13 vs ctrl 2132.8 forced 0 unfillable [] cdme 321.84 vs 185.12 start 528.65 (9.3s)
    B0 seat 12 r01 mixed TE  Brock Bowers            310.2 fs=141.96 wc=233.17  (0.6s)
    B0 seat 12 r02 mixed RB  De'Von Achane           318.2 fs=139.14 wc=267.44  (0.6s)
    B0 seat 12 r03 mixed RB  Kenneth Walker          283.5 fs=99.54 wc=219.51  (0.6s)
    B0 seat 12 r04 mixed RB  Omarion Hampton         280.5 fs=94.27 wc=216.46  (0.6s)
    B0 seat 12 r05 mixed RB  Quinshon Judkins        233.2 fs=58.25 wc=169.19  (0.6s)
    B0 seat 12 r06 mixed WR  Malik Nabers            242.8 fs=37.23 wc=62.58  (0.6s)
    B0 seat 12 r07 mixed WR  Rome Odunze             212.4 fs=8.27 wc=47.31  (0.6s)
    B0 seat 12 r08 mixed QB  Patrick Mahomes         328.6 fs=4.0 wc=34.14  (0.6s)
    B0 seat 12 r09 BENCH WR  Michael Pittman         200.6 fs=-12.55 wc=35.63  (0.7s)
    B0 seat 12 r10 BENCH WR  Courtland Sutton        199.7 fs=-10.63 wc=38.82  (0.7s)
    B0 seat 12 r11 BENCH WR  Tre Tucker              180.2 fs=-35.8 wc=24.43  (0.6s)
    B0 seat 12 r12 BENCH WR  Rashid Shaheed          170.2 fs=-40.6 wc=19.25  (0.7s)
    B0 seat 12 r13 BENCH WR  Cooper Kupp             149.1 fs=-59.95 wc=13.61  (0.6s)
    B0 seat 12 r14 BENCH WR  De'Zhaun Stribling      134.6 fs=-75.39 wc=-0.86  (0.7s)
  == SELF   seat 12: {'TE': 1, 'RB': 4, 'WR': 8, 'QB': 1} bench {'WR': 6} order True/None lineup 2209.25 vs ctrl 2227.13 forced 0 unfillable [] cdme 244.18 vs 256.92 start 521.8 (8.8s)
    B0 seat 12 r01 mixed TE  Brock Bowers            310.2 fs=141.96 wc=233.17  (0.6s)
    B0 seat 12 r02 mixed RB  De'Von Achane           318.2 fs=139.14 wc=267.44  (0.6s)
    B0 seat 12 r03 mixed RB  Kenneth Walker          283.5 fs=99.54 wc=219.51  (0.6s)
    B0 seat 12 r04 mixed WR  DeVonta Smith           282.5 fs=73.05 wc=94.31  (0.6s)
    B0 seat 12 r05 mixed WR  Malik Nabers            242.8 fs=32.89 wc=62.58  (0.6s)
    B0 seat 12 r06 mixed WR  Ladd McConkey           244.3 fs=28.84 wc=64.08  (0.6s)
    B0 seat 12 r07 mixed QB  Patrick Mahomes         328.6 fs=4.0 wc=38.96  (0.6s)
    B0 seat 12 r08 mixed WR  Khalil Shakir           210.7 fs=-2.0 wc=45.65  (0.7s)
    B0 seat 12 r09 BENCH WR  Courtland Sutton        199.7 fs=-17.82 wc=38.82  (0.7s)
    B0 seat 12 r10 BENCH WR  Marvin Harrison         199.5 fs=-11.29 wc=38.63  (0.7s)
    B0 seat 12 r11 BENCH TE  Dallas Goedert          183.1 fs=-32.89 wc=58.76  (0.7s)
    B0 seat 12 r12 BENCH WR  Tre Tucker              180.2 fs=-35.79 wc=24.43  (0.6s)
    B0 seat 12 r13 BENCH WR  Cooper Kupp             149.1 fs=-59.83 wc=13.61  (0.7s)
    B0 seat 12 r14 BENCH RB  J.K. Dobbins            150.0 fs=-66.58 wc=23.93  (0.6s)
  == SHARED seat 12: {'TE': 2, 'RB': 3, 'WR': 8, 'QB': 1} bench {'WR': 4, 'TE': 1, 'RB': 1} order True/None lineup 2220.69 vs ctrl 2226.13 forced 0 unfillable [] cdme 281.92 vs 266.07 start 483.87 (8.9s)
-> evidence/roster_shape/shared_slot/wave2_seats/12T_ppr.json
commit 7aa1227 | 12T_ppr_SF | pool 481 | rounds 15
    B0 seat  4 r01 mixed WR  Jaxon Smith-Njigba      395.7 fs=188.81 wc=201.16  (0.7s)
    B0 seat  4 r02 mixed TE  Brock Bowers            310.2 fs=151.97 wc=222.63  (0.6s)
    B0 seat  4 r03 mixed RB  Chase Brown             316.0 fs=140.82 wc=251.98  (0.6s)
    B0 seat  4 r04 mixed RB  Omarion Hampton         280.5 fs=107.13 wc=216.16  (0.6s)
    B0 seat  4 r05 mixed TE  Colston Loveland        265.2 fs=102.57 wc=176.08  (0.6s)
    B0 seat  4 r06 mixed QB  C.J. Stroud             294.5 fs=91.39 wc=266.46  (0.6s)
    B0 seat  4 r07 mixed QB  Malik Willis            289.6 fs=82.88 wc=259.64  (0.6s)
    B0 seat  4 r08 mixed RB  TreVeyon Henderson      214.6 fs=48.31 wc=150.12  (0.6s)
    B0 seat  4 r09 mixed WR  Jordan Addison          209.9 fs=6.56 wc=44.9  (0.6s)
    B0 seat  4 r10 BENCH WR  Brian Thomas            201.6 fs=-8.74 wc=34.49  (0.6s)
    B0 seat  4 r11 BENCH WR  Jakobi Meyers           194.5 fs=-14.36 wc=43.54  (0.8s)
    B0 seat  4 r12 BENCH WR  Rashid Shaheed          170.2 fs=-39.72 wc=34.75  (0.6s)
    B0 seat  4 r13 BENCH WR  Kayshon Boutte          160.8 fs=-46.9 wc=26.2  (0.6s)
    B0 seat  4 r14 BENCH WR  De'Zhaun Stribling      134.6 fs=-74.69 wc=4.98  (0.7s)
    B0 seat  4 r15 BENCH WR  Jordyn Tyson            125.3 fs=-83.15 wc=0.0  (0.6s)
  == SELF   seat  4: {'WR': 8, 'TE': 2, 'RB': 3, 'QB': 2} bench {'WR': 6} order True/None lineup 2576.15 vs ctrl 2497.93 forced 0 unfillable [] cdme 549.51 vs 506.03 start 859.06 (9.3s)
    B0 seat  4 r01 mixed WR  Jaxon Smith-Njigba      395.7 fs=188.81 wc=201.16  (0.7s)
    B0 seat  4 r02 mixed TE  Brock Bowers            310.2 fs=151.97 wc=222.63  (0.6s)
    B0 seat  4 r03 mixed RB  Chase Brown             316.0 fs=140.82 wc=251.98  (0.7s)
    B0 seat  4 r04 mixed RB  Omarion Hampton         280.5 fs=107.13 wc=216.16  (0.6s)
    B0 seat  4 r05 mixed QB  C.J. Stroud             294.5 fs=91.43 wc=266.46  (0.6s)
    B0 seat  4 r06 mixed QB  Malik Willis            289.6 fs=75.23 wc=261.64  (0.6s)
    B0 seat  4 r07 mixed WR  Davante Adams           230.5 fs=19.49 wc=50.31  (0.6s)
    B0 seat  4 r08 mixed WR  Emeka Egbuka            214.7 fs=2.7 wc=41.71  (0.6s)
    B0 seat  4 r09 mixed WR  Jordan Addison          209.9 fs=-2.13 wc=42.76  (0.6s)
    B0 seat  4 r10 BENCH WR  Brian Thomas            201.6 fs=-14.6 wc=31.4  (0.7s)
    B0 seat  4 r11 BENCH WR  Jakobi Meyers           194.5 fs=-14.12 wc=38.77  (0.7s)
    B0 seat  4 r12 BENCH WR  Rashid Shaheed          170.2 fs=-39.48 wc=34.75  (0.7s)
    B0 seat  4 r13 BENCH WR  Kayshon Boutte          160.8 fs=-46.66 wc=26.2  (0.7s)
    B0 seat  4 r14 BENCH WR  De'Zhaun Stribling      134.6 fs=-74.45 wc=4.98  (0.6s)
    B0 seat  4 r15 BENCH WR  Jordyn Tyson            125.3 fs=-82.91 wc=0.0  (0.7s)
  == SHARED seat  4: {'WR': 10, 'TE': 1, 'RB': 2, 'QB': 2} bench {'WR': 6} order True/None lineup 2541.53 vs ctrl 2498.75 forced 0 unfillable [] cdme 425.31 vs 534.15 start 734.86 (9.8s)
    B0 seat  8 r01 mixed RB  Jonathan Taylor         355.9 fs=184.84 wc=292.05  (0.7s)
    B0 seat  8 r02 mixed TE  Brock Bowers            310.2 fs=151.9 wc=222.63  (0.7s)
    B0 seat  8 r03 mixed TE  Trey McBride            300.9 fs=138.88 wc=211.7  (0.6s)
    B0 seat  8 r04 mixed RB  Kenneth Walker          283.5 fs=108.33 wc=219.21  (0.6s)
    B0 seat  8 r05 mixed QB  C.J. Stroud             294.5 fs=91.42 wc=266.46  (0.7s)
    B0 seat  8 r06 mixed QB  Malik Willis            289.6 fs=82.79 wc=259.64  (0.6s)
    B0 seat  8 r07 mixed RB  Bucky Irving            223.6 fs=56.57 wc=159.25  (0.6s)
    B0 seat  8 r08 mixed WR  DK Metcalf              217.1 fs=12.91 wc=46.81  (0.6s)
    B0 seat  8 r09 mixed WR  Jordan Addison          209.9 fs=6.57 wc=44.84  (0.6s)
    B0 seat  8 r10 BENCH WR  Carnell Tate            207.2 fs=-2.47 wc=36.93  (0.6s)
    B0 seat  8 r11 BENCH WR  Wan'Dale Robinson       190.0 fs=-24.46 wc=39.02  (0.8s)
    B0 seat  8 r12 BENCH WR  Rashid Shaheed          170.2 fs=-44.98 wc=34.75  (0.6s)
    B0 seat  8 r13 BENCH WR  Cooper Kupp             149.1 fs=-64.03 wc=19.45  (0.7s)
    B0 seat  8 r14 BENCH WR  De'Zhaun Stribling      134.6 fs=-79.78 wc=0.0  (0.6s)
    B0 seat  8 r15 BENCH WR  Calvin Ridley           123.1 fs=-89.99 wc=0.0  (0.6s)
  == SELF   seat  8: {'RB': 3, 'TE': 2, 'QB': 2, 'WR': 8} bench {'WR': 6} order True/None lineup 2485.07 vs ctrl 2453.73 forced 0 unfillable [] cdme 443.2 vs 517.43 start 765.68 (9.7s)
    B0 seat  8 r01 mixed RB  Jonathan Taylor         355.9 fs=184.84 wc=292.05  (0.6s)
    B0 seat  8 r02 mixed TE  Brock Bowers            310.2 fs=151.9 wc=222.63  (0.6s)
    B0 seat  8 r03 mixed RB  Jeremiyah Love          288.5 fs=115.38 wc=224.47  (0.6s)
    B0 seat  8 r04 mixed QB  Trevor Lawrence         308.1 fs=105.5 wc=278.15  (0.6s)
    B0 seat  8 r05 mixed QB  Malik Willis            289.6 fs=75.24 wc=261.64  (0.6s)
    B0 seat  8 r06 mixed WR  Luther Burden           253.0 fs=45.69 wc=72.83  (0.6s)
    B0 seat  8 r07 mixed WR  Davante Adams           230.5 fs=20.32 wc=57.5  (0.6s)
    B0 seat  8 r08 mixed WR  DK Metcalf              217.1 fs=4.91 wc=46.81  (0.6s)
    B0 seat  8 r09 mixed WR  Carnell Tate            207.2 fs=-0.13 wc=42.1  (0.6s)
    B0 seat  8 r10 BENCH WR  Brian Thomas            201.6 fs=-6.74 wc=36.57  (0.6s)
    B0 seat  8 r11 BENCH WR  Matthew Golden          188.2 fs=-26.75 wc=49.2  (0.7s)
    B0 seat  8 r12 BENCH RB  Jadarian Price          171.0 fs=-37.48 wc=81.63  (0.6s)
    B0 seat  8 r13 BENCH RB  Aaron Jones             154.7 fs=-63.97 wc=58.07  (0.7s)
    B0 seat  8 r14 BENCH TE  Cade Otton              141.3 fs=-76.55 wc=46.85  (0.6s)
    B0 seat  8 r15 BENCH WR  Calvin Ridley           123.1 fs=-89.99 wc=0.0  (0.7s)
  == SHARED seat  8: {'RB': 4, 'TE': 2, 'QB': 2, 'WR': 7} bench {'WR': 3, 'RB': 2, 'TE': 1} order True/None lineup 2460.1 vs ctrl 2463.46 forced 0 unfillable [] cdme 446.98 vs 555.23 start 656.13 (9.4s)
    B0 seat 12 r01 mixed TE  Brock Bowers            310.2 fs=151.72 wc=222.63  (0.6s)
    B0 seat 12 r02 mixed QB  Brock Purdy             352.9 fs=149.48 wc=322.94  (0.7s)
    B0 seat 12 r03 mixed RB  Jeremiyah Love          288.5 fs=119.45 wc=224.47  (0.6s)
    B0 seat 12 r04 mixed RB  Kenneth Walker          283.5 fs=108.2 wc=219.51  (0.7s)
    B0 seat 12 r05 mixed RB  Javonte Williams        260.0 fs=83.73 wc=195.51  (0.6s)
    B0 seat 12 r06 mixed QB  Malik Willis            289.6 fs=82.79 wc=261.64  (0.6s)
    B0 seat 12 r07 mixed TE  George Kittle           224.5 fs=56.41 wc=134.51  (0.6s)
    B0 seat 12 r08 mixed WR  Alec Pierce             225.5 fs=19.8 wc=52.49  (0.6s)
    B0 seat 12 r09 mixed WR  Carnell Tate            207.2 fs=4.57 wc=42.1  (0.6s)
    B0 seat 12 r10 BENCH WR  Chris Godwin            206.7 fs=-2.48 wc=41.63  (0.6s)
    B0 seat 12 r11 BENCH WR  Tre Tucker              180.2 fs=-41.8 wc=41.22  (0.7s)
    B0 seat 12 r12 BENCH WR  Rashid Shaheed          170.2 fs=-43.12 wc=34.75  (0.6s)
    B0 seat 12 r13 BENCH WR  Cooper Kupp             149.1 fs=-63.07 wc=19.45  (0.6s)
    B0 seat 12 r14 BENCH RB  J.K. Dobbins            150.0 fs=-75.97 wc=53.92  (0.6s)
    B0 seat 12 r15 BENCH WR  Dontayvion Wicks        118.6 fs=-100.93 wc=0.0  (0.6s)
  == SELF   seat 12: {'TE': 2, 'QB': 2, 'RB': 4, 'WR': 7} bench {'WR': 5, 'RB': 1} order True/None lineup 2441.88 vs ctrl 2547.29 forced 0 unfillable [] cdme 418.82 vs 475.44 start 724.19 (9.3s)
    B0 seat 12 r01 mixed TE  Brock Bowers            310.2 fs=151.72 wc=222.63  (0.6s)
    B0 seat 12 r02 mixed QB  Brock Purdy             352.9 fs=149.48 wc=322.94  (0.6s)
    B0 seat 12 r03 mixed RB  Jeremiyah Love          288.5 fs=119.45 wc=224.47  (0.6s)
    B0 seat 12 r04 mixed RB  Kenneth Walker          283.5 fs=108.2 wc=219.51  (0.6s)
    B0 seat 12 r05 mixed QB  Malik Willis            289.6 fs=75.24 wc=261.64  (0.6s)
    B0 seat 12 r06 mixed WR  Jameson Williams        259.2 fs=52.03 wc=71.01  (0.6s)
    B0 seat 12 r07 mixed WR  Alec Pierce             225.5 fs=15.82 wc=52.49  (0.6s)
    B0 seat 12 r08 mixed RB  Bucky Irving            223.6 fs=7.87 wc=159.07  (0.6s)
    B0 seat 12 r09 mixed WR  Carnell Tate            207.2 fs=0.1 wc=40.02  (0.5s)
    B0 seat 12 r10 BENCH QB  Daniel Jones            281.9 fs=-8.41 wc=250.57  (0.7s)
    B0 seat 12 r11 BENCH TE  Dallas Goedert          183.1 fs=-32.99 wc=78.91  (0.7s)
    B0 seat 12 r12 BENCH WR  Tre Tucker              180.2 fs=-38.79 wc=41.22  (0.6s)
    B0 seat 12 r13 BENCH WR  Cooper Kupp             149.1 fs=-62.83 wc=19.45  (0.7s)
    B0 seat 12 r14 BENCH RB  J.K. Dobbins            150.0 fs=-67.49 wc=53.92  (0.6s)
    B0 seat 12 r15 BENCH WR  Dontayvion Wicks        118.6 fs=-100.69 wc=0.0  (0.6s)
  == SHARED seat 12: {'TE': 2, 'QB': 3, 'RB': 4, 'WR': 6} bench {'QB': 1, 'TE': 1, 'WR': 3, 'RB': 1} order True/None lineup 2440.13 vs ctrl 2547.29 forced 0 unfillable [] cdme 510.36 vs 475.44 start 690.9 (9.3s)
-> evidence/roster_shape/shared_slot/wave2_seats/12T_ppr_SF.json
commit 7aa1227 | 4WR_TE_PREMIUM | pool 481 | rounds 16
    B0 seat  4 r01 mixed TE  Brock Bowers            367.4 fs=230.27 wc=295.37  (0.7s)
    B0 seat  4 r02 mixed TE  Colston Loveland        308.4 fs=167.06 wc=226.96  (0.6s)
    B0 seat  4 r03 mixed TE  Tyler Warren            286.1 fs=139.55 wc=204.68  (0.6s)
    B0 seat  4 r04 mixed WR  Tetairoa McMillan       264.3 fs=87.3 wc=169.36  (0.6s)
    B0 seat  4 r05 mixed WR  Terry McLaurin          261.1 fs=82.28 wc=163.6  (0.6s)
    B0 seat  4 r06 mixed WR  Davante Adams           230.5 fs=48.95 wc=133.01  (0.7s)
    B0 seat  4 r07 mixed RB  Bucky Irving            223.6 fs=40.87 wc=118.38  (0.6s)
    B0 seat  4 r08 mixed WR  Khalil Shakir           210.7 fs=41.65 wc=119.28  (0.6s)
    B0 seat  4 r09 mixed RB  Rhamondre Stevenson     202.4 fs=11.05 wc=77.59  (0.6s)
    B0 seat  4 r10 mixed QB  Patrick Mahomes         328.6 fs=4.0 wc=24.03  (0.5s)
    B0 seat  4 r11 BENCH QB  Matthew Stafford        311.1 fs=-17.6 wc=16.69  (0.8s)
    B0 seat  4 r12 BENCH RB  Tony Pollard            186.3 fs=-21.31 wc=44.03  (0.7s)
    B0 seat  4 r13 BENCH WR  Devaughn Vele           165.0 fs=-38.54 wc=62.54  (0.7s)
    B0 seat  4 r14 BENCH RB  Chris Rodriguez         141.5 fs=-68.34 wc=44.85  (0.6s)
    B0 seat  4 r15 BENCH WR  Malik Washington        129.5 fs=-79.28 wc=27.02  (0.7s)
    B0 seat  4 r16 BENCH RB  Alvin Kamara            105.0 fs=-95.38 wc=0.0  (0.6s)
  == SELF   seat  4: {'TE': 3, 'WR': 6, 'RB': 5, 'QB': 2} bench {'QB': 1, 'RB': 3, 'WR': 2} order True/None lineup 2682.99 vs ctrl 2643.61 forced 0 unfillable [] cdme 444.17 vs 275.15 start 736.4 (10.2s)
    B0 seat  4 r01 mixed TE  Brock Bowers            367.4 fs=230.27 wc=295.37  (0.7s)
    B0 seat  4 r02 mixed TE  Colston Loveland        308.4 fs=167.06 wc=226.96  (0.6s)
    B0 seat  4 r03 mixed WR  Drake London            310.9 fs=134.09 wc=215.98  (0.6s)
    B0 seat  4 r04 mixed WR  Tetairoa McMillan       264.3 fs=87.3 wc=169.36  (0.6s)
    B0 seat  4 r05 mixed WR  Terry McLaurin          261.1 fs=78.61 wc=166.12  (0.6s)
    B0 seat  4 r06 mixed WR  Davante Adams           230.5 fs=44.95 wc=133.01  (0.6s)
    B0 seat  4 r07 mixed RB  Bucky Irving            223.6 fs=40.87 wc=118.38  (0.6s)
    B0 seat  4 r08 mixed WR  Khalil Shakir           210.7 fs=22.25 wc=119.28  (0.6s)
    B0 seat  4 r09 mixed RB  Rhamondre Stevenson     202.4 fs=11.05 wc=77.59  (0.6s)
    B0 seat  4 r10 mixed QB  Patrick Mahomes         328.6 fs=4.0 wc=24.03  (0.6s)
    B0 seat  4 r11 BENCH QB  Matthew Stafford        311.1 fs=-17.6 wc=16.69  (0.7s)
    B0 seat  4 r12 BENCH RB  Chuba Hubbard           185.6 fs=-21.95 wc=44.14  (0.7s)
    B0 seat  4 r13 BENCH WR  Devaughn Vele           165.0 fs=-38.75 wc=62.54  (0.6s)
    B0 seat  4 r14 BENCH RB  Chris Rodriguez         141.5 fs=-68.34 wc=44.85  (0.7s)
    B0 seat  4 r15 BENCH TE  Mason Taylor            124.8 fs=-74.03 wc=21.2  (0.7s)
    B0 seat  4 r16 BENCH RB  Alvin Kamara            105.0 fs=-95.38 wc=-0.17  (0.7s)
  == SHARED seat  4: {'TE': 3, 'WR': 6, 'RB': 5, 'QB': 2} bench {'QB': 1, 'RB': 3, 'WR': 1, 'TE': 1} order True/None lineup 2707.82 vs ctrl 2636.37 forced 0 unfillable [] cdme 468.91 vs 267.24 start 719.38 (10.0s)
    B0 seat  8 r01 mixed TE  Brock Bowers            367.4 fs=230.1 wc=295.37  (0.7s)
    B0 seat  8 r02 mixed TE  Colston Loveland        308.4 fs=166.98 wc=231.78  (0.8s)
    B0 seat  8 r03 mixed TE  Tyler Warren            286.1 fs=139.52 wc=204.68  (0.7s)
    B0 seat  8 r04 mixed WR  Jaylen Waddle           278.4 fs=100.49 wc=183.44  (0.7s)
    B0 seat  8 r05 mixed WR  Christian Watson        254.3 fs=75.89 wc=159.33  (0.7s)
    B0 seat  8 r06 mixed WR  Malik Nabers            242.8 fs=63.43 wc=147.8  (0.7s)
    B0 seat  8 r07 mixed RB  TreVeyon Henderson      214.6 fs=35.74 wc=109.6  (0.6s)
    B0 seat  8 r08 mixed WR  Michael Wilson          213.7 fs=35.77 wc=116.16  (0.7s)
    B0 seat  8 r09 mixed RB  Bhayshul Tuten          201.4 fs=10.1 wc=76.64  (0.6s)
    B0 seat  8 r10 mixed QB  Patrick Mahomes         328.6 fs=4.0 wc=24.03  (0.7s)
    B0 seat  8 r11 BENCH RB  Tony Pollard            186.3 fs=-24.8 wc=50.96  (0.7s)
    B0 seat  8 r12 BENCH RB  Chuba Hubbard           185.6 fs=-22.17 wc=44.14  (0.7s)
    B0 seat  8 r13 BENCH WR  Kayshon Boutte          160.8 fs=-42.77 wc=58.36  (0.7s)
    B0 seat  8 r14 BENCH RB  Kyle Monangai           147.8 fs=-60.06 wc=42.58  (0.6s)
    B0 seat  8 r15 BENCH WR  Jordyn Tyson            125.3 fs=-79.52 wc=22.83  (0.7s)
    B0 seat  8 r16 BENCH RB  Alvin Kamara            105.0 fs=-93.08 wc=8.35  (0.6s)
  == SELF   seat  8: {'TE': 3, 'WR': 6, 'RB': 6, 'QB': 1} bench {'RB': 4, 'WR': 2} order True/None lineup 2695.58 vs ctrl 2589.74 forced 0 unfillable [] cdme 461.32 vs 382.77 start 756.35 (11.0s)
    B0 seat  8 r01 mixed TE  Brock Bowers            367.4 fs=230.1 wc=295.37  (0.7s)
    B0 seat  8 r02 mixed TE  Colston Loveland        308.4 fs=166.98 wc=231.78  (0.6s)
    B0 seat  8 r03 mixed WR  George Pickens          288.4 fs=110.93 wc=193.4  (0.7s)
    B0 seat  8 r04 mixed WR  Jaylen Waddle           278.4 fs=100.49 wc=186.97  (0.6s)
    B0 seat  8 r05 mixed WR  Christian Watson        254.3 fs=72.22 wc=159.33  (0.7s)
    B0 seat  8 r06 mixed WR  Malik Nabers            242.8 fs=59.43 wc=147.8  (0.6s)
    B0 seat  8 r07 mixed RB  TreVeyon Henderson      214.6 fs=35.74 wc=109.6  (0.6s)
    B0 seat  8 r08 mixed WR  Michael Wilson          213.7 fs=23.79 wc=116.16  (0.6s)
    B0 seat  8 r09 mixed RB  Bhayshul Tuten          201.4 fs=10.1 wc=76.64  (0.6s)
    B0 seat  8 r10 mixed QB  Patrick Mahomes         328.6 fs=4.0 wc=24.03  (0.5s)
    B0 seat  8 r11 BENCH RB  Tony Pollard            186.3 fs=-24.8 wc=50.96  (0.7s)
    B0 seat  8 r12 BENCH RB  Chuba Hubbard           185.6 fs=-22.17 wc=44.14  (0.6s)
    B0 seat  8 r13 BENCH WR  Kayshon Boutte          160.8 fs=-45.02 wc=58.36  (0.6s)
    B0 seat  8 r14 BENCH RB  Kyle Monangai           147.8 fs=-60.06 wc=42.58  (0.7s)
    B0 seat  8 r15 BENCH TE  Mason Taylor            124.8 fs=-76.96 wc=20.39  (0.6s)
    B0 seat  8 r16 BENCH TE  Daniel Bellinger        111.7 fs=-90.48 wc=7.2  (0.7s)
  == SHARED seat  8: {'TE': 4, 'WR': 6, 'RB': 5, 'QB': 1} bench {'RB': 3, 'WR': 1, 'TE': 2} order True/None lineup 2697.83 vs ctrl 2589.25 forced 0 unfillable [] cdme 520.79 vs 342.66 start 716.08 (10.2s)
    B0 seat 12 r01 mixed TE  Trey McBride            358.6 fs=221.22 wc=277.18  (0.6s)
    B0 seat 12 r02 mixed TE  Colston Loveland        308.4 fs=167.08 wc=231.78  (0.6s)
    B0 seat 12 r03 mixed TE  Tyler Warren            286.1 fs=139.57 wc=204.68  (0.6s)
    B0 seat 12 r04 mixed WR  Zay Flowers             287.1 fs=109.6 wc=189.59  (0.6s)
    B0 seat 12 r05 mixed WR  Mike Evans              246.7 fs=68.31 wc=149.24  (0.6s)
    B0 seat 12 r06 mixed WR  Garrett Wilson          244.7 fs=63.69 wc=147.25  (0.7s)
    B0 seat 12 r07 mixed RB  TreVeyon Henderson      214.6 fs=44.15 wc=109.6  (0.6s)
    B0 seat 12 r08 mixed WR  Emeka Egbuka            214.7 fs=37.85 wc=117.22  (0.6s)
    B0 seat 12 r09 mixed RB  Rachaad White           192.0 fs=9.33 wc=86.81  (0.6s)
    B0 seat 12 r10 mixed QB  Patrick Mahomes         328.6 fs=4.0 wc=24.03  (0.6s)
    B0 seat 12 r11 BENCH RB  Jadarian Price          171.0 fs=-24.29 wc=46.27  (0.7s)
    B0 seat 12 r12 BENCH RB  Kenny Gainwell          177.0 fs=-20.44 wc=52.21  (0.7s)
    B0 seat 12 r13 BENCH RB  Aaron Jones             154.7 fs=-52.97 wc=29.95  (0.6s)
    B0 seat 12 r14 BENCH RB  Blake Corum             154.7 fs=-52.99 wc=29.93  (0.6s)
    B0 seat 12 r15 BENCH WR  Denzel Boston           118.7 fs=-90.48 wc=16.26  (0.6s)
    B0 seat 12 r16 BENCH RB  Alvin Kamara            105.0 fs=-92.79 wc=8.35  (0.6s)
  == SELF   seat 12: {'TE': 3, 'WR': 5, 'RB': 7, 'QB': 1} bench {'RB': 5, 'WR': 1} order False/None lineup 2681.52 vs ctrl 2646.21 forced 0 unfillable [] cdme 397.65 vs 388.7 start 741.77 (10.1s)
    B0 seat 12 r01 mixed TE  Trey McBride            358.6 fs=221.22 wc=277.18  (0.7s)
    B0 seat 12 r02 mixed TE  Colston Loveland        308.4 fs=167.08 wc=231.78  (0.6s)
    B0 seat 12 r03 mixed WR  Zay Flowers             287.1 fs=109.52 wc=192.11  (0.6s)
    B0 seat 12 r04 mixed WR  DeVonta Smith           282.5 fs=104.37 wc=187.51  (0.6s)
    B0 seat 12 r05 mixed WR  Mike Evans              246.7 fs=64.64 wc=151.76  (0.6s)
    B0 seat 12 r06 mixed WR  Garrett Wilson          244.7 fs=59.69 wc=149.77  (0.6s)
    B0 seat 12 r07 mixed RB  TreVeyon Henderson      214.6 fs=35.49 wc=109.6  (0.6s)
    B0 seat 12 r08 mixed WR  Emeka Egbuka            214.7 fs=28.4 wc=117.22  (0.6s)
    B0 seat 12 r09 mixed RB  Rachaad White           192.0 fs=9.33 wc=67.21  (0.6s)
    B0 seat 12 r10 mixed QB  Patrick Mahomes         328.6 fs=4.0 wc=24.03  (0.5s)
    B0 seat 12 r11 BENCH RB  Chuba Hubbard           185.6 fs=-16.01 wc=50.32  (0.7s)
    B0 seat 12 r12 BENCH RB  Jadarian Price          171.0 fs=-20.05 wc=46.27  (0.6s)
    B0 seat 12 r13 BENCH RB  Aaron Jones             154.7 fs=-43.66 wc=29.95  (0.7s)
    B0 seat 12 r14 BENCH RB  Blake Corum             154.7 fs=-43.68 wc=29.93  (0.6s)
    B0 seat 12 r15 BENCH TE  Colby Parkinson         122.7 fs=-91.01 wc=18.24  (0.6s)
    B0 seat 12 r16 BENCH TE  Daniel Bellinger        111.7 fs=-92.62 wc=8.01  (0.7s)
  == SHARED seat 12: {'TE': 4, 'WR': 5, 'RB': 6, 'QB': 1} bench {'RB': 4, 'TE': 2} order False/None lineup 2677.88 vs ctrl 2636.39 forced 0 unfillable [] cdme 456.06 vs 367.82 start 694.76 (10.0s)
-> evidence/roster_shape/shared_slot/wave2_seats/4WR_TE_PREMIUM.json
commit 7aa1227 | HEAVY_IDP | pool 780 | rounds 18
    B0 seat  4 r01 mixed WR  Jaxon Smith-Njigba      395.7 fs=172.97 wc=184.97  (1.0s)
    B0 seat  4 r02 mixed TE  Brock Bowers            310.2 fs=131.12 wc=172.45  (0.9s)
    B0 seat  4 r03 mixed TE  Trey McBride            300.9 fs=118.04 wc=152.41  (1.0s)
    B0 seat  4 r04 mixed RB  Javonte Williams        260.0 fs=75.64 wc=135.22  (1.0s)
    B0 seat  4 r05 mixed LB  Jack Campbell           171.9 fs=53.75 wc=52.9  (0.9s)
    B0 seat  4 r06 mixed LB  Nakobe Dean             170.7 fs=48.57 wc=51.72  (1.0s)
    B0 seat  4 r07 mixed DL  Aidan Hutchinson        124.2 fs=47.61 wc=47.33  (0.9s)
    B0 seat  4 r08 mixed DB  Kyle Hamilton           139.2 fs=46.05 wc=39.72  (1.0s)
    B0 seat  4 r09 mixed LB  Andrew Van Ginkel       121.5 fs=40.96 wc=44.68  (1.0s)
    B0 seat  4 r10 mixed DB  Kevin Byard             113.8 fs=16.71 wc=14.93  (0.9s)
    B0 seat  4 r11 mixed RB  Rhamondre Stevenson     202.4 fs=4.71 wc=67.04  (0.9s)
    B0 seat  4 r12 mixed QB  Patrick Mahomes         328.6 fs=4.0 wc=27.36  (1.1s)
    B0 seat  4 r13 mixed WR  DJ Moore                216.2 fs=3.03 wc=15.61  (1.0s)
    B0 seat  4 r14 BENCH WR  Emeka Egbuka            214.7 fs=-2.01 wc=14.07  (1.0s)
    B0 seat  4 r15 BENCH WR  Parker Washington       215.1 fs=5.17 wc=13.41  (1.1s)
    B0 seat  4 r16 BENCH DB  Caleb Downs             100.0 fs=-12.42 wc=0.47  (1.0s)
    B0 seat  4 r17 BENCH DB  Tyler Nubin              99.8 fs=-12.58 wc=0.31  (1.1s)
    B0 seat  4 r18 BENCH DB  Alohi Gilman             99.5 fs=-12.89 wc=0.0  (1.0s)
  == SELF   seat  4: {'WR': 4, 'TE': 2, 'RB': 2, 'LB': 3, 'DL': 1, 'DB': 5, 'QB': 1} bench {'WR': 2, 'DB': 3} order False/None lineup 2855.13 vs ctrl 2713.55 forced 0 unfillable [] cdme 615.42 vs 230.3 start 658.07 (17.9s)
    B0 seat  4 r01 mixed WR  Jaxon Smith-Njigba      395.7 fs=172.97 wc=184.97  (1.0s)
    B0 seat  4 r02 mixed TE  Brock Bowers            310.2 fs=131.12 wc=172.45  (0.9s)
    B0 seat  4 r03 mixed RB  Jeremiyah Love          288.5 fs=94.2 wc=163.7  (0.9s)
    B0 seat  4 r04 mixed RB  Javonte Williams        260.0 fs=62.91 wc=135.22  (0.9s)
    B0 seat  4 r05 mixed LB  Jack Campbell           171.9 fs=53.75 wc=52.9  (1.0s)
    B0 seat  4 r06 mixed LB  Nakobe Dean             170.7 fs=48.57 wc=51.72  (1.0s)
    B0 seat  4 r07 mixed DL  Aidan Hutchinson        124.2 fs=47.61 wc=47.33  (0.9s)
    B0 seat  4 r08 mixed DB  Kyle Hamilton           139.2 fs=46.05 wc=39.72  (1.0s)
    B0 seat  4 r09 mixed LB  Andrew Van Ginkel       121.5 fs=40.96 wc=44.68  (0.9s)
    B0 seat  4 r10 mixed DB  Kevin Byard             113.8 fs=16.71 wc=14.93  (0.9s)
    B0 seat  4 r11 mixed QB  Patrick Mahomes         328.6 fs=4.0 wc=27.36  (1.0s)
    B0 seat  4 r12 mixed WR  DJ Moore                216.2 fs=3.04 wc=16.6  (1.2s)
    B0 seat  4 r13 mixed WR  Emeka Egbuka            214.7 fs=-1.31 wc=15.06  (1.0s)
    B0 seat  4 r14 mixed WR  Parker Washington       215.1 fs=-2.92 wc=14.41  (1.0s)
    B0 seat  4 r15 BENCH WR  Michael Wilson          213.7 fs=6.19 wc=13.01  (1.0s)
    B0 seat  4 r16 BENCH DB  Caleb Downs             100.0 fs=-12.42 wc=0.47  (1.0s)
    B0 seat  4 r17 BENCH DB  Tyler Nubin              99.8 fs=-12.58 wc=0.31  (1.0s)
    B0 seat  4 r18 BENCH DB  Alohi Gilman             99.5 fs=-12.89 wc=0.0  (1.0s)
  == SHARED seat  4: {'WR': 5, 'TE': 1, 'RB': 2, 'LB': 3, 'DL': 1, 'DB': 5, 'QB': 1} bench {'WR': 2, 'DB': 3} order True/None lineup 2855.44 vs ctrl 2713.55 forced 0 unfillable [] cdme 571.73 vs 230.3 start 616.71 (18.0s)
    B0 seat  8 r01 mixed RB  Jonathan Taylor         355.9 fs=159.97 wc=259.84  (1.0s)
    B0 seat  8 r02 mixed TE  Brock Bowers            310.2 fs=130.99 wc=172.45  (0.9s)
    B0 seat  8 r03 mixed RB  Jeremiyah Love          288.5 fs=90.15 wc=163.7  (0.9s)
    B0 seat  8 r04 mixed TE  Colston Loveland        265.2 fs=81.16 wc=116.79  (0.9s)
    B0 seat  8 r05 mixed LB  Jack Campbell           171.9 fs=53.75 wc=52.9  (0.9s)
    B0 seat  8 r06 mixed LB  Nakobe Dean             170.7 fs=48.57 wc=51.72  (0.9s)
    B0 seat  8 r07 mixed DL  Aidan Hutchinson        124.2 fs=47.61 wc=47.33  (1.0s)
    B0 seat  8 r08 mixed DB  Kyle Hamilton           139.2 fs=46.05 wc=39.72  (0.9s)
    B0 seat  8 r09 mixed LB  Andrew Van Ginkel       121.5 fs=40.96 wc=44.68  (0.9s)
    B0 seat  8 r10 mixed DB  Tre'von Moehrig         118.6 fs=21.48 wc=19.7  (0.9s)
    B0 seat  8 r11 mixed WR  Jalen Coker             222.9 fs=9.31 wc=21.22  (1.0s)
    B0 seat  8 r12 mixed QB  Patrick Mahomes         328.6 fs=4.0 wc=27.36  (1.2s)
    B0 seat  8 r13 mixed WR  DK Metcalf              217.1 fs=3.38 wc=15.41  (1.0s)
    B0 seat  8 r14 BENCH WR  DJ Moore                216.2 fs=-2.81 wc=14.61  (1.0s)
    B0 seat  8 r15 BENCH WR  Emeka Egbuka            214.7 fs=-1.45 wc=8.01  (1.0s)
    B0 seat  8 r16 BENCH WR  Carnell Tate            207.2 fs=-6.94 wc=7.71  (1.0s)
    B0 seat  8 r17 BENCH DB  Caleb Downs             100.0 fs=-17.19 wc=0.16  (1.0s)
    B0 seat  8 r18 BENCH DB  Tyler Nubin              99.8 fs=-17.35 wc=0.0  (1.0s)
  == SELF   seat  8: {'RB': 2, 'TE': 2, 'LB': 3, 'DL': 1, 'DB': 4, 'WR': 5, 'QB': 1} bench {'WR': 3, 'DB': 2} order False/None lineup 2834.29 vs ctrl 2625.55 forced 0 unfillable [] cdme 568.59 vs 76.04 start 632.59 (17.8s)
    B0 seat  8 r01 mixed RB  Jonathan Taylor         355.9 fs=159.97 wc=259.84  (1.0s)
    B0 seat  8 r02 mixed TE  Brock Bowers            310.2 fs=130.99 wc=172.45  (1.0s)
    B0 seat  8 r03 mixed RB  Jeremiyah Love          288.5 fs=90.15 wc=163.7  (0.9s)
    B0 seat  8 r04 mixed LB  Jack Campbell           171.9 fs=53.75 wc=52.9  (0.9s)
    B0 seat  8 r05 mixed LB  Nakobe Dean             170.7 fs=48.57 wc=51.72  (0.9s)
    B0 seat  8 r06 mixed DL  Aidan Hutchinson        124.2 fs=47.61 wc=47.33  (0.9s)
    B0 seat  8 r07 mixed DB  Kyle Hamilton           139.2 fs=46.05 wc=39.72  (0.9s)
    B0 seat  8 r08 mixed LB  Andrew Van Ginkel       121.5 fs=40.96 wc=44.68  (0.9s)
    B0 seat  8 r09 mixed DB  Nick Cross              129.0 fs=31.88 wc=29.55  (0.9s)
    B0 seat  8 r10 mixed WR  Jalen Coker             222.9 fs=9.33 wc=21.22  (1.1s)
    B0 seat  8 r11 mixed QB  Patrick Mahomes         328.6 fs=4.0 wc=27.36  (0.9s)
    B0 seat  8 r12 mixed WR  DK Metcalf              217.1 fs=3.39 wc=16.41  (1.0s)
    B0 seat  8 r13 mixed WR  DJ Moore                216.2 fs=-0.97 wc=15.61  (1.0s)
    B0 seat  8 r14 BENCH WR  Emeka Egbuka            214.7 fs=-2.65 wc=13.07  (1.0s)
    B0 seat  8 r15 BENCH WR  Parker Washington       215.1 fs=1.04 wc=10.68  (1.0s)
    B0 seat  8 r16 BENCH WR  Chris Godwin            206.7 fs=-8.62 wc=8.9  (1.1s)
    B0 seat  8 r17 BENCH DB  Caleb Downs             100.0 fs=-27.59 wc=0.16  (1.0s)
    B0 seat  8 r18 BENCH DB  Tyler Nubin              99.8 fs=-27.75 wc=0.0  (1.0s)
  == SHARED seat  8: {'RB': 2, 'TE': 1, 'LB': 3, 'DL': 1, 'DB': 4, 'WR': 6, 'QB': 1} bench {'WR': 3, 'DB': 2} order True/None lineup 2795.71 vs ctrl 2634.37 forced 0 unfillable [] cdme 474.85 vs 176.11 start 544.91 (17.7s)
    B0 seat 12 r01 mixed TE  Brock Bowers            310.2 fs=130.89 wc=172.45  (1.0s)
    B0 seat 12 r02 mixed RB  De'Von Achane           318.2 fs=122.85 wc=221.51  (0.9s)
    B0 seat 12 r03 mixed RB  Kenneth Walker          283.5 fs=83.19 wc=158.74  (0.9s)
    B0 seat 12 r04 mixed TE  Colston Loveland        265.2 fs=81.3 wc=116.79  (0.9s)
    B0 seat 12 r05 mixed LB  Jack Campbell           171.9 fs=53.75 wc=52.9  (0.9s)
    B0 seat 12 r06 mixed LB  Nakobe Dean             170.7 fs=48.57 wc=51.72  (0.9s)
    B0 seat 12 r07 mixed DL  Aidan Hutchinson        124.2 fs=47.61 wc=47.33  (0.9s)
    B0 seat 12 r08 mixed DB  Kyle Hamilton           139.2 fs=46.05 wc=39.72  (0.9s)
    B0 seat 12 r09 mixed LB  Andrew Van Ginkel       121.5 fs=40.96 wc=44.68  (0.9s)
    B0 seat 12 r10 mixed DB  Derwin James            126.3 fs=29.24 wc=26.91  (0.9s)
    B0 seat 12 r11 mixed WR  Jalen Coker             222.9 fs=9.31 wc=21.22  (1.2s)
    B0 seat 12 r12 mixed QB  Patrick Mahomes         328.6 fs=4.0 wc=27.36  (1.0s)
    B0 seat 12 r13 mixed WR  DK Metcalf              217.1 fs=3.38 wc=15.41  (1.0s)
    B0 seat 12 r14 BENCH WR  DJ Moore                216.2 fs=-2.98 wc=14.61  (1.0s)
    B0 seat 12 r15 BENCH WR  Michael Wilson          213.7 fs=-3.5 wc=12.01  (1.1s)
    B0 seat 12 r16 BENCH WR  Rome Odunze             212.4 fs=-5.72 wc=11.74  (1.1s)
    B0 seat 12 r17 BENCH DB  Caleb Downs             100.0 fs=-24.95 wc=0.16  (1.1s)
    B0 seat 12 r18 BENCH DB  Tyler Nubin              99.8 fs=-25.11 wc=0.31  (1.1s)
  == SELF   seat 12: {'TE': 2, 'RB': 2, 'LB': 3, 'DL': 1, 'DB': 4, 'WR': 5, 'QB': 1} bench {'WR': 3, 'DB': 2} order False/None lineup 2799.33 vs ctrl 2736.68 forced 0 unfillable [] cdme 533.22 vs 288.68 start 595.11 (17.9s)
    B0 seat 12 r01 mixed TE  Brock Bowers            310.2 fs=130.89 wc=172.45  (1.1s)
    B0 seat 12 r02 mixed RB  De'Von Achane           318.2 fs=122.85 wc=221.51  (1.0s)
    B0 seat 12 r03 mixed RB  Kenneth Walker          283.5 fs=83.19 wc=158.74  (0.9s)
    B0 seat 12 r04 mixed WR  DeVonta Smith           282.5 fs=58.23 wc=72.57  (0.9s)
    B0 seat 12 r05 mixed LB  Jack Campbell           171.9 fs=53.75 wc=52.9  (1.0s)
    B0 seat 12 r06 mixed LB  Nakobe Dean             170.7 fs=48.57 wc=51.72  (1.0s)
    B0 seat 12 r07 mixed DL  Aidan Hutchinson        124.2 fs=47.61 wc=47.33  (0.9s)
    B0 seat 12 r08 mixed DB  Kyle Hamilton           139.2 fs=46.05 wc=39.72  (1.0s)
    B0 seat 12 r09 mixed LB  Andrew Van Ginkel       121.5 fs=40.96 wc=44.68  (1.0s)
    B0 seat 12 r10 mixed DB  Derwin James            126.3 fs=29.24 wc=27.46  (0.9s)
    B0 seat 12 r11 mixed WR  Jalen Coker             222.9 fs=4.11 wc=21.22  (1.3s)
    B0 seat 12 r12 mixed QB  Patrick Mahomes         328.6 fs=4.0 wc=27.36  (1.0s)
    B0 seat 12 r13 mixed WR  DK Metcalf              217.1 fs=-1.82 wc=15.41  (1.0s)
    B0 seat 12 r14 BENCH WR  DJ Moore                216.2 fs=-3.31 wc=15.61  (1.1s)
    B0 seat 12 r15 BENCH WR  Michael Wilson          213.7 fs=-1.7 wc=13.01  (1.0s)
    B0 seat 12 r16 BENCH WR  Rome Odunze             212.4 fs=-3.92 wc=11.74  (1.0s)
    B0 seat 12 r17 BENCH DB  Caleb Downs             100.0 fs=-24.95 wc=0.16  (1.0s)
    B0 seat 12 r18 BENCH DB  Tyler Nubin              99.8 fs=-25.11 wc=0.31  (1.0s)
  == SHARED seat 12: {'TE': 1, 'RB': 2, 'WR': 6, 'LB': 3, 'DL': 1, 'DB': 4, 'QB': 1} bench {'WR': 3, 'DB': 2} order True/None lineup 2816.58 vs ctrl 2736.68 forced 0 unfillable [] cdme 501.82 vs 284.12 start 563.71 (18.1s)
-> evidence/roster_shape/shared_slot/wave2_seats/HEAVY_IDP.json
