commit 22471d9 | 12T_ppr | rounds 14
    B0 seat  1 r01 mixed RB  Jahmyr Gibbs            411.9 fs=232.93 wc=361.17  (0.7s)
    B0 seat  1 r02 mixed TE  Brock Bowers            310.2 fs=142.0 wc=222.63  (0.6s)
    B0 seat  1 r03 mixed TE  Trey McBride            300.9 fs=129.02 wc=213.3  (0.6s)
    B0 seat  1 r04 mixed RB  Javonte Williams        260.0 fs=79.02 wc=195.51  (0.6s)
    B0 seat  1 r05 mixed TE  Tyler Warren            245.1 fs=70.64 wc=155.92  (0.6s)
    B0 seat  1 r06 mixed WR  Jalen Coker             222.9 fs=11.24 wc=52.62  (0.6s)
    B0 seat  1 r07 mixed WR  DK Metcalf              217.1 fs=5.46 wc=46.81  (0.7s)
    B0 seat  1 r08 mixed QB  Patrick Mahomes         328.6 fs=4.0 wc=34.14  (0.7s)
    B0 seat  1 r09 BENCH QB  Jordan Love             317.4 fs=-11.24 wc=22.9  (0.7s)
    B0 seat  1 r10 BENCH WR  Marvin Harrison         199.5 fs=-18.54 wc=32.31  (0.6s)
    B0 seat  1 r11 BENCH WR  Jakobi Meyers           194.5 fs=-22.34 wc=27.38  (0.8s)
    B0 seat  1 r12 BENCH WR  Devaughn Vele           165.0 fs=-51.32 wc=15.91  (0.6s)
    B0 seat  1 r13 BENCH WR  KC Concepcion           165.1 fs=-52.44 wc=26.1  (0.7s)
    B0 seat  1 r14 BENCH WR  De'Zhaun Stribling      134.6 fs=-83.9 wc=0.0  (0.7s)
  == SELF       seat  1: {'RB': 2, 'TE': 3, 'WR': 7, 'QB': 2} order False/None lineup 2296.49 forced 0 unfill [] cdme 392.05 vs 276.71 (9.2s)
    B0 seat  1 r01 mixed RB  Jahmyr Gibbs            411.9 fs=232.93 wc=361.17  (0.7s)
    B0 seat  1 r02 mixed TE  Brock Bowers            310.2 fs=129.05 wc=222.63  (0.7s)
    B0 seat  1 r03 mixed RB  Chase Brown             316.0 fs=128.11 wc=252.11  (0.6s)
    B0 seat  1 r04 mixed WR  Jameson Williams        259.2 fs=50.3 wc=78.99  (0.6s)
    B0 seat  1 r05 mixed RB  Javonte Williams        260.0 fs=44.41 wc=195.51  (0.6s)
    B0 seat  1 r06 mixed WR  Jalen Coker             222.9 fs=7.24 wc=52.62  (0.6s)
    B0 seat  1 r07 mixed RB  Bucky Irving            223.6 fs=5.42 wc=159.55  (0.6s)
    B0 seat  1 r08 mixed QB  Patrick Mahomes         328.6 fs=4.0 wc=28.93  (0.6s)
    B0 seat  1 r09 BENCH QB  Jordan Love             317.4 fs=-11.24 wc=22.9  (0.7s)
    B0 seat  1 r10 BENCH WR  Jakobi Meyers           194.5 fs=-28.68 wc=29.46  (0.7s)
    B0 seat  1 r11 BENCH WR  Xavier Worthy           195.0 fs=-29.34 wc=30.01  (0.6s)
    B0 seat  1 r12 BENCH WR  Devaughn Vele           165.0 fs=-54.97 wc=15.91  (0.7s)
    B0 seat  1 r13 BENCH WR  KC Concepcion           165.1 fs=-56.09 wc=26.1  (0.6s)
    B0 seat  1 r14 BENCH WR  De'Zhaun Stribling      134.6 fs=-87.67 wc=4.98  (0.7s)
  == SHARED     seat  1: {'RB': 4, 'TE': 1, 'WR': 7, 'QB': 2} order True/None lineup 2332.23 forced 0 unfill [] cdme 388.82 vs 251.39 (9.0s)
    B0 seat  1 r01 mixed RB  Jahmyr Gibbs            411.9 fs=232.93 wc=361.17  (0.6s)
    B0 seat  1 r02 mixed TE  Brock Bowers            310.2 fs=129.05 wc=222.63  (0.6s)
    B0 seat  1 r03 mixed RB  Chase Brown             316.0 fs=128.11 wc=252.11  (0.6s)
    B0 seat  1 r04 mixed WR  Jameson Williams        259.2 fs=50.3 wc=78.99  (0.6s)
    B0 seat  1 r05 mixed RB  Javonte Williams        260.0 fs=44.41 wc=195.51  (0.6s)
    B0 seat  1 r06 mixed WR  Jalen Coker             222.9 fs=7.24 wc=52.62  (0.6s)
    B0 seat  1 r07 mixed RB  Bucky Irving            223.6 fs=5.42 wc=159.55  (0.6s)
    B0 seat  1 r08 mixed QB  Patrick Mahomes         328.6 fs=4.0 wc=28.93  (0.6s)
    B0 seat  1 r09 BENCH QB  Jordan Love             317.4 fs=-11.24 wc=22.9  (0.7s)
    B0 seat  1 r10 BENCH WR  Jakobi Meyers           194.5 fs=-28.68 wc=29.46  (0.7s)
    B0 seat  1 r11 BENCH WR  Xavier Worthy           195.0 fs=-29.34 wc=30.01  (0.6s)
    B0 seat  1 r12 BENCH WR  Devaughn Vele           165.0 fs=-57.85 wc=15.91  (0.7s)
    B0 seat  1 r13 BENCH WR  KC Concepcion           165.1 fs=-58.97 wc=26.1  (0.6s)
    B0 seat  1 r14 BENCH WR  De'Zhaun Stribling      134.6 fs=-90.07 wc=4.98  (0.6s)
  == SHARED_ND  seat  1: {'RB': 4, 'TE': 1, 'WR': 7, 'QB': 2} order True/None lineup 2332.23 forced 0 unfill [] cdme 388.82 vs 251.39 (8.7s)
    B0 seat  6 r01 mixed RB  Jonathan Taylor         355.9 fs=176.08 wc=305.2  (0.6s)
    B0 seat  6 r02 mixed TE  Brock Bowers            310.2 fs=141.97 wc=232.07  (0.6s)
    B0 seat  6 r03 mixed RB  Jeremiyah Love          288.5 fs=106.59 wc=224.6  (0.6s)
    B0 seat  6 r04 mixed TE  Colston Loveland        265.2 fs=92.09 wc=176.08  (0.6s)
    B0 seat  6 r05 mixed TE  Tyler Warren            245.1 fs=70.59 wc=155.92  (0.6s)
    B0 seat  6 r06 mixed WR  Davante Adams           230.5 fs=23.33 wc=60.26  (0.6s)
    B0 seat  6 r07 mixed WR  Emeka Egbuka            214.7 fs=6.06 wc=44.47  (0.6s)
    B0 seat  6 r08 mixed QB  Patrick Mahomes         328.6 fs=4.0 wc=34.14  (0.6s)
    B0 seat  6 r09 BENCH WR  Brian Thomas            201.6 fs=-14.25 wc=36.63  (0.7s)
    B0 seat  6 r10 BENCH WR  Michael Pittman         200.6 fs=-13.21 wc=33.49  (0.6s)
    B0 seat  6 r11 BENCH WR  Wan'Dale Robinson       190.0 fs=-23.91 wc=29.18  (0.7s)
    B0 seat  6 r12 BENCH WR  Rashid Shaheed          170.2 fs=-44.49 wc=19.25  (0.6s)
    B0 seat  6 r13 BENCH WR  Cooper Kupp             149.1 fs=-63.55 wc=13.61  (0.6s)
    B0 seat  6 r14 BENCH WR  De'Zhaun Stribling      134.6 fs=-79.45 wc=-4.34  (0.6s)
  == SELF       seat  6: {'RB': 2, 'TE': 3, 'WR': 8, 'QB': 1} order False/None lineup 2238.68 forced 0 unfill [] cdme 317.0 vs 182.49 (8.7s)
    B0 seat  6 r01 mixed RB  Jonathan Taylor         355.9 fs=176.08 wc=305.2  (0.7s)
    B0 seat  6 r02 mixed TE  Brock Bowers            310.2 fs=129.02 wc=232.07  (0.6s)
    B0 seat  6 r03 mixed RB  Jeremiyah Love          288.5 fs=106.59 wc=224.6  (0.6s)
    B0 seat  6 r04 mixed WR  Tetairoa McMillan       264.3 fs=55.81 wc=84.14  (0.6s)
    B0 seat  6 r05 mixed WR  Mike Evans              246.7 fs=34.08 wc=66.54  (0.6s)
    B0 seat  6 r06 mixed WR  Davante Adams           230.5 fs=15.33 wc=60.26  (0.6s)
    B0 seat  6 r07 mixed QB  Patrick Mahomes         328.6 fs=4.0 wc=38.96  (0.6s)
    B0 seat  6 r08 mixed WR  Khalil Shakir           210.7 fs=0.73 wc=45.65  (0.7s)
    B0 seat  6 r09 BENCH WR  Brian Thomas            201.6 fs=-10.93 wc=36.63  (0.7s)
    B0 seat  6 r10 BENCH WR  Michael Pittman         200.6 fs=-6.84 wc=33.49  (0.6s)
    B0 seat  6 r11 BENCH WR  Wan'Dale Robinson       190.0 fs=-23.24 wc=34.25  (0.7s)
    B0 seat  6 r12 BENCH RB  Jadarian Price          171.0 fs=-37.25 wc=66.04  (0.6s)
    B0 seat  6 r13 BENCH TE  Brenton Strange         157.8 fs=-58.47 wc=35.49  (0.6s)
    B0 seat  6 r14 BENCH WR  De'Zhaun Stribling      134.6 fs=-78.73 wc=-0.86  (0.7s)
  == SHARED     seat  6: {'RB': 3, 'TE': 2, 'WR': 8, 'QB': 1} order True/None lineup 2235.45 forced 0 unfill [] cdme 298.96 vs 102.0 (9.1s)
    B0 seat  6 r01 mixed RB  Jonathan Taylor         355.9 fs=176.08 wc=305.2  (0.6s)
    B0 seat  6 r02 mixed TE  Brock Bowers            310.2 fs=129.02 wc=232.07  (0.7s)
    B0 seat  6 r03 mixed RB  Jeremiyah Love          288.5 fs=106.59 wc=224.6  (0.6s)
    B0 seat  6 r04 mixed WR  Tetairoa McMillan       264.3 fs=55.81 wc=84.14  (0.7s)
    B0 seat  6 r05 mixed WR  Mike Evans              246.7 fs=34.08 wc=66.54  (0.6s)
    B0 seat  6 r06 mixed WR  Davante Adams           230.5 fs=15.33 wc=60.26  (0.7s)
    B0 seat  6 r07 mixed QB  Patrick Mahomes         328.6 fs=4.0 wc=38.96  (0.6s)
    B0 seat  6 r08 mixed WR  Khalil Shakir           210.7 fs=0.73 wc=45.65  (0.8s)
    B0 seat  6 r09 BENCH WR  Brian Thomas            201.6 fs=-10.93 wc=36.63  (0.6s)
    B0 seat  6 r10 BENCH WR  Michael Pittman         200.6 fs=-11.28 wc=33.49  (0.7s)
    B0 seat  6 r11 BENCH WR  Wan'Dale Robinson       190.0 fs=-27.56 wc=34.25  (0.6s)
    B0 seat  6 r12 BENCH RB  Jadarian Price          171.0 fs=-47.33 wc=66.04  (0.7s)
    B0 seat  6 r13 BENCH TE  Brenton Strange         157.8 fs=-66.15 wc=35.49  (0.6s)
    B0 seat  6 r14 BENCH WR  De'Zhaun Stribling      134.6 fs=-83.05 wc=-0.86  (0.7s)
  == SHARED_ND  seat  6: {'RB': 3, 'TE': 2, 'WR': 8, 'QB': 1} order True/None lineup 2235.45 forced 0 unfill [] cdme 298.96 vs 102.0 (9.3s)
    B0 seat 12 r01 mixed TE  Brock Bowers            310.2 fs=141.96 wc=233.17  (0.7s)
    B0 seat 12 r02 mixed RB  De'Von Achane           318.2 fs=139.14 wc=267.44  (0.6s)
    B0 seat 12 r03 mixed RB  Kenneth Walker          283.5 fs=99.54 wc=219.51  (0.6s)
    B0 seat 12 r04 mixed RB  Omarion Hampton         280.5 fs=94.27 wc=216.46  (0.7s)
    B0 seat 12 r05 mixed RB  Quinshon Judkins        233.2 fs=58.25 wc=169.19  (0.6s)
    B0 seat 12 r06 mixed WR  Malik Nabers            242.8 fs=37.23 wc=62.58  (0.6s)
    B0 seat 12 r07 mixed WR  Rome Odunze             212.4 fs=8.27 wc=47.31  (0.6s)
    B0 seat 12 r08 mixed QB  Patrick Mahomes         328.6 fs=4.0 wc=34.14  (0.7s)
    B0 seat 12 r09 BENCH WR  Michael Pittman         200.6 fs=-12.55 wc=35.63  (0.7s)
    B0 seat 12 r10 BENCH WR  Courtland Sutton        199.7 fs=-10.63 wc=38.82  (0.7s)
    B0 seat 12 r11 BENCH WR  Tre Tucker              180.2 fs=-35.8 wc=24.43  (0.6s)
    B0 seat 12 r12 BENCH WR  Rashid Shaheed          170.2 fs=-40.6 wc=19.25  (0.6s)
    B0 seat 12 r13 BENCH WR  Cooper Kupp             149.1 fs=-59.95 wc=13.61  (0.7s)
    B0 seat 12 r14 BENCH WR  De'Zhaun Stribling      134.6 fs=-75.39 wc=-0.86  (0.7s)
  == SELF       seat 12: {'TE': 1, 'RB': 4, 'WR': 8, 'QB': 1} order True/None lineup 2209.25 forced 0 unfill [] cdme 244.18 vs 256.92 (9.1s)
    B0 seat 12 r01 mixed TE  Brock Bowers            310.2 fs=141.96 wc=233.17  (0.8s)
    B0 seat 12 r02 mixed RB  De'Von Achane           318.2 fs=139.14 wc=267.44  (0.6s)
    B0 seat 12 r03 mixed RB  Kenneth Walker          283.5 fs=99.54 wc=219.51  (0.7s)
    B0 seat 12 r04 mixed WR  DeVonta Smith           282.5 fs=73.05 wc=94.31  (0.6s)
    B0 seat 12 r05 mixed WR  Malik Nabers            242.8 fs=32.89 wc=62.58  (0.6s)
    B0 seat 12 r06 mixed WR  Ladd McConkey           244.3 fs=28.84 wc=64.08  (0.6s)
    B0 seat 12 r07 mixed QB  Patrick Mahomes         328.6 fs=4.0 wc=38.96  (0.7s)
    B0 seat 12 r08 mixed WR  Khalil Shakir           210.7 fs=-2.0 wc=45.65  (0.7s)
    B0 seat 12 r09 BENCH WR  Courtland Sutton        199.7 fs=-17.82 wc=38.82  (0.7s)
    B0 seat 12 r10 BENCH WR  Marvin Harrison         199.5 fs=-11.29 wc=38.63  (0.6s)
    B0 seat 12 r11 BENCH TE  Dallas Goedert          183.1 fs=-32.89 wc=58.76  (0.7s)
    B0 seat 12 r12 BENCH WR  Tre Tucker              180.2 fs=-35.79 wc=24.43  (0.6s)
    B0 seat 12 r13 BENCH WR  Cooper Kupp             149.1 fs=-59.83 wc=13.61  (0.6s)
    B0 seat 12 r14 BENCH RB  J.K. Dobbins            150.0 fs=-66.58 wc=23.93  (0.6s)
  == SHARED     seat 12: {'TE': 2, 'RB': 3, 'WR': 8, 'QB': 1} order True/None lineup 2220.69 forced 0 unfill [] cdme 281.92 vs 266.07 (9.2s)
    B0 seat 12 r01 mixed TE  Brock Bowers            310.2 fs=141.96 wc=233.17  (0.7s)
    B0 seat 12 r02 mixed RB  De'Von Achane           318.2 fs=139.14 wc=267.44  (0.6s)
    B0 seat 12 r03 mixed RB  Kenneth Walker          283.5 fs=99.54 wc=219.51  (0.6s)
    B0 seat 12 r04 mixed WR  DeVonta Smith           282.5 fs=73.05 wc=94.31  (0.6s)
    B0 seat 12 r05 mixed WR  Malik Nabers            242.8 fs=32.89 wc=62.58  (0.6s)
    B0 seat 12 r06 mixed WR  Ladd McConkey           244.3 fs=28.84 wc=64.08  (0.6s)
    B0 seat 12 r07 mixed QB  Patrick Mahomes         328.6 fs=4.0 wc=38.96  (0.6s)
    B0 seat 12 r08 mixed WR  Khalil Shakir           210.7 fs=-2.0 wc=45.65  (0.7s)
    B0 seat 12 r09 BENCH WR  Courtland Sutton        199.7 fs=-17.82 wc=38.82  (0.6s)
    B0 seat 12 r10 BENCH WR  Marvin Harrison         199.5 fs=-18.61 wc=38.63  (0.7s)
    B0 seat 12 r11 BENCH TE  Dallas Goedert          183.1 fs=-40.57 wc=58.76  (0.6s)
    B0 seat 12 r12 BENCH WR  Tre Tucker              180.2 fs=-43.11 wc=24.43  (0.7s)
    B0 seat 12 r13 BENCH WR  Cooper Kupp             149.1 fs=-67.15 wc=13.61  (0.6s)
    B0 seat 12 r14 BENCH RB  J.K. Dobbins            150.0 fs=-75.58 wc=23.93  (0.6s)
  == SHARED_ND  seat 12: {'TE': 2, 'RB': 3, 'WR': 8, 'QB': 1} order True/None lineup 2220.69 forced 0 unfill [] cdme 281.92 vs 266.07 (8.7s)
commit 22471d9 | 12T_ppr_SF | rounds 15
    B0 seat  1 r01 mixed RB  Jahmyr Gibbs            411.9 fs=241.72 wc=348.02  (0.6s)
    B0 seat  1 r02 mixed TE  Brock Bowers            310.2 fs=151.92 wc=222.63  (0.6s)
    B0 seat  1 r03 mixed RB  James Cook              317.9 fs=142.2 wc=253.88  (0.6s)
    B0 seat  1 r04 mixed RB  Omarion Hampton         280.5 fs=103.16 wc=215.98  (0.6s)
    B0 seat  1 r05 mixed TE  Colston Loveland        265.2 fs=102.63 wc=176.08  (0.6s)
    B0 seat  1 r06 mixed QB  C.J. Stroud             294.5 fs=91.39 wc=266.46  (0.7s)
    B0 seat  1 r07 mixed QB  Malik Willis            289.6 fs=82.78 wc=261.64  (0.6s)
    B0 seat  1 r08 mixed WR  Rome Odunze             212.4 fs=13.43 wc=47.37  (0.6s)
    B0 seat  1 r09 mixed WR  Jordan Addison          209.9 fs=6.52 wc=44.84  (0.6s)
    B0 seat  1 r10 BENCH WR  Courtland Sutton        199.7 fs=-10.53 wc=34.64  (0.6s)
    B0 seat  1 r11 BENCH WR  Marvin Harrison         199.5 fs=-15.95 wc=34.45  (0.7s)
    B0 seat  1 r12 BENCH WR  Devaughn Vele           165.0 fs=-49.08 wc=30.2  (0.6s)
    B0 seat  1 r13 BENCH WR  KC Concepcion           165.1 fs=-50.2 wc=30.44  (0.7s)
    B0 seat  1 r14 BENCH WR  De'Zhaun Stribling      134.6 fs=-81.42 wc=5.14  (0.6s)
    B0 seat  1 r15 BENCH WR  Makai Lemon             129.7 fs=-85.59 wc=2.14  (0.6s)
  == SELF       seat  1: {'RB': 3, 'TE': 2, 'QB': 2, 'WR': 8} order True/None lineup 2592.03 forced 0 unfill [] cdme 576.54 vs 461.33 (9.5s)
    B0 seat  1 r01 mixed RB  Jahmyr Gibbs            411.9 fs=241.72 wc=348.02  (0.6s)
    B0 seat  1 r02 mixed RB  James Cook              317.9 fs=142.13 wc=253.88  (0.6s)
    B0 seat  1 r03 mixed TE  Brock Bowers            310.2 fs=137.54 wc=222.63  (0.6s)
    B0 seat  1 r04 mixed QB  Tyler Shough            299.7 fs=96.55 wc=271.67  (0.6s)
    B0 seat  1 r05 mixed QB  C.J. Stroud             294.5 fs=79.88 wc=266.46  (0.6s)
    B0 seat  1 r06 mixed WR  Garrett Wilson          244.7 fs=38.69 wc=64.55  (0.6s)
    B0 seat  1 r07 mixed WR  Ladd McConkey           244.3 fs=34.32 wc=64.08  (0.6s)
    B0 seat  1 r08 mixed WR  Michael Wilson          213.7 fs=5.74 wc=46.5  (0.6s)
    B0 seat  1 r09 mixed WR  Rome Odunze             212.4 fs=3.9 wc=47.31  (0.6s)
    B0 seat  1 r10 BENCH WR  Courtland Sutton        199.7 fs=-16.39 wc=34.58  (0.7s)
    B0 seat  1 r11 BENCH WR  Marvin Harrison         199.5 fs=-14.99 wc=34.45  (0.6s)
    B0 seat  1 r12 BENCH WR  Devaughn Vele           165.0 fs=-48.0 wc=30.2  (0.7s)
    B0 seat  1 r13 BENCH WR  KC Concepcion           165.1 fs=-49.12 wc=30.44  (0.6s)
    B0 seat  1 r14 BENCH WR  De'Zhaun Stribling      134.6 fs=-80.34 wc=5.14  (0.6s)
    B0 seat  1 r15 BENCH WR  Makai Lemon             129.7 fs=-84.51 wc=2.14  (0.6s)
  == SHARED     seat  1: {'RB': 2, 'TE': 1, 'QB': 2, 'WR': 10} order True/None lineup 2549.12 forced 0 unfill [] cdme 443.41 vs 506.63 (9.3s)
    B0 seat  1 r01 mixed RB  Jahmyr Gibbs            411.9 fs=241.72 wc=348.02  (0.6s)
    B0 seat  1 r02 mixed RB  James Cook              317.9 fs=142.13 wc=253.88  (0.6s)
    B0 seat  1 r03 mixed TE  Brock Bowers            310.2 fs=137.54 wc=222.63  (0.6s)
    B0 seat  1 r04 mixed QB  Tyler Shough            299.7 fs=96.55 wc=271.67  (0.6s)
    B0 seat  1 r05 mixed QB  C.J. Stroud             294.5 fs=79.88 wc=266.46  (0.6s)
    B0 seat  1 r06 mixed WR  Garrett Wilson          244.7 fs=38.69 wc=64.55  (0.6s)
    B0 seat  1 r07 mixed WR  Ladd McConkey           244.3 fs=34.32 wc=64.08  (0.6s)
    B0 seat  1 r08 mixed WR  Michael Wilson          213.7 fs=5.74 wc=46.5  (0.6s)
    B0 seat  1 r09 mixed WR  Rome Odunze             212.4 fs=3.9 wc=47.31  (0.6s)
    B0 seat  1 r10 BENCH WR  Courtland Sutton        199.7 fs=-16.39 wc=34.58  (0.7s)
    B0 seat  1 r11 BENCH WR  Marvin Harrison         199.5 fs=-17.15 wc=34.45  (0.6s)
    B0 seat  1 r12 BENCH WR  Devaughn Vele           165.0 fs=-50.04 wc=30.2  (0.6s)
    B0 seat  1 r13 BENCH WR  KC Concepcion           165.1 fs=-51.16 wc=30.44  (0.6s)
    B0 seat  1 r14 BENCH WR  De'Zhaun Stribling      134.6 fs=-82.26 wc=5.14  (0.6s)
    B0 seat  1 r15 BENCH WR  Makai Lemon             129.7 fs=-86.43 wc=2.14  (0.6s)
  == SHARED_ND  seat  1: {'RB': 2, 'TE': 1, 'QB': 2, 'WR': 10} order True/None lineup 2549.12 forced 0 unfill [] cdme 443.41 vs 506.63 (9.2s)
    B0 seat  6 r01 mixed RB  Jonathan Taylor         355.9 fs=184.79 wc=292.05  (0.7s)
    B0 seat  6 r02 mixed TE  Brock Bowers            310.2 fs=151.98 wc=222.63  (0.6s)
    B0 seat  6 r03 mixed TE  Trey McBride            300.9 fs=138.88 wc=213.3  (0.6s)
    B0 seat  6 r04 mixed RB  Omarion Hampton         280.5 fs=107.04 wc=216.16  (0.6s)
    B0 seat  6 r05 mixed TE  Colston Loveland        265.2 fs=101.75 wc=176.08  (0.6s)
    B0 seat  6 r06 mixed QB  C.J. Stroud             294.5 fs=91.4 wc=264.46  (0.6s)
    B0 seat  6 r07 mixed QB  Malik Willis            289.6 fs=82.88 wc=259.64  (0.6s)
    B0 seat  6 r08 mixed WR  DJ Moore                216.2 fs=12.56 wc=43.25  (0.6s)
    B0 seat  6 r09 mixed WR  Carnell Tate            207.2 fs=4.6 wc=42.1  (0.6s)
    B0 seat  6 r10 BENCH WR  Brian Thomas            201.6 fs=-13.94 wc=36.57  (0.8s)
    B0 seat  6 r11 BENCH WR  Wan'Dale Robinson       190.0 fs=-24.39 wc=40.91  (0.6s)
    B0 seat  6 r12 BENCH WR  Rashid Shaheed          170.2 fs=-44.97 wc=34.75  (0.7s)
    B0 seat  6 r13 BENCH WR  Cooper Kupp             149.1 fs=-64.03 wc=14.47  (0.6s)
    B0 seat  6 r14 BENCH WR  De'Zhaun Stribling      134.6 fs=-79.93 wc=0.0  (0.7s)
    B0 seat  6 r15 BENCH WR  Jordyn Tyson            125.3 fs=-88.7 wc=2.16  (0.6s)
  == SELF       seat  6: {'RB': 2, 'TE': 3, 'QB': 2, 'WR': 8} order False/None lineup 2520.16 forced 0 unfill [] cdme 497.28 vs 512.56 (9.6s)
    B0 seat  6 r01 mixed RB  Jonathan Taylor         355.9 fs=184.79 wc=292.05  (0.7s)
    B0 seat  6 r02 mixed RB  De'Von Achane           318.2 fs=143.91 wc=254.16  (0.7s)
    B0 seat  6 r03 mixed TE  Brock Bowers            310.2 fs=137.57 wc=222.63  (0.7s)
    B0 seat  6 r04 mixed QB  Sam Darnold             307.2 fs=104.05 wc=277.21  (0.6s)
    B0 seat  6 r05 mixed QB  Malik Willis            289.6 fs=75.25 wc=261.64  (0.7s)
    B0 seat  6 r06 mixed WR  Mike Evans              246.7 fs=39.62 wc=66.54  (0.6s)
    B0 seat  6 r07 mixed WR  Davante Adams           230.5 fs=20.44 wc=57.5  (0.6s)
    B0 seat  6 r08 mixed WR  DJ Moore                216.2 fs=2.9 wc=43.25  (0.6s)
    B0 seat  6 r09 mixed WR  Rome Odunze             212.4 fs=1.45 wc=45.23  (0.6s)
    B0 seat  6 r10 BENCH WR  Carnell Tate            207.2 fs=-5.78 wc=34.17  (0.6s)
    B0 seat  6 r11 BENCH WR  Jakobi Meyers           194.5 fs=-19.78 wc=38.77  (0.7s)
    B0 seat  6 r12 BENCH RB  Jadarian Price          171.0 fs=-38.44 wc=74.96  (0.7s)
    B0 seat  6 r13 BENCH TE  Brenton Strange         157.8 fs=-58.24 wc=53.65  (0.6s)
    B0 seat  6 r14 BENCH WR  De'Zhaun Stribling      134.6 fs=-79.93 wc=0.0  (0.7s)
    B0 seat  6 r15 BENCH WR  Jordyn Tyson            125.3 fs=-88.7 wc=2.16  (0.7s)
  == SHARED     seat  6: {'RB': 3, 'TE': 2, 'QB': 2, 'WR': 8} order True/None lineup 2486.97 forced 0 unfill [] cdme 458.65 vs 477.23 (9.8s)
    B0 seat  6 r01 mixed RB  Jonathan Taylor         355.9 fs=184.79 wc=292.05  (0.7s)
    B0 seat  6 r02 mixed RB  De'Von Achane           318.2 fs=143.91 wc=254.16  (0.6s)
    B0 seat  6 r03 mixed TE  Brock Bowers            310.2 fs=137.57 wc=222.63  (0.7s)
    B0 seat  6 r04 mixed QB  Sam Darnold             307.2 fs=104.05 wc=277.21  (0.6s)
    B0 seat  6 r05 mixed QB  Malik Willis            289.6 fs=75.25 wc=261.64  (0.7s)
    B0 seat  6 r06 mixed WR  Mike Evans              246.7 fs=39.62 wc=66.54  (0.6s)
    B0 seat  6 r07 mixed WR  Davante Adams           230.5 fs=20.44 wc=57.5  (0.7s)
    B0 seat  6 r08 mixed WR  DJ Moore                216.2 fs=2.9 wc=43.25  (0.6s)
    B0 seat  6 r09 mixed WR  Rome Odunze             212.4 fs=1.45 wc=45.23  (0.7s)
    B0 seat  6 r10 BENCH WR  Carnell Tate            207.2 fs=-5.78 wc=34.17  (0.6s)
    B0 seat  6 r11 BENCH WR  Jakobi Meyers           194.5 fs=-21.7 wc=38.77  (0.8s)
    B0 seat  6 r12 BENCH RB  Jadarian Price          171.0 fs=-46.0 wc=74.96  (0.6s)
    B0 seat  6 r13 BENCH TE  Brenton Strange         157.8 fs=-64.72 wc=53.65  (0.7s)
    B0 seat  6 r14 BENCH WR  De'Zhaun Stribling      134.6 fs=-81.85 wc=0.0  (0.6s)
    B0 seat  6 r15 BENCH WR  Jordyn Tyson            125.3 fs=-90.62 wc=2.16  (0.6s)
  == SHARED_ND  seat  6: {'RB': 3, 'TE': 2, 'QB': 2, 'WR': 8} order True/None lineup 2486.97 forced 0 unfill [] cdme 458.65 vs 477.23 (10.1s)
    B0 seat 12 r01 mixed TE  Brock Bowers            310.2 fs=151.72 wc=222.63  (0.7s)
    B0 seat 12 r02 mixed QB  Brock Purdy             352.9 fs=149.48 wc=322.94  (0.6s)
    B0 seat 12 r03 mixed RB  Jeremiyah Love          288.5 fs=119.45 wc=224.47  (0.6s)
    B0 seat 12 r04 mixed RB  Kenneth Walker          283.5 fs=108.2 wc=219.51  (0.6s)
    B0 seat 12 r05 mixed RB  Javonte Williams        260.0 fs=83.73 wc=195.51  (0.6s)
    B0 seat 12 r06 mixed QB  Malik Willis            289.6 fs=82.79 wc=261.64  (0.6s)
    B0 seat 12 r07 mixed TE  George Kittle           224.5 fs=56.41 wc=134.51  (0.6s)
    B0 seat 12 r08 mixed WR  Alec Pierce             225.5 fs=19.8 wc=52.49  (0.6s)
    B0 seat 12 r09 mixed WR  Carnell Tate            207.2 fs=4.57 wc=42.1  (0.6s)
    B0 seat 12 r10 BENCH WR  Chris Godwin            206.7 fs=-2.48 wc=41.63  (0.6s)
    B0 seat 12 r11 BENCH WR  Tre Tucker              180.2 fs=-41.8 wc=41.22  (0.9s)
    B0 seat 12 r12 BENCH WR  Rashid Shaheed          170.2 fs=-43.12 wc=34.75  (0.7s)
    B0 seat 12 r13 BENCH WR  Cooper Kupp             149.1 fs=-63.07 wc=19.45  (0.7s)
    B0 seat 12 r14 BENCH RB  J.K. Dobbins            150.0 fs=-75.97 wc=53.92  (0.6s)
    B0 seat 12 r15 BENCH WR  Dontayvion Wicks        118.6 fs=-100.93 wc=0.0  (0.7s)
  == SELF       seat 12: {'TE': 2, 'QB': 2, 'RB': 4, 'WR': 7} order True/None lineup 2441.88 forced 0 unfill [] cdme 418.82 vs 475.44 (9.8s)
    B0 seat 12 r01 mixed TE  Brock Bowers            310.2 fs=151.72 wc=222.63  (0.7s)
    B0 seat 12 r02 mixed QB  Brock Purdy             352.9 fs=149.48 wc=322.94  (0.6s)
    B0 seat 12 r03 mixed RB  Jeremiyah Love          288.5 fs=119.45 wc=224.47  (0.7s)
    B0 seat 12 r04 mixed QB  Sam Darnold             307.2 fs=100.07 wc=277.21  (0.6s)
    B0 seat 12 r05 mixed WR  Terry McLaurin          261.1 fs=52.7 wc=72.92  (0.6s)
    B0 seat 12 r06 mixed RB  Javonte Williams        260.0 fs=49.66 wc=195.51  (0.6s)
    B0 seat 12 r07 mixed WR  Alec Pierce             225.5 fs=15.82 wc=52.49  (0.6s)
    B0 seat 12 r08 mixed RB  Bucky Irving            223.6 fs=7.87 wc=159.07  (0.6s)
    B0 seat 12 r09 mixed WR  Chris Godwin            206.7 fs=-2.79 wc=41.69  (0.7s)
    B0 seat 12 r10 BENCH WR  Brian Thomas            201.6 fs=-7.22 wc=36.63  (0.6s)
    B0 seat 12 r11 BENCH TE  Dallas Goedert          183.1 fs=-39.47 wc=78.91  (0.8s)
    B0 seat 12 r12 BENCH RB  Jadarian Price          171.0 fs=-37.88 wc=81.63  (0.6s)
    B0 seat 12 r13 BENCH WR  Cooper Kupp             149.1 fs=-65.11 wc=19.45  (0.7s)
    B0 seat 12 r14 BENCH RB  J.K. Dobbins            150.0 fs=-68.09 wc=53.92  (0.6s)
    B0 seat 12 r15 BENCH WR  Dontayvion Wicks        118.6 fs=-102.97 wc=0.0  (0.7s)
  == SHARED     seat 12: {'TE': 2, 'QB': 2, 'RB': 5, 'WR': 6} order True/None lineup 2435.62 forced 0 unfill [] cdme 447.54 vs 464.52 (9.7s)
    B0 seat 12 r01 mixed TE  Brock Bowers            310.2 fs=151.72 wc=222.63  (0.7s)
    B0 seat 12 r02 mixed QB  Brock Purdy             352.9 fs=149.48 wc=322.94  (0.7s)
    B0 seat 12 r03 mixed RB  Jeremiyah Love          288.5 fs=119.45 wc=224.47  (0.6s)
    B0 seat 12 r04 mixed QB  Sam Darnold             307.2 fs=100.07 wc=277.21  (0.6s)
    B0 seat 12 r05 mixed WR  Terry McLaurin          261.1 fs=52.7 wc=72.92  (0.7s)
    B0 seat 12 r06 mixed RB  Javonte Williams        260.0 fs=49.66 wc=195.51  (0.7s)
    B0 seat 12 r07 mixed WR  Alec Pierce             225.5 fs=15.82 wc=52.49  (0.7s)
    B0 seat 12 r08 mixed RB  Bucky Irving            223.6 fs=7.87 wc=159.07  (0.6s)
    B0 seat 12 r09 mixed WR  Chris Godwin            206.7 fs=-2.79 wc=41.69  (0.7s)
    B0 seat 12 r10 BENCH WR  Brian Thomas            201.6 fs=-7.22 wc=36.63  (0.6s)
    B0 seat 12 r11 BENCH TE  Dallas Goedert          183.1 fs=-39.47 wc=78.91  (0.8s)
    B0 seat 12 r12 BENCH WR  Tre Tucker              180.2 fs=-41.91 wc=44.7  (0.6s)
    B0 seat 12 r13 BENCH WR  Cooper Kupp             149.1 fs=-65.95 wc=19.45  (0.7s)
    B0 seat 12 r14 BENCH RB  J.K. Dobbins            150.0 fs=-75.05 wc=53.35  (0.6s)
    B0 seat 12 r15 BENCH WR  Dontayvion Wicks        118.6 fs=-103.81 wc=0.0  (0.7s)
  == SHARED_ND  seat 12: {'TE': 2, 'QB': 2, 'RB': 4, 'WR': 7} order True/None lineup 2435.62 forced 0 unfill [] cdme 415.4 vs 464.52 (10.0s)
commit 22471d9 | OWNER_3RR_SF_noTE | rounds 14
    B0 seat  1 r01 mixed RB  Christian McCaffrey     413.2 fs=267.54 wc=364.48  (0.6s)
    B0 seat  1 r02 mixed RB  De'Von Achane           318.2 fs=168.46 wc=270.73  (0.6s)
    B0 seat  1 r03 mixed RB  Jeremiyah Love          288.5 fs=134.77 wc=239.71  (0.6s)
    B0 seat  1 r04 mixed RB  Kenneth Walker          283.5 fs=129.03 wc=232.79  (0.6s)
    B0 seat  1 r05 mixed RB  Kyren Williams          263.7 fs=108.96 wc=212.6  (0.7s)
    B0 seat  1 r06 mixed RB  Breece Hall             261.4 fs=111.35 wc=210.63  (0.6s)
    B0 seat  1 r07 mixed QB  C.J. Stroud             294.5 fs=91.81 wc=199.27  (0.6s)
    B0 seat  1 r08 mixed QB  Malik Willis            289.6 fs=29.14 wc=194.45  (0.6s)
    B0 seat  1 r09 mixed WR  Chris Godwin            206.7 fs=15.06 wc=41.69  (0.7s)
    B0 seat  1 r10 mixed WR  Quentin Johnston        204.4 fs=10.29 wc=39.36  (0.6s)
    B0 seat  1 r11 BENCH WR  Wan'Dale Robinson       190.0 fs=-11.8 wc=29.18  (0.7s)
    B0 seat  1 r12 BENCH WR  Matthew Golden          188.2 fs=-21.04 wc=27.34  (0.7s)
    B0 seat  1 r13 BENCH WR  Jauan Jennings          151.0 fs=-58.44 wc=12.02  (0.7s)
    B0 seat  1 r14 BENCH WR  Cooper Kupp             149.1 fs=-60.33 wc=13.61  (0.6s)
  == SELF       seat  1: {'RB': 6, 'QB': 2, 'WR': 6} order True/True lineup 2562.21 forced 0 unfill [] cdme 899.17 vs 725.54 (9.2s)
    B0 seat  1 r01 mixed RB  Christian McCaffrey     413.2 fs=267.54 wc=364.48  (0.7s)
    B0 seat  1 r02 mixed RB  De'Von Achane           318.2 fs=168.46 wc=270.73  (0.6s)
    B0 seat  1 r03 mixed QB  Sam Darnold             307.2 fs=104.56 wc=212.02  (0.7s)
    B0 seat  1 r04 mixed WR  A.J. Brown              303.7 fs=102.8 wc=142.88  (0.6s)
    B0 seat  1 r05 mixed QB  Malik Willis            289.6 fs=80.58 wc=233.64  (0.7s)
    B0 seat  1 r06 mixed WR  Tetairoa McMillan       264.3 fs=59.42 wc=99.32  (0.6s)
    B0 seat  1 r07 mixed WR  Davante Adams           230.5 fs=7.0 wc=65.43  (0.7s)
    B0 seat  1 r08 mixed TE  Mark Andrews            229.3 fs=5.55 wc=14.63  (0.6s)
    B0 seat  1 r09 mixed QB  Daniel Jones            281.9 fs=-7.75 wc=154.89  (0.8s)
    B0 seat  1 r10 mixed QB  Bryce Young             265.0 fs=-23.9 wc=169.83  (0.6s)
    B0 seat  1 r11 mixed RB  RJ Harvey               192.7 fs=-52.87 wc=103.36  (0.6s)
    B0 seat  1 r12 BENCH RB  Rachaad White           192.0 fs=-54.35 wc=102.66  (0.7s)
    B0 seat  1 r13 BENCH RB  Aaron Jones             154.7 fs=-92.55 wc=29.95  (0.6s)
    B0 seat  1 r14 BENCH RB  Blake Corum             154.7 fs=-92.69 wc=49.53  (0.7s)
  == SHARED     seat  1: {'RB': 6, 'QB': 4, 'WR': 3, 'TE': 1} order False/False lineup 2548.8 forced 0 unfill [] cdme 955.07 vs 693.2 (9.2s)
    B0 seat  1 r01 mixed RB  Christian McCaffrey     413.2 fs=267.54 wc=364.48  (0.7s)
    B0 seat  1 r02 mixed RB  De'Von Achane           318.2 fs=168.46 wc=270.73  (0.7s)
    B0 seat  1 r03 mixed QB  Sam Darnold             307.2 fs=104.56 wc=212.02  (0.6s)
    B0 seat  1 r04 mixed WR  A.J. Brown              303.7 fs=102.8 wc=142.88  (0.7s)
    B0 seat  1 r05 mixed QB  Malik Willis            289.6 fs=80.58 wc=233.64  (0.6s)
    B0 seat  1 r06 mixed WR  Tetairoa McMillan       264.3 fs=59.42 wc=99.32  (0.6s)
    B0 seat  1 r07 mixed WR  Davante Adams           230.5 fs=7.0 wc=65.43  (0.6s)
    B0 seat  1 r08 mixed TE  Mark Andrews            229.3 fs=5.55 wc=14.63  (0.7s)
    B0 seat  1 r09 mixed QB  Daniel Jones            281.9 fs=-7.75 wc=154.89  (0.8s)
    B0 seat  1 r10 mixed QB  Bryce Young             265.0 fs=-24.62 wc=169.83  (0.7s)
    B0 seat  1 r11 mixed RB  RJ Harvey               192.7 fs=-60.43 wc=103.36  (0.7s)
    B0 seat  1 r12 BENCH RB  Rachaad White           192.0 fs=-61.91 wc=102.66  (0.7s)
    B0 seat  1 r13 BENCH RB  Aaron Jones             154.7 fs=-99.39 wc=29.95  (0.6s)
    B0 seat  1 r14 BENCH RB  Blake Corum             154.7 fs=-99.41 wc=49.53  (0.7s)
  == SHARED_ND  seat  1: {'RB': 6, 'QB': 4, 'WR': 3, 'TE': 1} order False/False lineup 2548.8 forced 0 unfill [] cdme 955.07 vs 693.2 (9.2s)
    B0 seat  6 r01 mixed RB  Jonathan Taylor         355.9 fs=210.22 wc=307.16  (0.6s)
    B0 seat  6 r02 mixed RB  De'Von Achane           318.2 fs=168.46 wc=270.73  (0.7s)
    B0 seat  6 r03 mixed RB  Jeremiyah Love          288.5 fs=134.77 wc=239.71  (0.6s)
    B0 seat  6 r04 mixed RB  Kenneth Walker          283.5 fs=129.03 wc=232.45  (0.7s)
    B0 seat  6 r05 mixed RB  Derrick Henry           274.1 fs=119.38 wc=223.36  (0.6s)
    B0 seat  6 r06 mixed RB  Cam Skattebo            249.9 fs=99.95 wc=198.89  (0.6s)
    B0 seat  6 r07 mixed QB  C.J. Stroud             294.5 fs=91.81 wc=199.27  (0.6s)
    B0 seat  6 r08 mixed QB  Malik Willis            289.6 fs=40.54 wc=194.45  (0.6s)
    B0 seat  6 r09 mixed WR  Michael Wilson          213.7 fs=22.01 wc=48.58  (0.6s)
    B0 seat  6 r10 mixed WR  Chris Godwin            206.7 fs=13.34 wc=39.55  (0.6s)
    B0 seat  6 r11 BENCH WR  Courtland Sutton        199.7 fs=-3.77 wc=34.58  (0.8s)
    B0 seat  6 r12 BENCH WR  Tre Tucker              180.2 fs=-28.78 wc=19.36  (0.6s)
    B0 seat  6 r13 BENCH WR  Kayshon Boutte          160.8 fs=-48.36 wc=11.73  (0.7s)
    B0 seat  6 r14 BENCH WR  Ryan Flournoy           139.0 fs=-70.22 wc=0.0  (0.6s)
  == SELF       seat  6: {'RB': 6, 'QB': 2, 'WR': 6} order True/True lineup 2524.59 forced 0 unfill [] cdme 851.52 vs 614.78 (9.0s)
    B0 seat  6 r01 mixed RB  Jonathan Taylor         355.9 fs=210.22 wc=307.16  (0.7s)
    B0 seat  6 r02 mixed RB  De'Von Achane           318.2 fs=168.46 wc=270.73  (0.6s)
    B0 seat  6 r03 mixed QB  Justin Herbert          315.1 fs=112.5 wc=219.96  (0.7s)
    B0 seat  6 r04 mixed WR  Rashee Rice             295.5 fs=94.6 wc=134.68  (0.6s)
    B0 seat  6 r05 mixed QB  Malik Willis            289.6 fs=80.58 wc=194.45  (0.7s)
    B0 seat  6 r06 mixed WR  Jameson Williams        259.2 fs=54.27 wc=94.17  (0.6s)
    B0 seat  6 r07 mixed WR  Malik Nabers            242.8 fs=19.27 wc=77.7  (0.6s)
    B0 seat  6 r08 mixed TE  Jake Ferguson           227.4 fs=9.77 wc=15.85  (0.6s)
    B0 seat  6 r09 mixed QB  Daniel Jones            281.9 fs=-7.75 wc=186.7  (0.7s)
    B0 seat  6 r10 mixed TE  Dallas Goedert          214.7 fs=-36.29 wc=9.89  (0.6s)
    B0 seat  6 r11 BENCH WR  Deebo Samuel            197.8 fs=-47.93 wc=32.79  (0.6s)
    B0 seat  6 r12 BENCH RB  Chuba Hubbard           185.6 fs=-59.91 wc=96.32  (0.7s)
    B0 seat  6 r13 BENCH RB  Jacory Croskey-Merritt  163.8 fs=-84.07 wc=58.82  (0.6s)
    B0 seat  6 r14 BENCH RB  Tyjae Spears            142.2 fs=-105.98 wc=37.25  (0.7s)
  == SHARED     seat  6: {'RB': 5, 'QB': 3, 'WR': 4, 'TE': 2} order False/True lineup 2518.43 forced 0 unfill [] cdme 745.97 vs 587.28 (9.2s)
    B0 seat  6 r01 mixed RB  Jonathan Taylor         355.9 fs=210.22 wc=307.16  (0.6s)
    B0 seat  6 r02 mixed RB  De'Von Achane           318.2 fs=168.46 wc=270.73  (0.6s)
    B0 seat  6 r03 mixed QB  Justin Herbert          315.1 fs=112.5 wc=219.96  (0.6s)
    B0 seat  6 r04 mixed WR  Rashee Rice             295.5 fs=94.6 wc=134.68  (0.6s)
    B0 seat  6 r05 mixed QB  Malik Willis            289.6 fs=80.58 wc=194.45  (0.6s)
    B0 seat  6 r06 mixed WR  Jameson Williams        259.2 fs=54.27 wc=94.17  (0.6s)
    B0 seat  6 r07 mixed WR  Malik Nabers            242.8 fs=19.27 wc=77.7  (0.6s)
    B0 seat  6 r08 mixed TE  Jake Ferguson           227.4 fs=9.77 wc=15.85  (0.6s)
    B0 seat  6 r09 mixed QB  Daniel Jones            281.9 fs=-7.75 wc=186.7  (0.7s)
    B0 seat  6 r10 mixed TE  Dallas Goedert          214.7 fs=-39.41 wc=9.89  (0.7s)
    B0 seat  6 r11 BENCH WR  Deebo Samuel            197.8 fs=-56.09 wc=32.79  (0.6s)
    B0 seat  6 r12 BENCH RB  Chuba Hubbard           185.6 fs=-67.47 wc=96.32  (0.7s)
    B0 seat  6 r13 BENCH RB  Jacory Croskey-Merritt  163.8 fs=-90.07 wc=58.82  (0.6s)
    B0 seat  6 r14 BENCH TE  Greg Dulcich            146.5 fs=-107.63 wc=0.0  (0.7s)
  == SHARED_ND  seat  6: {'RB': 4, 'QB': 3, 'WR': 4, 'TE': 3} order True/True lineup 2518.43 forced 0 unfill [] cdme 650.79 vs 586.42 (8.8s)
    B0 seat 12 r01 mixed RB  Jonathan Taylor         355.9 fs=210.22 wc=308.49  (0.6s)
    B0 seat 12 r02 mixed RB  De'Von Achane           318.2 fs=168.46 wc=270.73  (0.7s)
    B0 seat 12 r03 mixed RB  James Cook              317.9 fs=164.18 wc=270.45  (0.6s)
    B0 seat 12 r04 mixed RB  Kenneth Walker          283.5 fs=129.03 wc=232.45  (0.7s)
    B0 seat 12 r05 mixed RB  Omarion Hampton         280.5 fs=125.76 wc=229.74  (0.6s)
    B0 seat 12 r06 mixed RB  Jaylen Warren           245.9 fs=95.95 wc=191.02  (0.6s)
    B0 seat 12 r07 mixed QB  C.J. Stroud             294.5 fs=91.81 wc=199.27  (0.6s)
    B0 seat 12 r08 mixed QB  Malik Willis            289.6 fs=44.54 wc=162.64  (0.6s)
    B0 seat 12 r09 mixed WR  DK Metcalf              217.1 fs=18.88 wc=46.81  (0.6s)
    B0 seat 12 r10 mixed WR  Carnell Tate            207.2 fs=13.81 wc=34.17  (0.6s)
    B0 seat 12 r11 BENCH WR  Chris Godwin            206.7 fs=4.61 wc=33.7  (0.6s)
    B0 seat 12 r12 BENCH WR  Rashid Shaheed          170.2 fs=-36.93 wc=14.48  (0.7s)
    B0 seat 12 r13 BENCH WR  Keenan Allen            167.2 fs=-40.24 wc=11.39  (0.7s)
    B0 seat 12 r14 BENCH WR  Rashod Bateman          134.8 fs=-72.58 wc=0.0  (0.6s)
  == SELF       seat 12: {'RB': 6, 'QB': 2, 'WR': 6} order True/True lineup 2564.25 forced 0 unfill [] cdme 886.44 vs 738.15 (8.7s)
    B0 seat 12 r01 mixed RB  Jonathan Taylor         355.9 fs=210.22 wc=308.49  (0.7s)
    B0 seat 12 r02 mixed RB  De'Von Achane           318.2 fs=168.46 wc=270.73  (0.6s)
    B0 seat 12 r03 mixed WR  Nico Collins            325.6 fs=124.7 wc=164.78  (0.6s)
    B0 seat 12 r04 mixed QB  C.J. Stroud             294.5 fs=89.4 wc=238.46  (0.6s)
    B0 seat 12 r05 mixed QB  Malik Willis            289.6 fs=80.58 wc=233.64  (0.6s)
    B0 seat 12 r06 mixed WR  Jayden Reed             248.2 fs=43.32 wc=83.16  (0.6s)
    B0 seat 12 r07 mixed RB  Cam Skattebo            249.9 fs=26.45 wc=192.35  (0.6s)
    B0 seat 12 r08 mixed TE  Dalton Schultz          218.3 fs=0.72 wc=13.54  (0.6s)
    B0 seat 12 r09 mixed QB  Daniel Jones            281.9 fs=-7.75 wc=186.7  (0.7s)
    B0 seat 12 r10 mixed WR  Quentin Johnston        204.4 fs=-37.62 wc=37.22  (0.6s)
    B0 seat 12 r11 BENCH RB  Bhayshul Tuten          201.4 fs=-40.76 wc=128.8  (0.6s)
    B0 seat 12 r12 BENCH RB  Jadarian Price          171.0 fs=-72.43 wc=74.96  (0.7s)
    B0 seat 12 r13 BENCH WR  Rashid Shaheed          170.2 fs=-74.09 wc=14.48  (0.6s)
    B0 seat 12 r14 BENCH RB  Woody Marks             135.3 fs=-108.63 wc=38.67  (0.7s)
  == SHARED     seat 12: {'RB': 6, 'WR': 4, 'QB': 3, 'TE': 1} order False/False lineup 2504.69 forced 0 unfill [] cdme 820.14 vs 865.84 (8.9s)
    B0 seat 12 r01 mixed RB  Jonathan Taylor         355.9 fs=210.22 wc=308.49  (0.6s)
    B0 seat 12 r02 mixed RB  De'Von Achane           318.2 fs=168.46 wc=270.73  (0.7s)
    B0 seat 12 r03 mixed WR  Nico Collins            325.6 fs=124.7 wc=164.78  (0.6s)
    B0 seat 12 r04 mixed QB  C.J. Stroud             294.5 fs=89.4 wc=238.46  (0.6s)
    B0 seat 12 r05 mixed QB  Malik Willis            289.6 fs=80.58 wc=233.64  (0.6s)
    B0 seat 12 r06 mixed WR  Jayden Reed             248.2 fs=43.32 wc=83.16  (0.7s)
    B0 seat 12 r07 mixed RB  Cam Skattebo            249.9 fs=26.45 wc=192.35  (0.6s)
    B0 seat 12 r08 mixed TE  Dalton Schultz          218.3 fs=0.72 wc=13.54  (0.7s)
    B0 seat 12 r09 mixed QB  Daniel Jones            281.9 fs=-7.75 wc=186.7  (0.7s)
    B0 seat 12 r10 mixed WR  Quentin Johnston        204.4 fs=-44.58 wc=37.22  (0.7s)
    B0 seat 12 r11 BENCH WR  Brian Thomas            201.6 fs=-48.09 wc=34.49  (0.6s)
    B0 seat 12 r12 BENCH RB  Jadarian Price          171.0 fs=-78.69 wc=74.96  (0.7s)
    B0 seat 12 r13 BENCH WR  Rashid Shaheed          170.2 fs=-79.71 wc=19.25  (0.7s)
    B0 seat 12 r14 BENCH RB  Woody Marks             135.3 fs=-114.63 wc=30.32  (0.7s)
  == SHARED_ND  seat 12: {'RB': 5, 'WR': 5, 'QB': 3, 'TE': 1} order True/True lineup 2504.69 forced 0 unfill [] cdme 765.16 vs 865.84 (9.2s)
